Archive member included to satisfy reference by file (symbol)

D:\nicol\Documents\Atmel Studio\7.0\Mensagens\libudev_sigfox_edk.a(gpio.o)
                              main.o (fnGPIO_LED_Toggle)
D:\nicol\Documents\Atmel Studio\7.0\Mensagens\libudev_sigfox_edk.a(radio.o)
                              main.o (fnRADIO_Init)
D:\nicol\Documents\Atmel Studio\7.0\Mensagens\libudev_sigfox_edk.a(uart_sigfox.o)
                              D:\nicol\Documents\Atmel Studio\7.0\Mensagens\libudev_sigfox_edk.a(radio.o) (fnUART_SIGFOX_Init)
D:\nicol\Documents\Atmel Studio\7.0\Mensagens\libudev_sigfox_edk.a(usart.o)
                              D:\nicol\Documents\Atmel Studio\7.0\Mensagens\libudev_sigfox_edk.a(uart_sigfox.o) (usart_init)
D:\nicol\Documents\Atmel Studio\7.0\Mensagens\libudev_sigfox_edk.a(sercom.o)
                              D:\nicol\Documents\Atmel Studio\7.0\Mensagens\libudev_sigfox_edk.a(usart.o) (_sercom_get_sync_baud_val)
D:\nicol\Documents\Atmel Studio\7.0\Mensagens\libudev_sigfox_edk.a(tc.o)
                              D:\nicol\Documents\Atmel Studio\7.0\Mensagens\libudev_sigfox_edk.a(radio.o) (tc_init)
D:\nicol\Documents\Atmel Studio\7.0\Mensagens\libudev_sigfox_edk.a(port.o)
                              D:\nicol\Documents\Atmel Studio\7.0\Mensagens\libudev_sigfox_edk.a(gpio.o) (port_pin_set_config)
D:\nicol\Documents\Atmel Studio\7.0\Mensagens\libudev_sigfox_edk.a(ring_buffer_byte.o)
                              D:\nicol\Documents\Atmel Studio\7.0\Mensagens\libudev_sigfox_edk.a(uart_sigfox.o) (fnRING_BUFFER_BYTE_Insert)
D:\nicol\Documents\Atmel Studio\7.0\Mensagens\libudev_sigfox_edk.a(debug.o)
                              main.o (fnDEBUG_Const_String)
D:\nicol\Documents\Atmel Studio\7.0\Mensagens\libudev_sigfox_edk.a(delay_loop.o)
                              main.o (fnDELAY_LOOP_ms)
D:\nicol\Documents\Atmel Studio\7.0\Mensagens\libudev_sigfox_edk.a(system_timer.o)
                              D:\nicol\Documents\Atmel Studio\7.0\Mensagens\libudev_sigfox_edk.a(radio.o) (fnTIMER_Stop)
D:\nicol\Documents\Atmel Studio\7.0\Mensagens\libudev_sigfox_edk.a(string_utils.o)
                              D:\nicol\Documents\Atmel Studio\7.0\Mensagens\libudev_sigfox_edk.a(debug.o) (fnConvert_8bitHex_To_Decimal_Ascii_String)
D:\nicol\Documents\Atmel Studio\7.0\Mensagens\libudev_sigfox_edk.a(port_debug.o)
                              D:\nicol\Documents\Atmel Studio\7.0\Mensagens\libudev_sigfox_edk.a(debug.o) (fnDEBUG_PORT_Send_String)
D:\nicol\Documents\Atmel Studio\7.0\Mensagens\libudev_sigfox_edk.a(port_delay_loop.o)
                              D:\nicol\Documents\Atmel Studio\7.0\Mensagens\libudev_sigfox_edk.a(delay_loop.o) (fnDELAY_LOOP_PORT_us)
D:\nicol\Documents\Atmel Studio\7.0\Mensagens\libudev_sigfox_edk.a(port_input_digital.o)
                              D:\nicol\Documents\Atmel Studio\7.0\Mensagens\libudev_sigfox_edk.a(radio.o) (fnINPUT_Get_Radio_Cpu)
D:\nicol\Documents\Atmel Studio\7.0\Mensagens\libudev_sigfox_edk.a(rtc.o)
                              propria.o (fnRTC_Get_Count)
D:\nicol\Documents\Atmel Studio\7.0\Mensagens\libudev_sigfox_edk.a(gclk.o)
                              D:\nicol\Documents\Atmel Studio\7.0\Mensagens\libudev_sigfox_edk.a(usart.o) (system_gclk_chan_set_config)
D:\nicol\Documents\Atmel Studio\7.0\Mensagens\libudev_sigfox_edk.a(pinmux.o)
                              D:\nicol\Documents\Atmel Studio\7.0\Mensagens\libudev_sigfox_edk.a(usart.o) (system_pinmux_pin_set_config)
D:\nicol\Documents\Atmel Studio\7.0\Mensagens\libudev_sigfox_edk.a(main.o)
                              D:\nicol\Documents\Atmel Studio\7.0\Mensagens\libudev_sigfox_edk.a(radio.o) (un_system_flags)
D:\nicol\Documents\Atmel Studio\7.0\Mensagens\libudev_sigfox_edk.a(app.o)
                              D:\nicol\Documents\Atmel Studio\7.0\Mensagens\libudev_sigfox_edk.a(main.o) (fnAPP_Process_Events)
D:\nicol\Documents\Atmel Studio\7.0\Mensagens\libudev_sigfox_edk.a(security.o)
                              D:\nicol\Documents\Atmel Studio\7.0\Mensagens\libudev_sigfox_edk.a(app.o) (fnSECURITY_Init)
D:\nicol\Documents\Atmel Studio\7.0\Mensagens\libudev_sigfox_edk.a(interrupt_sam_nvic.o)
                              D:\nicol\Documents\Atmel Studio\7.0\Mensagens\libudev_sigfox_edk.a(app.o) (g_interrupt_enabled)
D:\nicol\Documents\Atmel Studio\7.0\Mensagens\libudev_sigfox_edk.a(event.o)
                              D:\nicol\Documents\Atmel Studio\7.0\Mensagens\libudev_sigfox_edk.a(app.o) (fnEVENT_Init)
D:\nicol\Documents\Atmel Studio\7.0\Mensagens\libudev_sigfox_edk.a(one_wire.o)
                              D:\nicol\Documents\Atmel Studio\7.0\Mensagens\libudev_sigfox_edk.a(app.o) (fnONE_WIRE_Init)
D:\nicol\Documents\Atmel Studio\7.0\Mensagens\libudev_sigfox_edk.a(port_one_wire.o)
                              D:\nicol\Documents\Atmel Studio\7.0\Mensagens\libudev_sigfox_edk.a(one_wire.o) (fnONE_WIRE_PORT_Config_Pin)
D:\nicol\Documents\Atmel Studio\7.0\Mensagens\libudev_sigfox_edk.a(rtc_count.o)
[...]
Memory Configuration

Name             Origin             Length             Attributes
rom              0x00006000         0x00040000         xr
ram              0x20000000         0x00008000         xrw
*default*        0x00000000         0xffffffff

Linker script and memory map

LOAD d:/program files (x86)/atmel/studio/7.0/toolchain/arm/arm-gnu-toolchain/bin/../lib/gcc/arm-none-eabi/6.3.1/thumb/v6-m/crti.o
LOAD d:/program files (x86)/atmel/studio/7.0/toolchain/arm/arm-gnu-toolchain/bin/../lib/gcc/arm-none-eabi/6.3.1/thumb/v6-m/crtbegin.o
LOAD d:/program files (x86)/atmel/studio/7.0/toolchain/arm/arm-gnu-toolchain/bin/../lib/gcc/arm-none-eabi/6.3.1/../../../../arm-none-eabi/lib/thumb/v6-m/crt0.o
LOAD propria.o
LOAD Device_Startup/startup_samd21.o
LOAD main.o
START GROUP
LOAD d:/program files (x86)/atmel/studio/7.0/toolchain/arm/arm-gnu-toolchain/bin/../lib/gcc/arm-none-eabi/6.3.1/../../../../arm-none-eabi/lib/thumb/v6-m\libm.a
LOAD D:\nicol\Documents\Atmel Studio\7.0\Mensagens\libudev_sigfox_edk.a
END GROUP
Address of section .text set to 0x6000
START GROUP
LOAD d:/program files (x86)/atmel/studio/7.0/toolchain/arm/arm-gnu-toolchain/bin/../lib/gcc/arm-none-eabi/6.3.1/thumb/v6-m\libgcc.a
LOAD d:/program files (x86)/atmel/studio/7.0/toolchain/arm/arm-gnu-toolchain/bin/../lib/gcc/arm-none-eabi/6.3.1/../../../../arm-none-eabi/lib/thumb/v6-m\libc.a
END GROUP
LOAD d:/program files (x86)/atmel/studio/7.0/toolchain/arm/arm-gnu-toolchain/bin/../lib/gcc/arm-none-eabi/6.3.1/thumb/v6-m/crtend.o
LOAD d:/program files (x86)/atmel/studio/7.0/toolchain/arm/arm-gnu-toolchain/bin/../lib/gcc/arm-none-eabi/6.3.1/thumb/v6-m/crtn.o
                0x00002000                STACK_SIZE = DEFINED (STACK_SIZE)?STACK_SIZE:DEFINED (__stack_size__)?__stack_size__:0x2000

.text           0x00006000     0xc5a4
                0x00006000                . = ALIGN (0x4)
                0x00006000                _sfixed = .
 *(.vectors .vectors.*)
 .vectors       0x00006000       0xb4 Device_Startup/startup_samd21.o
                0x00006000                exception_table
 *(.text .text.* .gnu.linkonce.t.*)
 .text          0x000060b4       0x60 d:/program files (x86)/atmel/studio/7.0/toolchain/arm/arm-gnu-toolchain/bin/../lib/gcc/arm-none-eabi/6.3.1/thumb/v6-m/crtbegin.o
 .text.convert_int_to_string
                0x00006114       0x64 propria.o
                0x00006114                convert_int_to_string
 .text.send_message
                0x00006178       0x34 propria.o
                0x00006178                send_message
 .text.Dummy_Handler
                0x000061ac        0x2 Device_Startup/startup_samd21.o
                0x000061ac                DMAC_Handler
                0x000061ac                HardFault_Handler
                0x000061ac                AC_Handler
                0x000061ac                PendSV_Handler
                0x000061ac                NMI_Handler
                0x000061ac                SERCOM1_Handler
                0x000061ac                ADC_Handler
                0x000061ac                TCC1_Handler
                0x000061ac                SERCOM2_Handler
                0x000061ac                TCC0_Handler
                0x000061ac                WDT_Handler
                0x000061ac                TC4_Handler
                0x000061ac                Dummy_Handler
                0x000061ac                PM_Handler
                0x000061ac                SERCOM5_Handler
                0x000061ac                SVC_Handler
                0x000061ac                TCC2_Handler
                0x000061ac                EVSYS_Handler
                0x000061ac                SERCOM4_Handler
                0x000061ac                I2S_Handler
                0x000061ac                NVMCTRL_Handler
                0x000061ac                SERCOM0_Handler
                0x000061ac                DAC_Handler
                0x000061ac                PTC_Handler
                0x000061ac                TC5_Handler
                0x000061ac                SYSCTRL_Handler
 *fill*         0x000061ae        0x2 
 .text.Reset_Handler
                0x000061b0       0xe4 Device_Startup/startup_samd21.o
                0x000061b0                Reset_Handler
 .text.fnUSER_Setup
                0x00006294       0x18 main.o
                0x00006294                fnUSER_Setup
 .text.fnUSER_Loop
                0x000062ac       0x8c main.o
                0x000062ac                fnUSER_Loop
 .text.fnGPIO_LED_Toggle
                0x00006338       0x18 D:\nicol\Documents\Atmel Studio\7.0\Mensagens\libudev_sigfox_edk.a(gpio.o)
                0x00006338                fnGPIO_LED_Toggle
 .text.system_interrupt_enable
                0x00006350       0x2c D:\nicol\Documents\Atmel Studio\7.0\Mensagens\libudev_sigfox_edk.a(radio.o)
 .text.tc_get_config_defaults
                0x0000637c       0x88 D:\nicol\Documents\Atmel Studio\7.0\Mensagens\libudev_sigfox_edk.a(radio.o)
 .text.fnRADIO_Init
                0x00006404      0x16c D:\nicol\Documents\Atmel Studio\7.0\Mensagens\libudev_sigfox_edk.a(radio.o)
                0x00006404                fnRADIO_Init
 .text.fnRADIO_Check_Comm
                0x00006570       0xb8 D:\nicol\Documents\Atmel Studio\7.0\Mensagens\libudev_sigfox_edk.a(radio.o)
                0x00006570                fnRADIO_Check_Comm
 .text.fnRADIO_Get_Info_Pool_Mode
                0x00006628       0xf8 D:\nicol\Documents\Atmel Studio\7.0\Mensagens\libudev_sigfox_edk.a(radio.o)
                0x00006628                fnRADIO_Get_Info_Pool_Mode
 .text.fnRADIO_Set_Sleep_Mode
                0x00006720       0xac D:\nicol\Documents\Atmel Studio\7.0\Mensagens\libudev_sigfox_edk.a(radio.o)
                0x00006720                fnRADIO_Set_Sleep_Mode
 .text.fnRADIO_Send_Message
                0x000067cc      0x21c D:\nicol\Documents\Atmel Studio\7.0\Mensagens\libudev_sigfox_edk.a(radio.o)
                0x000067cc                fnRADIO_Send_Message
 .text.fnRADIO_Process_Packet_Received
                0x000069e8       0xf4 D:\nicol\Documents\Atmel Studio\7.0\Mensagens\libudev_sigfox_edk.a(radio.o)
                0x000069e8                fnRADIO_Process_Packet_Received
 .text.fnRADIO_Process_Timeout
                0x00006adc       0x50 D:\nicol\Documents\Atmel Studio\7.0\Mensagens\libudev_sigfox_edk.a(radio.o)
                0x00006adc                fnRADIO_Process_Timeout
 .text.fnRADIO_Send_Callback
                0x00006b2c       0x58 D:\nicol\Documents\Atmel Studio\7.0\Mensagens\libudev_sigfox_edk.a(radio.o)
                0x00006b2c                fnRADIO_Send_Callback
 .text.fnUART_SIGFOX_Rx_Callback
                0x00006b84       0xa8 D:\nicol\Documents\Atmel Studio\7.0\Mensagens\libudev_sigfox_edk.a(radio.o)
                0x00006b84                fnUART_SIGFOX_Rx_Callback
 .text.fnRADIO_UART_Rx_Parser_Reset
                0x00006c2c       0x24 D:\nicol\Documents\Atmel Studio\7.0\Mensagens\libudev_sigfox_edk.a(radio.o)
                0x00006c2c                fnRADIO_UART_Rx_Parser_Reset
 .text.fnRADIO_TIMER_Config
                0x00006c50       0x60 D:\nicol\Documents\Atmel Studio\7.0\Mensagens\libudev_sigfox_edk.a(radio.o)
                0x00006c50                fnRADIO_TIMER_Config
 .text.fnRADIO_TIMER_Start
                0x00006cb0       0x84 D:\nicol\Documents\Atmel Studio\7.0\Mensagens\libudev_sigfox_edk.a(radio.o)
                0x00006cb0                fnRADIO_TIMER_Start
 .text.fnRADIO_TIMER_Stop
                0x00006d34       0x48 D:\nicol\Documents\Atmel Studio\7.0\Mensagens\libudev_sigfox_edk.a(radio.o)
                0x00006d34                fnRADIO_TIMER_Stop
 .text.TC3_Handler
                0x00006d7c       0x24 D:\nicol\Documents\Atmel Studio\7.0\Mensagens\libudev_sigfox_edk.a(radio.o)
                0x00006d7c                TC3_Handler
 .text.fnRADIO_CALLBACK_Tx_End_Ok
                0x00006da0        0xa D:\nicol\Documents\Atmel Studio\7.0\Mensagens\libudev_sigfox_edk.a(radio.o)
                0x00006da0                fnRADIO_CALLBACK_Tx_End_Ok
 .text.fnRADIO_CALLBACK_Tx_End_Error
                0x00006daa        0xa D:\nicol\Documents\Atmel Studio\7.0\Mensagens\libudev_sigfox_edk.a(radio.o)
                0x00006daa                fnRADIO_CALLBACK_Tx_End_Error
 .text.fnRADIO_CALLBACK_Rx_End_Ok
                0x00006db4        0xa D:\nicol\Documents\Atmel Studio\7.0\Mensagens\libudev_sigfox_edk.a(radio.o)
                0x00006db4                fnRADIO_CALLBACK_Rx_End_Ok
 .text.fnRADIO_CALLBACK_Rx_End_Error
                0x00006dbe        0xa D:\nicol\Documents\Atmel Studio\7.0\Mensagens\libudev_sigfox_edk.a(radio.o)
                0x00006dbe                fnRADIO_CALLBACK_Rx_End_Error
 .text.system_interrupt_enable
                0x00006dc8       0x2c D:\nicol\Documents\Atmel Studio\7.0\Mensagens\libudev_sigfox_edk.a(uart_sigfox.o)
 .text.system_interrupt_disable
                0x00006df4       0x30 D:\nicol\Documents\Atmel Studio\7.0\Mensagens\libudev_sigfox_edk.a(uart_sigfox.o)
 .text.usart_is_syncing
                0x00006e24       0x20 D:\nicol\Documents\Atmel Studio\7.0\Mensagens\libudev_sigfox_edk.a(uart_sigfox.o)
 .text._usart_wait_for_sync
                0x00006e44       0x24 D:\nicol\Documents\Atmel Studio\7.0\Mensagens\libudev_sigfox_edk.a(uart_sigfox.o)
 .text.usart_get_config_defaults
                0x00006e68       0xbe D:\nicol\Documents\Atmel Studio\7.0\Mensagens\libudev_sigfox_edk.a(uart_sigfox.o)
 *fill*         0x00006f26        0x2 
 .text.usart_enable
                0x00006f28       0x30 D:\nicol\Documents\Atmel Studio\7.0\Mensagens\libudev_sigfox_edk.a(uart_sigfox.o)
 .text.usart_disable
                0x00006f58       0x30 D:\nicol\Documents\Atmel Studio\7.0\Mensagens\libudev_sigfox_edk.a(uart_sigfox.o)
 .text.fnUART_SIGFOX_Init
                0x00006f88       0x84 D:\nicol\Documents\Atmel Studio\7.0\Mensagens\libudev_sigfox_edk.a(uart_sigfox.o)
                0x00006f88                fnUART_SIGFOX_Init
 .text.fnUART_SIGFOX_Enable
                0x0000700c       0x3c D:\nicol\Documents\Atmel Studio\7.0\Mensagens\libudev_sigfox_edk.a(uart_sigfox.o)
                0x0000700c                fnUART_SIGFOX_Enable
 .text.fnUART_SIGFOX_Disable
                0x00007048       0x34 D:\nicol\Documents\Atmel Studio\7.0\Mensagens\libudev_sigfox_edk.a(uart_sigfox.o)
                0x00007048                fnUART_SIGFOX_Disable
 .text.fnUART_SIGFOX_Send_String
                0x0000707c       0x8c D:\nicol\Documents\Atmel Studio\7.0\Mensagens\libudev_sigfox_edk.a(uart_sigfox.o)
                0x0000707c                fnUART_SIGFOX_Send_String
 .text.SERCOM3_Handler
                0x00007108       0x60 D:\nicol\Documents\Atmel Studio\7.0\Mensagens\libudev_sigfox_edk.a(uart_sigfox.o)
                0x00007108                SERCOM3_Handler
 .text.fnUART_SIGFOX_INT_Handler_Data_Register_Empty
                0x00007168       0x40 D:\nicol\Documents\Atmel Studio\7.0\Mensagens\libudev_sigfox_edk.a(uart_sigfox.o)
                0x00007168                fnUART_SIGFOX_INT_Handler_Data_Register_Empty
 .text.system_gclk_chan_get_config_defaults
                0x000071a8       0x16 D:\nicol\Documents\Atmel Studio\7.0\Mensagens\libudev_sigfox_edk.a(usart.o)
 *fill*         0x000071be        0x2 
 .text.system_apb_clock_set_mask
                0x000071c0       0x5c D:\nicol\Documents\Atmel Studio\7.0\Mensagens\libudev_sigfox_edk.a(usart.o)
 .text.system_pinmux_get_config_defaults
                0x0000721c       0x28 D:\nicol\Documents\Atmel Studio\7.0\Mensagens\libudev_sigfox_edk.a(usart.o)
 .text.system_is_debugger_present
                0x00007244       0x20 D:\nicol\Documents\Atmel Studio\7.0\Mensagens\libudev_sigfox_edk.a(usart.o)
 .text.usart_is_syncing
                0x00007264       0x20 D:\nicol\Documents\Atmel Studio\7.0\Mensagens\libudev_sigfox_edk.a(usart.o)
 .text._usart_wait_for_sync
                0x00007284       0x24 D:\nicol\Documents\Atmel Studio\7.0\Mensagens\libudev_sigfox_edk.a(usart.o)
 .text._usart_set_config
                0x000072a8      0x2dc D:\nicol\Documents\Atmel Studio\7.0\Mensagens\libudev_sigfox_edk.a(usart.o)
 .text.usart_init
                0x00007584      0x1dc D:\nicol\Documents\Atmel Studio\7.0\Mensagens\libudev_sigfox_edk.a(usart.o)
                0x00007584                usart_init
 .text.system_gclk_chan_get_config_defaults
                0x00007760       0x16 D:\nicol\Documents\Atmel Studio\7.0\Mensagens\libudev_sigfox_edk.a(sercom.o)
 .text.long_division
                0x00007776       0xe0 D:\nicol\Documents\Atmel Studio\7.0\Mensagens\libudev_sigfox_edk.a(sercom.o)
 .text._sercom_get_sync_baud_val
                0x00007856       0x7c D:\nicol\Documents\Atmel Studio\7.0\Mensagens\libudev_sigfox_edk.a(sercom.o)
                0x00007856                _sercom_get_sync_baud_val
 *fill*         0x000078d2        0x2 
 .text._sercom_get_async_baud_val
                0x000078d4      0x1c0 D:\nicol\Documents\Atmel Studio\7.0\Mensagens\libudev_sigfox_edk.a(sercom.o)
                0x000078d4                _sercom_get_async_baud_val
 .text.sercom_set_gclk_generator
                0x00007a94       0x8c D:\nicol\Documents\Atmel Studio\7.0\Mensagens\libudev_sigfox_edk.a(sercom.o)
                0x00007a94                sercom_set_gclk_generator
 .text._sercom_get_default_pad
                0x00007b20      0x1bc D:\nicol\Documents\Atmel Studio\7.0\Mensagens\libudev_sigfox_edk.a(sercom.o)
                0x00007b20                _sercom_get_default_pad
 .text._sercom_get_sercom_inst_index
                0x00007cdc       0x50 D:\nicol\Documents\Atmel Studio\7.0\Mensagens\libudev_sigfox_edk.a(sercom.o)
                0x00007cdc                _sercom_get_sercom_inst_index
 .text.system_gclk_chan_get_config_defaults
                0x00007d2c       0x16 D:\nicol\Documents\Atmel Studio\7.0\Mensagens\libudev_sigfox_edk.a(tc.o)
 *fill*         0x00007d42        0x2 
 .text.system_apb_clock_set_mask
                0x00007d44       0x5c D:\nicol\Documents\Atmel Studio\7.0\Mensagens\libudev_sigfox_edk.a(tc.o)
 .text.system_pinmux_get_config_defaults
                0x00007da0       0x28 D:\nicol\Documents\Atmel Studio\7.0\Mensagens\libudev_sigfox_edk.a(tc.o)
 .text.tc_is_syncing
                0x00007dc8       0x28 D:\nicol\Documents\Atmel Studio\7.0\Mensagens\libudev_sigfox_edk.a(tc.o)
 .text._tc_get_inst_index
                0x00007df0       0x48 D:\nicol\Documents\Atmel Studio\7.0\Mensagens\libudev_sigfox_edk.a(tc.o)
                0x00007df0                _tc_get_inst_index
 .text.tc_init  0x00007e38      0x400 D:\nicol\Documents\Atmel Studio\7.0\Mensagens\libudev_sigfox_edk.a(tc.o)
                0x00007e38                tc_init
 .text.system_pinmux_get_config_defaults
                0x00008238       0x28 D:\nicol\Documents\Atmel Studio\7.0\Mensagens\libudev_sigfox_edk.a(port.o)
 .text.port_pin_set_config
                0x00008260       0x60 D:\nicol\Documents\Atmel Studio\7.0\Mensagens\libudev_sigfox_edk.a(port.o)
                0x00008260                port_pin_set_config
 .text.fnRING_BUFFER_BYTE_Init
                0x000082c0       0x20 D:\nicol\Documents\Atmel Studio\7.0\Mensagens\libudev_sigfox_edk.a(ring_buffer_byte.o)
                0x000082c0                fnRING_BUFFER_BYTE_Init
 .text.fnRING_BUFFER_BYTE_Insert
                0x000082e0       0x68 D:\nicol\Documents\Atmel Studio\7.0\Mensagens\libudev_sigfox_edk.a(ring_buffer_byte.o)
                0x000082e0                fnRING_BUFFER_BYTE_Insert
 .text.fnRING_BUFFER_BYTE_Get
                0x00008348       0x3e D:\nicol\Documents\Atmel Studio\7.0\Mensagens\libudev_sigfox_edk.a(ring_buffer_byte.o)
                0x00008348                fnRING_BUFFER_BYTE_Get
 .text.fnRING_BUFFER_BYTE_Is_Data_Avaiable
                0x00008386       0x28 D:\nicol\Documents\Atmel Studio\7.0\Mensagens\libudev_sigfox_edk.a(ring_buffer_byte.o)
                0x00008386                fnRING_BUFFER_BYTE_Is_Data_Avaiable
 *fill*         0x000083ae        0x2 
 .text.fnDEBUG_Const_String
                0x000083b0       0x38 D:\nicol\Documents\Atmel Studio\7.0\Mensagens\libudev_sigfox_edk.a(debug.o)
                0x000083b0                fnDEBUG_Const_String
 .text.fnDELAY_LOOP_us
                0x000083e8       0x24 D:\nicol\Documents\Atmel Studio\7.0\Mensagens\libudev_sigfox_edk.a(delay_loop.o)
                0x000083e8                fnDELAY_LOOP_us
 .text.fnDELAY_LOOP_ms
                0x0000840c       0x24 D:\nicol\Documents\Atmel Studio\7.0\Mensagens\libudev_sigfox_edk.a(delay_loop.o)
                0x0000840c                fnDELAY_LOOP_ms
 .text.NVIC_SetPriority
                0x00008430       0xdc D:\nicol\Documents\Atmel Studio\7.0\Mensagens\libudev_sigfox_edk.a(system_timer.o)
 .text.SysTick_Disable
                0x0000850c       0x2c D:\nicol\Documents\Atmel Studio\7.0\Mensagens\libudev_sigfox_edk.a(system_timer.o)
 .text.fnTIMER_System_Tick_Init
                0x00008538       0x40 D:\nicol\Documents\Atmel Studio\7.0\Mensagens\libudev_sigfox_edk.a(system_timer.o)
                0x00008538                fnTIMER_System_Tick_Init
 .text.fnTIMER_System_Tick
                0x00008578       0x20 D:\nicol\Documents\Atmel Studio\7.0\Mensagens\libudev_sigfox_edk.a(system_timer.o)
                0x00008578                fnTIMER_System_Tick
 .text.fnTIMER_Start
                0x00008598      0x13c D:\nicol\Documents\Atmel Studio\7.0\Mensagens\libudev_sigfox_edk.a(system_timer.o)
                0x00008598                fnTIMER_Start
 .text.fnTIMER_Stop
                0x000086d4       0x9c D:\nicol\Documents\Atmel Studio\7.0\Mensagens\libudev_sigfox_edk.a(system_timer.o)
                0x000086d4                fnTIMER_Stop
 .text.fnTIMER_Update_Counters
                0x00008770      0x12c D:\nicol\Documents\Atmel Studio\7.0\Mensagens\libudev_sigfox_edk.a(system_timer.o)
                0x00008770                fnTIMER_Update_Counters
 .text.fnTIMER_HAL_Enable
                0x0000889c       0x3c D:\nicol\Documents\Atmel Studio\7.0\Mensagens\libudev_sigfox_edk.a(system_timer.o)
                0x0000889c                fnTIMER_HAL_Enable
 .text.fnTIMER_HAL_Disable
                0x000088d8       0x48 D:\nicol\Documents\Atmel Studio\7.0\Mensagens\libudev_sigfox_edk.a(system_timer.o)
                0x000088d8                fnTIMER_HAL_Disable
 .text.fnConvert_4bitHex_To_Ascii
                0x00008920       0x3a D:\nicol\Documents\Atmel Studio\7.0\Mensagens\libudev_sigfox_edk.a(string_utils.o)
                0x00008920                fnConvert_4bitHex_To_Ascii
 .text.fnConvert_Ascii_To_4bitHex
                0x0000895a       0x34 D:\nicol\Documents\Atmel Studio\7.0\Mensagens\libudev_sigfox_edk.a(string_utils.o)
                0x0000895a                fnConvert_Ascii_To_4bitHex
 *fill*         0x0000898e        0x2 
 .text.fnConvert_HexString_To_AsciiString
                0x00008990       0x5c D:\nicol\Documents\Atmel Studio\7.0\Mensagens\libudev_sigfox_edk.a(string_utils.o)
                0x00008990                fnConvert_HexString_To_AsciiString
 .text.fnConvert_AsciiString_To_HexString
                0x000089ec       0x64 D:\nicol\Documents\Atmel Studio\7.0\Mensagens\libudev_sigfox_edk.a(string_utils.o)
                0x000089ec                fnConvert_AsciiString_To_HexString
 .text.fnDEBUG_PORT_Send_String
                0x00008a50       0x38 D:\nicol\Documents\Atmel Studio\7.0\Mensagens\libudev_sigfox_edk.a(port_debug.o)
                0x00008a50                fnDEBUG_PORT_Send_String
 .text.fnDELAY_LOOP_PORT_us
                0x00008a88       0xa8 D:\nicol\Documents\Atmel Studio\7.0\Mensagens\libudev_sigfox_edk.a(port_delay_loop.o)
                0x00008a88                fnDELAY_LOOP_PORT_us
 .text.fnDELAY_LOOP_PORT_ms
                0x00008b30       0xa8 D:\nicol\Documents\Atmel Studio\7.0\Mensagens\libudev_sigfox_edk.a(port_delay_loop.o)
                0x00008b30                fnDELAY_LOOP_PORT_ms
 .text.fnINPUT_Get_Button
                0x00008bd8       0x1c D:\nicol\Documents\Atmel Studio\7.0\Mensagens\libudev_sigfox_edk.a(port_input_digital.o)
                0x00008bd8                fnINPUT_Get_Button
 .text.fnINPUT_Get_4_20_mA
                0x00008bf4       0x1c D:\nicol\Documents\Atmel Studio\7.0\Mensagens\libudev_sigfox_edk.a(port_input_digital.o)
                0x00008bf4                fnINPUT_Get_4_20_mA
 .text.fnINPUT_Get_Radio_Cpu
                0x00008c10       0x20 D:\nicol\Documents\Atmel Studio\7.0\Mensagens\libudev_sigfox_edk.a(port_input_digital.o)
                0x00008c10                fnINPUT_Get_Radio_Cpu
 .text.system_interrupt_enable
                0x00008c30       0x2c D:\nicol\Documents\Atmel Studio\7.0\Mensagens\libudev_sigfox_edk.a(rtc.o)
 .text.fnRTC_Init
                0x00008c5c       0x6c D:\nicol\Documents\Atmel Studio\7.0\Mensagens\libudev_sigfox_edk.a(rtc.o)
                0x00008c5c                fnRTC_Init
 .text.fnRTC_Get_Count
                0x00008cc8       0x14 D:\nicol\Documents\Atmel Studio\7.0\Mensagens\libudev_sigfox_edk.a(rtc.o)
                0x00008cc8                fnRTC_Get_Count
 .text.fnRTC_Check
                0x00008cdc       0x34 D:\nicol\Documents\Atmel Studio\7.0\Mensagens\libudev_sigfox_edk.a(rtc.o)
                0x00008cdc                fnRTC_Check
 .text.RTC_Handler
                0x00008d10       0x2c D:\nicol\Documents\Atmel Studio\7.0\Mensagens\libudev_sigfox_edk.a(rtc.o)
                0x00008d10                RTC_Handler
 .text.system_apb_clock_set_mask
                0x00008d3c       0x5c D:\nicol\Documents\Atmel Studio\7.0\Mensagens\libudev_sigfox_edk.a(gclk.o)
 .text.system_interrupt_enter_critical_section
                0x00008d98       0x14 D:\nicol\Documents\Atmel Studio\7.0\Mensagens\libudev_sigfox_edk.a(gclk.o)
 .text.system_interrupt_leave_critical_section
                0x00008dac       0x14 D:\nicol\Documents\Atmel Studio\7.0\Mensagens\libudev_sigfox_edk.a(gclk.o)
 .text.system_gclk_is_syncing
                0x00008dc0       0x20 D:\nicol\Documents\Atmel Studio\7.0\Mensagens\libudev_sigfox_edk.a(gclk.o)
 .text.system_gclk_init
                0x00008de0       0x30 D:\nicol\Documents\Atmel Studio\7.0\Mensagens\libudev_sigfox_edk.a(gclk.o)
                0x00008de0                system_gclk_init
 .text.system_gclk_gen_set_config
                0x00008e10      0x124 D:\nicol\Documents\Atmel Studio\7.0\Mensagens\libudev_sigfox_edk.a(gclk.o)
                0x00008e10                system_gclk_gen_set_config
 .text.system_gclk_gen_enable
                0x00008f34       0x5c D:\nicol\Documents\Atmel Studio\7.0\Mensagens\libudev_sigfox_edk.a(gclk.o)
                0x00008f34                system_gclk_gen_enable
 .text.system_gclk_gen_get_hz
                0x00008f90       0xd8 D:\nicol\Documents\Atmel Studio\7.0\Mensagens\libudev_sigfox_edk.a(gclk.o)
                0x00008f90                system_gclk_gen_get_hz
 .text.system_gclk_chan_set_config
                0x00009068       0x44 D:\nicol\Documents\Atmel Studio\7.0\Mensagens\libudev_sigfox_edk.a(gclk.o)
                0x00009068                system_gclk_chan_set_config
 .text.system_gclk_chan_enable
                0x000090ac       0x48 D:\nicol\Documents\Atmel Studio\7.0\Mensagens\libudev_sigfox_edk.a(gclk.o)
                0x000090ac                system_gclk_chan_enable
 .text.system_gclk_chan_disable
                0x000090f4       0x98 D:\nicol\Documents\Atmel Studio\7.0\Mensagens\libudev_sigfox_edk.a(gclk.o)
                0x000090f4                system_gclk_chan_disable
 .text.system_gclk_chan_lock
                0x0000918c       0x48 D:\nicol\Documents\Atmel Studio\7.0\Mensagens\libudev_sigfox_edk.a(gclk.o)
                0x0000918c                system_gclk_chan_lock
 .text.system_gclk_chan_get_hz
                0x000091d4       0x58 D:\nicol\Documents\Atmel Studio\7.0\Mensagens\libudev_sigfox_edk.a(gclk.o)
                0x000091d4                system_gclk_chan_get_hz
 .text.system_pinmux_get_group_from_gpio_pin
                0x0000922c       0x60 D:\nicol\Documents\Atmel Studio\7.0\Mensagens\libudev_sigfox_edk.a(pinmux.o)
 .text._system_pinmux_config
                0x0000928c      0x110 D:\nicol\Documents\Atmel Studio\7.0\Mensagens\libudev_sigfox_edk.a(pinmux.o)
 .text.system_pinmux_pin_set_config
                0x0000939c       0x48 D:\nicol\Documents\Atmel Studio\7.0\Mensagens\libudev_sigfox_edk.a(pinmux.o)
                0x0000939c                system_pinmux_pin_set_config
 .text.main     0x000093e4       0x54 D:\nicol\Documents\Atmel Studio\7.0\Mensagens\libudev_sigfox_edk.a(main.o)
                0x000093e4                main
 .text.system_set_sleepmode
                0x00009438       0x88 D:\nicol\Documents\Atmel Studio\7.0\Mensagens\libudev_sigfox_edk.a(app.o)
 .text.system_sleep
                0x000094c0       0x10 D:\nicol\Documents\Atmel Studio\7.0\Mensagens\libudev_sigfox_edk.a(app.o)
 .text.fnAPP_Init
                0x000094d0       0x64 D:\nicol\Documents\Atmel Studio\7.0\Mensagens\libudev_sigfox_edk.a(app.o)
                0x000094d0                fnAPP_Init
 .text.fnAPP_Process_Events
                0x00009534      0x120 D:\nicol\Documents\Atmel Studio\7.0\Mensagens\libudev_sigfox_edk.a(app.o)
                0x00009534                fnAPP_Process_Events
 .text.fnAPP_TEST_VW
                0x00009654        0xa D:\nicol\Documents\Atmel Studio\7.0\Mensagens\libudev_sigfox_edk.a(app.o)
                0x00009654                fnAPP_TEST_VW
 *fill*         0x0000965e        0x2 
 .text.fnAPP_Check_Events
                0x00009660       0x14 D:\nicol\Documents\Atmel Studio\7.0\Mensagens\libudev_sigfox_edk.a(app.o)
                0x00009660                fnAPP_Check_Events
 .text.fnAPP_Enter_Low_Power
                0x00009674       0x7c D:\nicol\Documents\Atmel Studio\7.0\Mensagens\libudev_sigfox_edk.a(app.o)
                0x00009674                fnAPP_Enter_Low_Power
 .text.fnRTC_INT_Event_Callback
                0x000096f0       0x1c D:\nicol\Documents\Atmel Studio\7.0\Mensagens\libudev_sigfox_edk.a(app.o)
                0x000096f0                fnRTC_INT_Event_Callback
 .text.fnSYSTEM_TICK_INT_Event_Callback
                0x0000970c       0x14 D:\nicol\Documents\Atmel Studio\7.0\Mensagens\libudev_sigfox_edk.a(app.o)
                0x0000970c                fnSYSTEM_TICK_INT_Event_Callback
 .text.fnINPUT_INT_Event_Callback
                0x00009720       0x38 D:\nicol\Documents\Atmel Studio\7.0\Mensagens\libudev_sigfox_edk.a(app.o)
                0x00009720                fnINPUT_INT_Event_Callback
 .text.fnSECURITY_Init
                0x00009758       0x5c D:\nicol\Documents\Atmel Studio\7.0\Mensagens\libudev_sigfox_edk.a(security.o)
                0x00009758                fnSECURITY_Init
 .text.fnSECURITY_Is_Module_Licensed
                0x000097b4       0x2c D:\nicol\Documents\Atmel Studio\7.0\Mensagens\libudev_sigfox_edk.a(security.o)
                0x000097b4                fnSECURITY_Is_Module_Licensed
 .text.fnSECURITY_Update_Serial_Number
                0x000097e0       0x5c D:\nicol\Documents\Atmel Studio\7.0\Mensagens\libudev_sigfox_edk.a(security.o)
                0x000097e0                fnSECURITY_Update_Serial_Number
 .text.fnSECURITY_Update_Flash_Key
                0x0000983c       0x54 D:\nicol\Documents\Atmel Studio\7.0\Mensagens\libudev_sigfox_edk.a(security.o)
                0x0000983c                fnSECURITY_Update_Flash_Key
 .text.cpu_irq_enter_critical
                0x00009890       0x54 D:\nicol\Documents\Atmel Studio\7.0\Mensagens\libudev_sigfox_edk.a(interrupt_sam_nvic.o)
                0x00009890                cpu_irq_enter_critical
 .text.cpu_irq_leave_critical
                0x000098e4       0x40 D:\nicol\Documents\Atmel Studio\7.0\Mensagens\libudev_sigfox_edk.a(interrupt_sam_nvic.o)
                0x000098e4                cpu_irq_leave_critical
 .text.fnEVENT_Callback
                0x00009924       0x14 D:\nicol\Documents\Atmel Studio\7.0\Mensagens\libudev_sigfox_edk.a(event.o)
                0x00009924                fnEVENT_Callback
 .text.fnEVENT_Init
                0x00009938       0x1c D:\nicol\Documents\Atmel Studio\7.0\Mensagens\libudev_sigfox_edk.a(event.o)
                0x00009938                fnEVENT_Init
 .text.fnEVENT_Insert
                0x00009954       0x2c D:\nicol\Documents\Atmel Studio\7.0\Mensagens\libudev_sigfox_edk.a(event.o)
                0x00009954                fnEVENT_Insert
 .text.fnEVENT_Process
                0x00009980       0x38 D:\nicol\Documents\Atmel Studio\7.0\Mensagens\libudev_sigfox_edk.a(event.o)
                0x00009980                fnEVENT_Process
 .text.fnEVENT_Send
                0x000099b8       0x64 D:\nicol\Documents\Atmel Studio\7.0\Mensagens\libudev_sigfox_edk.a(event.o)
                0x000099b8                fnEVENT_Send
 .text.fnEVENT_Get_Index
                0x00009a1c       0x58 D:\nicol\Documents\Atmel Studio\7.0\Mensagens\libudev_sigfox_edk.a(event.o)
                0x00009a1c                fnEVENT_Get_Index
 .text.fnONE_WIRE_Init
                0x00009a74       0x1c D:\nicol\Documents\Atmel Studio\7.0\Mensagens\libudev_sigfox_edk.a(one_wire.o)
                0x00009a74                fnONE_WIRE_Init
 .text.fnONE_WIRE_Reset_Search
                0x00009a90       0x50 D:\nicol\Documents\Atmel Studio\7.0\Mensagens\libudev_sigfox_edk.a(one_wire.o)
                0x00009a90                fnONE_WIRE_Reset_Search
 .text.fnONE_WIRE_PORT_Config_Pin
                0x00009ae0       0x14 D:\nicol\Documents\Atmel Studio\7.0\Mensagens\libudev_sigfox_edk.a(port_one_wire.o)
                0x00009ae0                fnONE_WIRE_PORT_Config_Pin
 .text.fnONE_WIRE_PORT_Config_Pin_As_Input
                0x00009af4       0x1c D:\nicol\Documents\Atmel Studio\7.0\Mensagens\libudev_sigfox_edk.a(port_one_wire.o)
                0x00009af4                fnONE_WIRE_PORT_Config_Pin_As_Input
 .text.system_gclk_chan_get_config_defaults
                0x00009b10       0x16 D:\nicol\Documents\Atmel Studio\7.0\Mensagens\libudev_sigfox_edk.a(rtc_count.o)
 *fill*         0x00009b26        0x2 
 .text.system_apb_clock_set_mask
                0x00009b28       0x5c D:\nicol\Documents\Atmel Studio\7.0\Mensagens\libudev_sigfox_edk.a(rtc_count.o)
 .text.rtc_count_is_syncing
                0x00009b84       0x28 D:\nicol\Documents\Atmel Studio\7.0\Mensagens\libudev_sigfox_edk.a(rtc_count.o)
 .text.rtc_count_enable
                0x00009bac       0x38 D:\nicol\Documents\Atmel Studio\7.0\Mensagens\libudev_sigfox_edk.a(rtc_count.o)
                0x00009bac                rtc_count_enable
 .text.rtc_count_disable
                0x00009be4       0x44 D:\nicol\Documents\Atmel Studio\7.0\Mensagens\libudev_sigfox_edk.a(rtc_count.o)
                0x00009be4                rtc_count_disable
 .text.rtc_count_reset
                0x00009c28       0x44 D:\nicol\Documents\Atmel Studio\7.0\Mensagens\libudev_sigfox_edk.a(rtc_count.o)
                0x00009c28                rtc_count_reset
 .text._rtc_count_set_config
                0x00009c6c      0x130 D:\nicol\Documents\Atmel Studio\7.0\Mensagens\libudev_sigfox_edk.a(rtc_count.o)
 .text.rtc_count_init
                0x00009d9c       0x90 D:\nicol\Documents\Atmel Studio\7.0\Mensagens\libudev_sigfox_edk.a(rtc_count.o)
                0x00009d9c                rtc_count_init
 .text.rtc_count_get_count
                0x00009e2c       0x9c D:\nicol\Documents\Atmel Studio\7.0\Mensagens\libudev_sigfox_edk.a(rtc_count.o)
                0x00009e2c                rtc_count_get_count
 .text.rtc_count_set_compare
                0x00009ec8       0x8c D:\nicol\Documents\Atmel Studio\7.0\Mensagens\libudev_sigfox_edk.a(rtc_count.o)
                0x00009ec8                rtc_count_set_compare
 .text.rtc_count_set_period
                0x00009f54       0x44 D:\nicol\Documents\Atmel Studio\7.0\Mensagens\libudev_sigfox_edk.a(rtc_count.o)
                0x00009f54                rtc_count_set_period
 .text.fnCOMM_Process_Packet_Received
                0x00009f98       0xb4 D:\nicol\Documents\Atmel Studio\7.0\Mensagens\libudev_sigfox_edk.a(comm.o)
                0x00009f98                fnCOMM_Process_Packet_Received
 .text.delay_init
                0x0000a04c        0xa D:\nicol\Documents\Atmel Studio\7.0\Mensagens\libudev_sigfox_edk.a(cycle_counter.o)
                0x0000a04c                delay_init
 *fill*         0x0000a056        0x2 
 .text.cpu_irq_save
                0x0000a058       0x30 D:\nicol\Documents\Atmel Studio\7.0\Mensagens\libudev_sigfox_edk.a(udi_cdc.o)
 .text.cpu_irq_is_enabled_flags
                0x0000a088       0x18 D:\nicol\Documents\Atmel Studio\7.0\Mensagens\libudev_sigfox_edk.a(udi_cdc.o)
 .text.cpu_irq_restore
                0x0000a0a0       0x30 D:\nicol\Documents\Atmel Studio\7.0\Mensagens\libudev_sigfox_edk.a(udi_cdc.o)
 .text.udi_cdc_multi_get_free_tx_buffer
                0x0000a0d0       0xc4 D:\nicol\Documents\Atmel Studio\7.0\Mensagens\libudev_sigfox_edk.a(udi_cdc.o)
                0x0000a0d0                udi_cdc_multi_get_free_tx_buffer
 .text.udi_cdc_multi_is_tx_ready
                0x0000a194       0x2c D:\nicol\Documents\Atmel Studio\7.0\Mensagens\libudev_sigfox_edk.a(udi_cdc.o)
                0x0000a194                udi_cdc_multi_is_tx_ready
 .text.udi_cdc_multi_write_buf
                0x0000a1c0      0x154 D:\nicol\Documents\Atmel Studio\7.0\Mensagens\libudev_sigfox_edk.a(udi_cdc.o)
                0x0000a1c0                udi_cdc_multi_write_buf
 .text.udi_cdc_write_buf
                0x0000a314       0x24 D:\nicol\Documents\Atmel Studio\7.0\Mensagens\libudev_sigfox_edk.a(udi_cdc.o)
                0x0000a314                udi_cdc_write_buf
 .text.nvm_is_ready
                0x0000a338       0x28 D:\nicol\Documents\Atmel Studio\7.0\Mensagens\libudev_sigfox_edk.a(nvm.o)
 .text.system_apb_clock_set_mask
                0x0000a360       0x5c D:\nicol\Documents\Atmel Studio\7.0\Mensagens\libudev_sigfox_edk.a(nvm.o)
 .text.nvm_set_config
                0x0000a3bc       0xd8 D:\nicol\Documents\Atmel Studio\7.0\Mensagens\libudev_sigfox_edk.a(nvm.o)
                0x0000a3bc                nvm_set_config
 .text.nvm_execute_command
                0x0000a494      0x118 D:\nicol\Documents\Atmel Studio\7.0\Mensagens\libudev_sigfox_edk.a(nvm.o)
                0x0000a494                nvm_execute_command
 .text.nvm_write_buffer
                0x0000a5ac      0x14c D:\nicol\Documents\Atmel Studio\7.0\Mensagens\libudev_sigfox_edk.a(nvm.o)
                0x0000a5ac                nvm_write_buffer
 .text.nvm_read_buffer
                0x0000a6f8       0xfc D:\nicol\Documents\Atmel Studio\7.0\Mensagens\libudev_sigfox_edk.a(nvm.o)
                0x0000a6f8                nvm_read_buffer
 .text.nvm_erase_row
                0x0000a7f4       0xa8 D:\nicol\Documents\Atmel Studio\7.0\Mensagens\libudev_sigfox_edk.a(nvm.o)
                0x0000a7f4                nvm_erase_row
 .text.nvm_get_parameters
                0x0000a89c       0xbc D:\nicol\Documents\Atmel Studio\7.0\Mensagens\libudev_sigfox_edk.a(nvm.o)
                0x0000a89c                nvm_get_parameters
 .text.system_pinmux_get_group_from_gpio_pin
                0x0000a958       0x60 D:\nicol\Documents\Atmel Studio\7.0\Mensagens\libudev_sigfox_edk.a(config.o)
 .text.port_get_group_from_gpio_pin
                0x0000a9b8       0x24 D:\nicol\Documents\Atmel Studio\7.0\Mensagens\libudev_sigfox_edk.a(config.o)
 .text.port_get_config_defaults
                0x0000a9dc       0x22 D:\nicol\Documents\Atmel Studio\7.0\Mensagens\libudev_sigfox_edk.a(config.o)
 *fill*         0x0000a9fe        0x2 
 .text.port_pin_set_output_level
                0x0000aa00       0x54 D:\nicol\Documents\Atmel Studio\7.0\Mensagens\libudev_sigfox_edk.a(config.o)
 .text.fnSW_Init
                0x0000aa54       0x14 D:\nicol\Documents\Atmel Studio\7.0\Mensagens\libudev_sigfox_edk.a(config.o)
                0x0000aa54                fnSW_Init
 .text.fnHW_Init
                0x0000aa68       0x4c D:\nicol\Documents\Atmel Studio\7.0\Mensagens\libudev_sigfox_edk.a(config.o)
                0x0000aa68                fnHW_Init
 .text.fnHW_Config_System_Clock
                0x0000aab4       0x1c D:\nicol\Documents\Atmel Studio\7.0\Mensagens\libudev_sigfox_edk.a(config.o)
                0x0000aab4                fnHW_Config_System_Clock
 .text.fnHW_Config_Mux
                0x0000aad0        0xa D:\nicol\Documents\Atmel Studio\7.0\Mensagens\libudev_sigfox_edk.a(config.o)
                0x0000aad0                fnHW_Config_Mux
 *fill*         0x0000aada        0x2 
 .text.fnHW_Config_Pins
                0x0000aadc       0xbc D:\nicol\Documents\Atmel Studio\7.0\Mensagens\libudev_sigfox_edk.a(config.o)
                0x0000aadc                fnHW_Config_Pins
 .text.fnHW_Config_Interrupts
                0x0000ab98       0x54 D:\nicol\Documents\Atmel Studio\7.0\Mensagens\libudev_sigfox_edk.a(config.o)
                0x0000ab98                fnHW_Config_Interrupts
 .text.fnHW_Reset
                0x0000abec       0x88 D:\nicol\Documents\Atmel Studio\7.0\Mensagens\libudev_sigfox_edk.a(config.o)
                0x0000abec                fnHW_Reset
 .text.fnCONSOLE_USB_Is_CDC_Host_Comm_Enabled
                0x0000ac74       0x14 D:\nicol\Documents\Atmel Studio\7.0\Mensagens\libudev_sigfox_edk.a(console_usb.o)
                0x0000ac74                fnCONSOLE_USB_Is_CDC_Host_Comm_Enabled
 .text.fnFXOS8700CQ_CALLBACK_Measure_Done
                0x0000ac88        0xa D:\nicol\Documents\Atmel Studio\7.0\Mensagens\libudev_sigfox_edk.a(fxos8700cq.o)
                0x0000ac88                fnFXOS8700CQ_CALLBACK_Measure_Done
 *fill*         0x0000ac92        0x2 
 .text.fnSENSOR_Process_Event_Mag_Data_Ready
                0x0000ac94       0x60 D:\nicol\Documents\Atmel Studio\7.0\Mensagens\libudev_sigfox_edk.a(fxos8700cq.o)
                0x0000ac94                fnSENSOR_Process_Event_Mag_Data_Ready
 .text.fnFXOS8700CQ_Read_Accel_Raw_Data
                0x0000acf4       0x68 D:\nicol\Documents\Atmel Studio\7.0\Mensagens\libudev_sigfox_edk.a(fxos8700cq.o)
                0x0000acf4                fnFXOS8700CQ_Read_Accel_Raw_Data
 .text.fnFXOS8700CQ_Read_Mag_Raw_Data
                0x0000ad5c       0x68 D:\nicol\Documents\Atmel Studio\7.0\Mensagens\libudev_sigfox_edk.a(fxos8700cq.o)
                0x0000ad5c                fnFXOS8700CQ_Read_Mag_Raw_Data
 .text.fnFXOS8700CQ_Read_Accel_Mag_Raw_Data
                0x0000adc4       0xac D:\nicol\Documents\Atmel Studio\7.0\Mensagens\libudev_sigfox_edk.a(fxos8700cq.o)
                0x0000adc4                fnFXOS8700CQ_Read_Accel_Mag_Raw_Data
 .text.fnFXOS8700CQ_Read_Register_Array
                0x0000ae70       0x34 D:\nicol\Documents\Atmel Studio\7.0\Mensagens\libudev_sigfox_edk.a(fxos8700cq.o)
                0x0000ae70                fnFXOS8700CQ_Read_Register_Array
 .text.i2c_master_is_syncing
                0x0000aea4       0x24 D:\nicol\Documents\Atmel Studio\7.0\Mensagens\libudev_sigfox_edk.a(i2c.o)
 .text._i2c_master_wait_for_sync
                0x0000aec8       0x24 D:\nicol\Documents\Atmel Studio\7.0\Mensagens\libudev_sigfox_edk.a(i2c.o)
 .text.i2c_master_get_config_defaults
                0x0000aeec       0x84 D:\nicol\Documents\Atmel Studio\7.0\Mensagens\libudev_sigfox_edk.a(i2c.o)
 .text.i2c_master_enable
                0x0000af70       0x5c D:\nicol\Documents\Atmel Studio\7.0\Mensagens\libudev_sigfox_edk.a(i2c.o)
 .text.i2c_master_disable
                0x0000afcc       0x3c D:\nicol\Documents\Atmel Studio\7.0\Mensagens\libudev_sigfox_edk.a(i2c.o)
 .text.fnI2C_Init
                0x0000b008       0xb8 D:\nicol\Documents\Atmel Studio\7.0\Mensagens\libudev_sigfox_edk.a(i2c.o)
                0x0000b008                fnI2C_Init
 .text.fnI2C_1_Reset
                0x0000b0c0       0x1c D:\nicol\Documents\Atmel Studio\7.0\Mensagens\libudev_sigfox_edk.a(i2c.o)
                0x0000b0c0                fnI2C_1_Reset
 .text.fnI2C_1_Enable
                0x0000b0dc       0x1c D:\nicol\Documents\Atmel Studio\7.0\Mensagens\libudev_sigfox_edk.a(i2c.o)
                0x0000b0dc                fnI2C_1_Enable
 .text.fnI2C_1_Disable
                0x0000b0f8       0x1c D:\nicol\Documents\Atmel Studio\7.0\Mensagens\libudev_sigfox_edk.a(i2c.o)
                0x0000b0f8                fnI2C_1_Disable
 .text.fnI2C_Is_Clock_Strech
                0x0000b114       0x14 D:\nicol\Documents\Atmel Studio\7.0\Mensagens\libudev_sigfox_edk.a(i2c.o)
                0x0000b114                fnI2C_Is_Clock_Strech
 .text.fnI2C_1_Write
                0x0000b128       0xd8 D:\nicol\Documents\Atmel Studio\7.0\Mensagens\libudev_sigfox_edk.a(i2c.o)
                0x0000b128                fnI2C_1_Write
 .text.fnI2C_1_Read
                0x0000b200       0xd8 D:\nicol\Documents\Atmel Studio\7.0\Mensagens\libudev_sigfox_edk.a(i2c.o)
                0x0000b200                fnI2C_1_Read
 .text.NVIC_SetPriority
                0x0000b2d8       0xdc D:\nicol\Documents\Atmel Studio\7.0\Mensagens\libudev_sigfox_edk.a(system_timer.o)
 .text.SysTick_Config
                0x0000b3b4       0x4c D:\nicol\Documents\Atmel Studio\7.0\Mensagens\libudev_sigfox_edk.a(system_timer.o)
 .text.fnTIMER_HAL_System_Tick_Init
                0x0000b400       0x30 D:\nicol\Documents\Atmel Studio\7.0\Mensagens\libudev_sigfox_edk.a(system_timer.o)
                0x0000b400                fnTIMER_HAL_System_Tick_Init
 .text.SysTick_Handler
                0x0000b430       0x14 D:\nicol\Documents\Atmel Studio\7.0\Mensagens\libudev_sigfox_edk.a(system_timer.o)
                0x0000b430                SysTick_Handler
 .text.wdt_get_config_defaults
                0x0000b444       0x34 D:\nicol\Documents\Atmel Studio\7.0\Mensagens\libudev_sigfox_edk.a(wdt.o)
 .text.fnWDT_Config
                0x0000b478       0x38 D:\nicol\Documents\Atmel Studio\7.0\Mensagens\libudev_sigfox_edk.a(wdt.o)
                0x0000b478                fnWDT_Config
 .text.fnWDT_Reset_Counter
                0x0000b4b0       0x14 D:\nicol\Documents\Atmel Studio\7.0\Mensagens\libudev_sigfox_edk.a(wdt.o)
                0x0000b4b0                fnWDT_Reset_Counter
 .text.fnINPUT_DIGITAL_Init
                0x0000b4c4       0x24 D:\nicol\Documents\Atmel Studio\7.0\Mensagens\libudev_sigfox_edk.a(input_digital.o)
                0x0000b4c4                fnINPUT_DIGITAL_Init
 .text.fnINPUT_DIGITAL_Read
                0x0000b4e8       0x58 D:\nicol\Documents\Atmel Studio\7.0\Mensagens\libudev_sigfox_edk.a(input_digital.o)
                0x0000b4e8                fnINPUT_DIGITAL_Read
 .text.fnINPUT_Timer_Start
                0x0000b540       0x34 D:\nicol\Documents\Atmel Studio\7.0\Mensagens\libudev_sigfox_edk.a(input_digital.o)
                0x0000b540                fnINPUT_Timer_Start
 .text.fnINPUT_Timer_Stop
                0x0000b574       0x28 D:\nicol\Documents\Atmel Studio\7.0\Mensagens\libudev_sigfox_edk.a(input_digital.o)
                0x0000b574                fnINPUT_Timer_Stop
 .text.fnINPUT_Timeout_Start
                0x0000b59c       0x4c D:\nicol\Documents\Atmel Studio\7.0\Mensagens\libudev_sigfox_edk.a(input_digital.o)
                0x0000b59c                fnINPUT_Timeout_Start
 .text.fnINPUT_Timer_Tick_Process
                0x0000b5e8       0x18 D:\nicol\Documents\Atmel Studio\7.0\Mensagens\libudev_sigfox_edk.a(input_digital.o)
                0x0000b5e8                fnINPUT_Timer_Tick_Process
 .text.fnINPUT_Timeout_Callback
                0x0000b600       0x1c D:\nicol\Documents\Atmel Studio\7.0\Mensagens\libudev_sigfox_edk.a(input_digital.o)
                0x0000b600                fnINPUT_Timeout_Callback
 .text.fnINPUT_Debounce_Init
                0x0000b61c       0x8c D:\nicol\Documents\Atmel Studio\7.0\Mensagens\libudev_sigfox_edk.a(input_digital.o)
                0x0000b61c                fnINPUT_Debounce_Init
 .text.fnINPUT_Debounce_Update
                0x0000b6a8      0x164 D:\nicol\Documents\Atmel Studio\7.0\Mensagens\libudev_sigfox_edk.a(input_digital.o)
                0x0000b6a8                fnINPUT_Debounce_Update
 .text.fnINPUT_DIGITAL_Config_Interrupts
                0x0000b80c       0x5c D:\nicol\Documents\Atmel Studio\7.0\Mensagens\libudev_sigfox_edk.a(input_digital.o)
                0x0000b80c                fnINPUT_DIGITAL_Config_Interrupts
 .text.fnINPUT_DIGITAL_Interrupt_Handler
                0x0000b868       0x38 D:\nicol\Documents\Atmel Studio\7.0\Mensagens\libudev_sigfox_edk.a(input_digital.o)
                0x0000b868                fnINPUT_DIGITAL_Interrupt_Handler
 .text.fnINPUT_DIGITAL_Enable_Interrupt
                0x0000b8a0       0x14 D:\nicol\Documents\Atmel Studio\7.0\Mensagens\libudev_sigfox_edk.a(input_digital.o)
                0x0000b8a0                fnINPUT_DIGITAL_Enable_Interrupt
 .text.fnINPUT_DIGITAL_Disable_Interrupt
                0x0000b8b4       0x14 D:\nicol\Documents\Atmel Studio\7.0\Mensagens\libudev_sigfox_edk.a(input_digital.o)
                0x0000b8b4                fnINPUT_DIGITAL_Disable_Interrupt
 .text.fnOUTPUT_DIGITAL_Init
                0x0000b8c8       0x70 D:\nicol\Documents\Atmel Studio\7.0\Mensagens\libudev_sigfox_edk.a(output_digital.o)
                0x0000b8c8                fnOUTPUT_DIGITAL_Init
 .text.fnDEBOUNCE_Check
                0x0000b938      0x108 D:\nicol\Documents\Atmel Studio\7.0\Mensagens\libudev_sigfox_edk.a(debounce.o)
                0x0000b938                fnDEBOUNCE_Check
 .text.fnDEBOUNCE_Test_Range
                0x0000ba40       0x3c D:\nicol\Documents\Atmel Studio\7.0\Mensagens\libudev_sigfox_edk.a(debounce.o)
                0x0000ba40                fnDEBOUNCE_Test_Range
 .text.fnEEPROM_Init
                0x0000ba7c       0x24 D:\nicol\Documents\Atmel Studio\7.0\Mensagens\libudev_sigfox_edk.a(flash_eeprom.o)
                0x0000ba7c                fnEEPROM_Init
 .text.fnEEPROM_Config
                0x0000baa0       0x38 D:\nicol\Documents\Atmel Studio\7.0\Mensagens\libudev_sigfox_edk.a(flash_eeprom.o)
                0x0000baa0                fnEEPROM_Config
 .text.fnFXOS8700CQ_PORT_Read
                0x0000bad8       0xd0 D:\nicol\Documents\Atmel Studio\7.0\Mensagens\libudev_sigfox_edk.a(port_fxos8700cq.o)
                0x0000bad8                fnFXOS8700CQ_PORT_Read
 .text.system_gclk_gen_get_config_defaults
                0x0000bba8       0x2e D:\nicol\Documents\Atmel Studio\7.0\Mensagens\libudev_sigfox_edk.a(clock.o)
 .text.system_clock_source_osc32k_get_config_defaults
                0x0000bbd6       0x34 D:\nicol\Documents\Atmel Studio\7.0\Mensagens\libudev_sigfox_edk.a(clock.o)
 .text.system_clock_source_osc8m_get_config_defaults
                0x0000bc0a       0x22 D:\nicol\Documents\Atmel Studio\7.0\Mensagens\libudev_sigfox_edk.a(clock.o)
 .text.system_clock_source_dfll_get_config_defaults
                0x0000bc2c       0x52 D:\nicol\Documents\Atmel Studio\7.0\Mensagens\libudev_sigfox_edk.a(clock.o)
 *fill*         0x0000bc7e        0x2 
 .text.system_cpu_clock_set_divider
                0x0000bc80       0x20 D:\nicol\Documents\Atmel Studio\7.0\Mensagens\libudev_sigfox_edk.a(clock.o)
 .text.system_apb_clock_set_divider
                0x0000bca0       0x54 D:\nicol\Documents\Atmel Studio\7.0\Mensagens\libudev_sigfox_edk.a(clock.o)
 .text.system_flash_set_waitstates
                0x0000bcf4       0x34 D:\nicol\Documents\Atmel Studio\7.0\Mensagens\libudev_sigfox_edk.a(clock.o)
 .text._system_dfll_wait_for_sync
                0x0000bd28       0x1c D:\nicol\Documents\Atmel Studio\7.0\Mensagens\libudev_sigfox_edk.a(clock.o)
 .text._system_clock_source_dfll_set_config_errata_9905
                0x0000bd44       0x44 D:\nicol\Documents\Atmel Studio\7.0\Mensagens\libudev_sigfox_edk.a(clock.o)
 .text.system_clock_source_get_hz
                0x0000bd88       0x84 D:\nicol\Documents\Atmel Studio\7.0\Mensagens\libudev_sigfox_edk.a(clock.o)
                0x0000bd88                system_clock_source_get_hz
 .text.system_clock_source_osc8m_set_config
                0x0000be0c       0x78 D:\nicol\Documents\Atmel Studio\7.0\Mensagens\libudev_sigfox_edk.a(clock.o)
                0x0000be0c                system_clock_source_osc8m_set_config
 .text.system_clock_source_osc32k_set_config
                0x0000be84       0xcc D:\nicol\Documents\Atmel Studio\7.0\Mensagens\libudev_sigfox_edk.a(clock.o)
                0x0000be84                system_clock_source_osc32k_set_config
 .text.system_clock_source_dfll_set_config
                0x0000bf50       0xd0 D:\nicol\Documents\Atmel Studio\7.0\Mensagens\libudev_sigfox_edk.a(clock.o)
                0x0000bf50                system_clock_source_dfll_set_config
 .text.system_clock_source_enable
                0x0000c020       0xac D:\nicol\Documents\Atmel Studio\7.0\Mensagens\libudev_sigfox_edk.a(clock.o)
                0x0000c020                system_clock_source_enable
 .text.system_clock_source_is_ready
                0x0000c0cc       0x84 D:\nicol\Documents\Atmel Studio\7.0\Mensagens\libudev_sigfox_edk.a(clock.o)
                0x0000c0cc                system_clock_source_is_ready
 .text._switch_peripheral_gclk
                0x0000c150       0x38 D:\nicol\Documents\Atmel Studio\7.0\Mensagens\libudev_sigfox_edk.a(clock.o)
 .text.system_clock_init
                0x0000c188      0x2c4 D:\nicol\Documents\Atmel Studio\7.0\Mensagens\libudev_sigfox_edk.a(clock.o)
                0x0000c188                system_clock_init
 .text.system_interrupt_set_priority
                0x0000c44c       0xd4 D:\nicol\Documents\Atmel Studio\7.0\Mensagens\libudev_sigfox_edk.a(system_interrupt.o)
                0x0000c44c                system_interrupt_set_priority
 .text.system_interrupt_enable
                0x0000c520       0x2c D:\nicol\Documents\Atmel Studio\7.0\Mensagens\libudev_sigfox_edk.a(eic_handler.o)
 .text.system_interrupt_disable
                0x0000c54c       0x30 D:\nicol\Documents\Atmel Studio\7.0\Mensagens\libudev_sigfox_edk.a(eic_handler.o)
 .text.fnEIC_Handler_Enable_Input_Digital
                0x0000c57c       0x44 D:\nicol\Documents\Atmel Studio\7.0\Mensagens\libudev_sigfox_edk.a(eic_handler.o)
                0x0000c57c                fnEIC_Handler_Enable_Input_Digital
 .text.fnEIC_Handler_Disable_Input_Digital
                0x0000c5c0       0x2c D:\nicol\Documents\Atmel Studio\7.0\Mensagens\libudev_sigfox_edk.a(eic_handler.o)
                0x0000c5c0                fnEIC_Handler_Disable_Input_Digital
 .text.fnEIC_Disable_Int
                0x0000c5ec       0x40 D:\nicol\Documents\Atmel Studio\7.0\Mensagens\libudev_sigfox_edk.a(eic_handler.o)
                0x0000c5ec                fnEIC_Disable_Int
 .text.EIC_Handler
                0x0000c62c       0x88 D:\nicol\Documents\Atmel Studio\7.0\Mensagens\libudev_sigfox_edk.a(eic_handler.o)
                0x0000c62c                EIC_Handler
 .text.expandKey
                0x0000c6b4      0x40c D:\nicol\Documents\Atmel Studio\7.0\Mensagens\libudev_sigfox_edk.a(aes.o)
 .text.galois_mul2
                0x0000cac0       0x3c D:\nicol\Documents\Atmel Studio\7.0\Mensagens\libudev_sigfox_edk.a(aes.o)
 .text.aes_decr
                0x0000cafc      0xed4 D:\nicol\Documents\Atmel Studio\7.0\Mensagens\libudev_sigfox_edk.a(aes.o)
 .text.fnAES_Decrypt
                0x0000d9d0       0x38 D:\nicol\Documents\Atmel Studio\7.0\Mensagens\libudev_sigfox_edk.a(aes.o)
                0x0000d9d0                fnAES_Decrypt
 .text.system_gclk_chan_get_config_defaults
                0x0000da08       0x16 D:\nicol\Documents\Atmel Studio\7.0\Mensagens\libudev_sigfox_edk.a(i2c_master.o)
 *fill*         0x0000da1e        0x2 
 .text.system_apb_clock_set_mask
                0x0000da20       0x5c D:\nicol\Documents\Atmel Studio\7.0\Mensagens\libudev_sigfox_edk.a(i2c_master.o)
 .text.system_pinmux_get_config_defaults
                0x0000da7c       0x28 D:\nicol\Documents\Atmel Studio\7.0\Mensagens\libudev_sigfox_edk.a(i2c_master.o)
 .text.system_is_debugger_present
                0x0000daa4       0x20 D:\nicol\Documents\Atmel Studio\7.0\Mensagens\libudev_sigfox_edk.a(i2c_master.o)
 .text.i2c_master_is_syncing
                0x0000dac4       0x24 D:\nicol\Documents\Atmel Studio\7.0\Mensagens\libudev_sigfox_edk.a(i2c_master.o)
 .text._i2c_master_wait_for_sync
                0x0000dae8       0x24 D:\nicol\Documents\Atmel Studio\7.0\Mensagens\libudev_sigfox_edk.a(i2c_master.o)
 .text.i2c_master_disable
                0x0000db0c       0x3c D:\nicol\Documents\Atmel Studio\7.0\Mensagens\libudev_sigfox_edk.a(i2c_master.o)
 .text._i2c_master_set_config
                0x0000db48      0x42c D:\nicol\Documents\Atmel Studio\7.0\Mensagens\libudev_sigfox_edk.a(i2c_master.o)
 .text.i2c_master_init
                0x0000df74       0xd0 D:\nicol\Documents\Atmel Studio\7.0\Mensagens\libudev_sigfox_edk.a(i2c_master.o)
                0x0000df74                i2c_master_init
 .text.i2c_master_reset
                0x0000e044       0x3c D:\nicol\Documents\Atmel Studio\7.0\Mensagens\libudev_sigfox_edk.a(i2c_master.o)
                0x0000e044                i2c_master_reset
 .text._i2c_master_address_response
                0x0000e080       0x5e D:\nicol\Documents\Atmel Studio\7.0\Mensagens\libudev_sigfox_edk.a(i2c_master.o)
                0x0000e080                _i2c_master_address_response
 .text._i2c_master_wait_for_bus
                0x0000e0de       0x5e D:\nicol\Documents\Atmel Studio\7.0\Mensagens\libudev_sigfox_edk.a(i2c_master.o)
                0x0000e0de                _i2c_master_wait_for_bus
 .text._i2c_master_send_hs_master_code
                0x0000e13c       0x54 D:\nicol\Documents\Atmel Studio\7.0\Mensagens\libudev_sigfox_edk.a(i2c_master.o)
                0x0000e13c                _i2c_master_send_hs_master_code
 .text._i2c_master_read_packet
                0x0000e190      0x274 D:\nicol\Documents\Atmel Studio\7.0\Mensagens\libudev_sigfox_edk.a(i2c_master.o)
 .text.i2c_master_read_packet_wait
                0x0000e404       0x30 D:\nicol\Documents\Atmel Studio\7.0\Mensagens\libudev_sigfox_edk.a(i2c_master.o)
                0x0000e404                i2c_master_read_packet_wait
 .text.i2c_master_read_packet_wait_no_stop
                0x0000e434       0x30 D:\nicol\Documents\Atmel Studio\7.0\Mensagens\libudev_sigfox_edk.a(i2c_master.o)
                0x0000e434                i2c_master_read_packet_wait_no_stop
 .text._i2c_master_write_packet
                0x0000e464      0x178 D:\nicol\Documents\Atmel Studio\7.0\Mensagens\libudev_sigfox_edk.a(i2c_master.o)
 .text.i2c_master_write_packet_wait
                0x0000e5dc       0x30 D:\nicol\Documents\Atmel Studio\7.0\Mensagens\libudev_sigfox_edk.a(i2c_master.o)
                0x0000e5dc                i2c_master_write_packet_wait
 .text.i2c_master_write_packet_wait_no_stop
                0x0000e60c       0x30 D:\nicol\Documents\Atmel Studio\7.0\Mensagens\libudev_sigfox_edk.a(i2c_master.o)
                0x0000e60c                i2c_master_write_packet_wait_no_stop
 .text.system_apb_clock_set_mask
                0x0000e63c       0x5c D:\nicol\Documents\Atmel Studio\7.0\Mensagens\libudev_sigfox_edk.a(wdt.o)
 .text.wdt_is_syncing
                0x0000e698       0x28 D:\nicol\Documents\Atmel Studio\7.0\Mensagens\libudev_sigfox_edk.a(wdt.o)
 .text.wdt_is_locked
                0x0000e6c0       0x28 D:\nicol\Documents\Atmel Studio\7.0\Mensagens\libudev_sigfox_edk.a(wdt.o)
 .text.wdt_set_config
                0x0000e6e8      0x178 D:\nicol\Documents\Atmel Studio\7.0\Mensagens\libudev_sigfox_edk.a(wdt.o)
                0x0000e6e8                wdt_set_config
 .text.wdt_reset_count
                0x0000e860       0x2c D:\nicol\Documents\Atmel Studio\7.0\Mensagens\libudev_sigfox_edk.a(wdt.o)
                0x0000e860                wdt_reset_count
 .text.system_gclk_chan_get_config_defaults
                0x0000e88c       0x16 D:\nicol\Documents\Atmel Studio\7.0\Mensagens\libudev_sigfox_edk.a(extint.o)
 *fill*         0x0000e8a2        0x2 
 .text.system_apb_clock_set_mask
                0x0000e8a4       0x5c D:\nicol\Documents\Atmel Studio\7.0\Mensagens\libudev_sigfox_edk.a(extint.o)
 .text.system_pinmux_get_config_defaults
                0x0000e900       0x28 D:\nicol\Documents\Atmel Studio\7.0\Mensagens\libudev_sigfox_edk.a(extint.o)
 .text._extint_get_eic_from_channel
                0x0000e928       0x4c D:\nicol\Documents\Atmel Studio\7.0\Mensagens\libudev_sigfox_edk.a(extint.o)
 .text.extint_is_syncing
                0x0000e974       0x48 D:\nicol\Documents\Atmel Studio\7.0\Mensagens\libudev_sigfox_edk.a(extint.o)
 .text._system_extint_init
                0x0000e9bc       0xa0 D:\nicol\Documents\Atmel Studio\7.0\Mensagens\libudev_sigfox_edk.a(extint.o)
                0x0000e9bc                _system_extint_init
 .text._extint_enable
                0x0000ea5c       0x64 D:\nicol\Documents\Atmel Studio\7.0\Mensagens\libudev_sigfox_edk.a(extint.o)
 .text.extint_chan_set_config
                0x0000eac0       0xfc D:\nicol\Documents\Atmel Studio\7.0\Mensagens\libudev_sigfox_edk.a(extint.o)
                0x0000eac0                extint_chan_set_config
 .text._usb_host_interrupt_handler
                0x0000ebbc      0x4dc D:\nicol\Documents\Atmel Studio\7.0\Mensagens\libudev_sigfox_edk.a(usb.o)
 .text._usb_device_interrupt_handler
                0x0000f098      0x580 D:\nicol\Documents\Atmel Studio\7.0\Mensagens\libudev_sigfox_edk.a(usb.o)
 .text.USB_Handler
                0x0000f618       0x34 D:\nicol\Documents\Atmel Studio\7.0\Mensagens\libudev_sigfox_edk.a(usb.o)
                0x0000f618                USB_Handler
 .text.nvm_get_config_defaults
                0x0000f64c       0x3c D:\nicol\Documents\Atmel Studio\7.0\Mensagens\libudev_sigfox_edk.a(eeprom.o)
 .text._eeprom_emulator_nvm_erase_row
                0x0000f688       0x48 D:\nicol\Documents\Atmel Studio\7.0\Mensagens\libudev_sigfox_edk.a(eeprom.o)
 .text._eeprom_emulator_nvm_fill_cache
                0x0000f6d0       0x50 D:\nicol\Documents\Atmel Studio\7.0\Mensagens\libudev_sigfox_edk.a(eeprom.o)
 .text._eeprom_emulator_nvm_commit_cache
                0x0000f720       0x4c D:\nicol\Documents\Atmel Studio\7.0\Mensagens\libudev_sigfox_edk.a(eeprom.o)
 .text._eeprom_emulator_nvm_read_page
                0x0000f76c       0x50 D:\nicol\Documents\Atmel Studio\7.0\Mensagens\libudev_sigfox_edk.a(eeprom.o)
 .text._eeprom_emulator_format_memory
                0x0000f7bc       0xec D:\nicol\Documents\Atmel Studio\7.0\Mensagens\libudev_sigfox_edk.a(eeprom.o)
 .text._eeprom_emulator_is_full_row
                0x0000f8a8       0x64 D:\nicol\Documents\Atmel Studio\7.0\Mensagens\libudev_sigfox_edk.a(eeprom.o)
 .text._eeprom_emulator_erase_invalid_page
                0x0000f90c       0x54 D:\nicol\Documents\Atmel Studio\7.0\Mensagens\libudev_sigfox_edk.a(eeprom.o)
 .text._eeprom_emulator_check_logical_page
                0x0000f960       0xcc D:\nicol\Documents\Atmel Studio\7.0\Mensagens\libudev_sigfox_edk.a(eeprom.o)
 .text._eeprom_emulator_update_page_mapping
                0x0000fa2c      0x154 D:\nicol\Documents\Atmel Studio\7.0\Mensagens\libudev_sigfox_edk.a(eeprom.o)
 .text._eeprom_emulator_create_master_page
                0x0000fb80       0xc8 D:\nicol\Documents\Atmel Studio\7.0\Mensagens\libudev_sigfox_edk.a(eeprom.o)
 .text._eeprom_emulator_verify_master_page
                0x0000fc48       0xa0 D:\nicol\Documents\Atmel Studio\7.0\Mensagens\libudev_sigfox_edk.a(eeprom.o)
 .text.eeprom_emulator_init
                0x0000fce8       0xe8 D:\nicol\Documents\Atmel Studio\7.0\Mensagens\libudev_sigfox_edk.a(eeprom.o)
                0x0000fce8                eeprom_emulator_init
 .text.eeprom_emulator_erase_memory
                0x0000fdd0       0x24 D:\nicol\Documents\Atmel Studio\7.0\Mensagens\libudev_sigfox_edk.a(eeprom.o)
                0x0000fdd0                eeprom_emulator_erase_memory
 .text.eeprom_emulator_read_page
                0x0000fdf4       0x9c D:\nicol\Documents\Atmel Studio\7.0\Mensagens\libudev_sigfox_edk.a(eeprom.o)
                0x0000fdf4                eeprom_emulator_read_page
 .text          0x0000fe90      0x114 d:/program files (x86)/atmel/studio/7.0/toolchain/arm/arm-gnu-toolchain/bin/../lib/gcc/arm-none-eabi/6.3.1/thumb/v6-m\libgcc.a(_udivsi3.o)
                0x0000fe90                __aeabi_uidiv
                0x0000fe90                __udivsi3
                0x0000ff9c                __aeabi_uidivmod
 .text          0x0000ffa4        0x4 d:/program files (x86)/atmel/studio/7.0/toolchain/arm/arm-gnu-toolchain/bin/../lib/gcc/arm-none-eabi/6.3.1/thumb/v6-m\libgcc.a(_dvmd_tls.o)
                0x0000ffa4                __aeabi_idiv0
                0x0000ffa4                __aeabi_ldiv0
 .text          0x0000ffa8       0x3c d:/program files (x86)/atmel/studio/7.0/toolchain/arm/arm-gnu-toolchain/bin/../lib/gcc/arm-none-eabi/6.3.1/thumb/v6-m\libgcc.a(_clzsi2.o)
                0x0000ffa8                __clzsi2
 .text          0x0000ffe4       0x40 d:/program files (x86)/atmel/studio/7.0/toolchain/arm/arm-gnu-toolchain/bin/../lib/gcc/arm-none-eabi/6.3.1/thumb/v6-m\libgcc.a(_ctzsi2.o)
                0x0000ffe4                __ctzsi2
 .text          0x00010024       0x40 d:/program files (x86)/atmel/studio/7.0/toolchain/arm/arm-gnu-toolchain/bin/../lib/gcc/arm-none-eabi/6.3.1/thumb/v6-m\libgcc.a(_aeabi_uldivmod.o)
                0x00010024                __aeabi_uldivmod
 .text          0x00010064       0x54 d:/program files (x86)/atmel/studio/7.0/toolchain/arm/arm-gnu-toolchain/bin/../lib/gcc/arm-none-eabi/6.3.1/thumb/v6-m\libgcc.a(_muldi3.o)
                0x00010064                __muldi3
                0x00010064                __aeabi_lmul
 .text          0x000100b8      0x180 d:/program files (x86)/atmel/studio/7.0/toolchain/arm/arm-gnu-toolchain/bin/../lib/gcc/arm-none-eabi/6.3.1/thumb/v6-m\libgcc.a(_udivmoddi4.o)
                0x000100b8                __udivmoddi4
 .text          0x00010238      0x620 d:/program files (x86)/atmel/studio/7.0/toolchain/arm/arm-gnu-toolchain/bin/../lib/gcc/arm-none-eabi/6.3.1/thumb/v6-m\libgcc.a(adddf3.o)
                0x00010238                __aeabi_dadd
 .text          0x00010858      0x668 d:/program files (x86)/atmel/studio/7.0/toolchain/arm/arm-gnu-toolchain/bin/../lib/gcc/arm-none-eabi/6.3.1/thumb/v6-m\libgcc.a(divdf3.o)
                0x00010858                __aeabi_ddiv
 .text          0x00010ec0      0x500 d:/program files (x86)/atmel/studio/7.0/toolchain/arm/arm-gnu-toolchain/bin/../lib/gcc/arm-none-eabi/6.3.1/thumb/v6-m\libgcc.a(muldf3.o)
                0x00010ec0                __aeabi_dmul
 .text          0x000113c0      0x62c d:/program files (x86)/atmel/studio/7.0/toolchain/arm/arm-gnu-toolchain/bin/../lib/gcc/arm-none-eabi/6.3.1/thumb/v6-m\libgcc.a(subdf3.o)
                0x000113c0                __aeabi_dsub
 .text          0x000119ec       0x68 d:/program files (x86)/atmel/studio/7.0/toolchain/arm/arm-gnu-toolchain/bin/../lib/gcc/arm-none-eabi/6.3.1/thumb/v6-m\libgcc.a(fixdfsi.o)
                0x000119ec                __aeabi_d2iz
 .text          0x00011a54       0x70 d:/program files (x86)/atmel/studio/7.0/toolchain/arm/arm-gnu-toolchain/bin/../lib/gcc/arm-none-eabi/6.3.1/thumb/v6-m\libgcc.a(floatunsidf.o)
                0x00011a54                __aeabi_ui2d
 .text          0x00011ac4       0x18 d:/program files (x86)/atmel/studio/7.0/toolchain/arm/arm-gnu-toolchain/bin/../lib/gcc/arm-none-eabi/6.3.1/thumb/v6-m\libgcc.a(_clzdi2.o)
                0x00011ac4                __clzdi2
 .text.__libc_init_array
                0x00011adc       0x48 d:/program files (x86)/atmel/studio/7.0/toolchain/arm/arm-gnu-toolchain/bin/../lib/gcc/arm-none-eabi/6.3.1/../../../../arm-none-eabi/lib/thumb/v6-m\libc.a(lib_a-init.o)
                0x00011adc                __libc_init_array
 .text.__itoa   0x00011b24       0x30 d:/program files (x86)/atmel/studio/7.0/toolchain/arm/arm-gnu-toolchain/bin/../lib/gcc/arm-none-eabi/6.3.1/../../../../arm-none-eabi/lib/thumb/v6-m\libc.a(lib_a-itoa.o)
                0x00011b24                __itoa
 .text.itoa     0x00011b54        0x8 d:/program files (x86)/atmel/studio/7.0/toolchain/arm/arm-gnu-toolchain/bin/../lib/gcc/arm-none-eabi/6.3.1/../../../../arm-none-eabi/lib/thumb/v6-m\libc.a(lib_a-itoa.o)
                0x00011b54                itoa
 .text.memcmp   0x00011b5c       0x4c d:/program files (x86)/atmel/studio/7.0/toolchain/arm/arm-gnu-toolchain/bin/../lib/gcc/arm-none-eabi/6.3.1/../../../../arm-none-eabi/lib/thumb/v6-m\libc.a(lib_a-memcmp.o)
                0x00011b5c                memcmp
 .text.memcpy   0x00011ba8       0x84 d:/program files (x86)/atmel/studio/7.0/toolchain/arm/arm-gnu-toolchain/bin/../lib/gcc/arm-none-eabi/6.3.1/../../../../arm-none-eabi/lib/thumb/v6-m\libc.a(lib_a-memcpy-stub.o)
                0x00011ba8                memcpy
 .text.memset   0x00011c2c       0x94 d:/program files (x86)/atmel/studio/7.0/toolchain/arm/arm-gnu-toolchain/bin/../lib/gcc/arm-none-eabi/6.3.1/../../../../arm-none-eabi/lib/thumb/v6-m\libc.a(lib_a-memset.o)
                0x00011c2c                memset
 .text.strcat   0x00011cc0       0x4c d:/program files (x86)/atmel/studio/7.0/toolchain/arm/arm-gnu-toolchain/bin/../lib/gcc/arm-none-eabi/6.3.1/../../../../arm-none-eabi/lib/thumb/v6-m\libc.a(lib_a-strcat.o)
                0x00011cc0                strcat
 .text.strcpy   0x00011d0c       0x10 d:/program files (x86)/atmel/studio/7.0/toolchain/arm/arm-gnu-toolchain/bin/../lib/gcc/arm-none-eabi/6.3.1/../../../../arm-none-eabi/lib/thumb/v6-m\libc.a(lib_a-strcpy.o)
                0x00011d0c                strcpy
 .text.strlen   0x00011d1c       0x64 d:/program files (x86)/atmel/studio/7.0/toolchain/arm/arm-gnu-toolchain/bin/../lib/gcc/arm-none-eabi/6.3.1/../../../../arm-none-eabi/lib/thumb/v6-m\libc.a(lib_a-strlen-stub.o)
                0x00011d1c                strlen
 .text.__utoa   0x00011d80       0x8c d:/program files (x86)/atmel/studio/7.0/toolchain/arm/arm-gnu-toolchain/bin/../lib/gcc/arm-none-eabi/6.3.1/../../../../arm-none-eabi/lib/thumb/v6-m\libc.a(lib_a-utoa.o)
                0x00011d80                __utoa
 .text.startup.register_fini
                0x00011e0c       0x18 d:/program files (x86)/atmel/studio/7.0/toolchain/arm/arm-gnu-toolchain/bin/../lib/gcc/arm-none-eabi/6.3.1/../../../../arm-none-eabi/lib/thumb/v6-m\libc.a(lib_a-__call_atexit.o)
 .text.atexit   0x00011e24       0x10 d:/program files (x86)/atmel/studio/7.0/toolchain/arm/arm-gnu-toolchain/bin/../lib/gcc/arm-none-eabi/6.3.1/../../../../arm-none-eabi/lib/thumb/v6-m\libc.a(lib_a-atexit.o)
                0x00011e24                atexit
 .text.__libc_fini_array
                0x00011e34       0x34 d:/program files (x86)/atmel/studio/7.0/toolchain/arm/arm-gnu-toolchain/bin/../lib/gcc/arm-none-eabi/6.3.1/../../../../arm-none-eabi/lib/thumb/v6-m\libc.a(lib_a-fini.o)
                0x00011e34                __libc_fini_array
 .text.__retarget_lock_acquire_recursive
                0x00011e68        0x4 d:/program files (x86)/atmel/studio/7.0/toolchain/arm/arm-gnu-toolchain/bin/../lib/gcc/arm-none-eabi/6.3.1/../../../../arm-none-eabi/lib/thumb/v6-m\libc.a(lib_a-lock.o)
                0x00011e68                __retarget_lock_acquire_recursive
 .text.__retarget_lock_release_recursive
                0x00011e6c        0x4 d:/program files (x86)/atmel/studio/7.0/toolchain/arm/arm-gnu-toolchain/bin/../lib/gcc/arm-none-eabi/6.3.1/../../../../arm-none-eabi/lib/thumb/v6-m\libc.a(lib_a-lock.o)
                0x00011e6c                __retarget_lock_release_recursive
 .text.__register_exitproc
                0x00011e70       0xf4 d:/program files (x86)/atmel/studio/7.0/toolchain/arm/arm-gnu-toolchain/bin/../lib/gcc/arm-none-eabi/6.3.1/../../../../arm-none-eabi/lib/thumb/v6-m\libc.a(lib_a-__atexit.o)
                0x00011e70                __register_exitproc
 *(.glue_7t)
 .glue_7t       0x00011f64        0x0 linker stubs
 *(.glue_7)
 .glue_7        0x00011f64        0x0 linker stubs
 *(.rodata .rodata* .gnu.linkonce.r.*)
 .rodata.str1.4
                0x00011f64       0x44 main.o
 .rodata        0x00011fa8       0x99 D:\nicol\Documents\Atmel Studio\7.0\Mensagens\libudev_sigfox_edk.a(radio.o)
 *fill*         0x00012041        0x3 
 .rodata        0x00012044       0x18 D:\nicol\Documents\Atmel Studio\7.0\Mensagens\libudev_sigfox_edk.a(sercom.o)
 .rodata        0x0001205c       0x16 D:\nicol\Documents\Atmel Studio\7.0\Mensagens\libudev_sigfox_edk.a(tc.o)
 *fill*         0x00012072        0x2 
 .rodata.ast_input_desc
                0x00012074       0x10 D:\nicol\Documents\Atmel Studio\7.0\Mensagens\libudev_sigfox_edk.a(port_input_digital.o)
                0x00012074                ast_input_desc
 .rodata.ast_input_states
                0x00012084       0x20 D:\nicol\Documents\Atmel Studio\7.0\Mensagens\libudev_sigfox_edk.a(port_input_digital.o)
                0x00012084                ast_input_states
 .rodata.au8_lib_key
                0x000120a4       0x10 D:\nicol\Documents\Atmel Studio\7.0\Mensagens\libudev_sigfox_edk.a(security.o)
 .rodata        0x000120b4       0x4f D:\nicol\Documents\Atmel Studio\7.0\Mensagens\libudev_sigfox_edk.a(comm.o)
 *fill*         0x00012103        0x1 
 .rodata.nvm_execute_command
                0x00012104      0x118 D:\nicol\Documents\Atmel Studio\7.0\Mensagens\libudev_sigfox_edk.a(nvm.o)
 .rodata.st_gpio_config
                0x0001221c       0x24 D:\nicol\Documents\Atmel Studio\7.0\Mensagens\libudev_sigfox_edk.a(config.o)
                0x0001221c                st_gpio_config
 .rodata.system_clock_source_get_hz
                0x00012240       0x24 D:\nicol\Documents\Atmel Studio\7.0\Mensagens\libudev_sigfox_edk.a(clock.o)
 .rodata.system_clock_source_enable
                0x00012264       0x24 D:\nicol\Documents\Atmel Studio\7.0\Mensagens\libudev_sigfox_edk.a(clock.o)
 .rodata.system_clock_source_is_ready
                0x00012288       0x24 D:\nicol\Documents\Atmel Studio\7.0\Mensagens\libudev_sigfox_edk.a(clock.o)
 .rodata.g_sbox
                0x000122ac      0x100 D:\nicol\Documents\Atmel Studio\7.0\Mensagens\libudev_sigfox_edk.a(aes.o)
 .rodata.g_rsbox
                0x000123ac      0x100 D:\nicol\Documents\Atmel Studio\7.0\Mensagens\libudev_sigfox_edk.a(aes.o)
 .rodata.g_rcon
                0x000124ac        0xb D:\nicol\Documents\Atmel Studio\7.0\Mensagens\libudev_sigfox_edk.a(aes.o)
 *fill*         0x000124b7        0x1 
 .rodata._usb_device_irq_bits
                0x000124b8        0xe D:\nicol\Documents\Atmel Studio\7.0\Mensagens\libudev_sigfox_edk.a(usb.o)
 *fill*         0x000124c6        0x2 
 .rodata        0x000124c8        0xc D:\nicol\Documents\Atmel Studio\7.0\Mensagens\libudev_sigfox_edk.a(eeprom.o)
 .rodata        0x000124d4       0x40 d:/program files (x86)/atmel/studio/7.0/toolchain/arm/arm-gnu-toolchain/bin/../lib/gcc/arm-none-eabi/6.3.1/thumb/v6-m\libgcc.a(divdf3.o)
 .rodata        0x00012514       0x40 d:/program files (x86)/atmel/studio/7.0/toolchain/arm/arm-gnu-toolchain/bin/../lib/gcc/arm-none-eabi/6.3.1/thumb/v6-m\libgcc.a(muldf3.o)
 .rodata._global_impure_ptr
                0x00012554        0x4 d:/program files (x86)/atmel/studio/7.0/toolchain/arm/arm-gnu-toolchain/bin/../lib/gcc/arm-none-eabi/6.3.1/../../../../arm-none-eabi/lib/thumb/v6-m\libc.a(lib_a-impure.o)
                0x00012554                _global_impure_ptr
 .rodata.__utoa.str1.4
                0x00012558       0x28 d:/program files (x86)/atmel/studio/7.0/toolchain/arm/arm-gnu-toolchain/bin/../lib/gcc/arm-none-eabi/6.3.1/../../../../arm-none-eabi/lib/thumb/v6-m\libc.a(lib_a-utoa.o)
                                 0x25 (size before relaxing)
 *(.ARM.extab* .gnu.linkonce.armextab.*)
                0x00012580                . = ALIGN (0x4)
 *(.init)
 .init          0x00012580        0x4 d:/program files (x86)/atmel/studio/7.0/toolchain/arm/arm-gnu-toolchain/bin/../lib/gcc/arm-none-eabi/6.3.1/thumb/v6-m/crti.o
                0x00012580                _init
 .init          0x00012584        0x8 d:/program files (x86)/atmel/studio/7.0/toolchain/arm/arm-gnu-toolchain/bin/../lib/gcc/arm-none-eabi/6.3.1/thumb/v6-m/crtn.o
                0x0001258c                . = ALIGN (0x4)
                0x0001258c                __preinit_array_start = .
 *(.preinit_array)
                0x0001258c                __preinit_array_end = .
                0x0001258c                . = ALIGN (0x4)
                0x0001258c                __init_array_start = .
 *(SORT(.init_array.*))
 .init_array.00000
                0x0001258c        0x4 d:/program files (x86)/atmel/studio/7.0/toolchain/arm/arm-gnu-toolchain/bin/../lib/gcc/arm-none-eabi/6.3.1/../../../../arm-none-eabi/lib/thumb/v6-m\libc.a(lib_a-__call_atexit.o)
 *(.init_array)
 .init_array    0x00012590        0x4 d:/program files (x86)/atmel/studio/7.0/toolchain/arm/arm-gnu-toolchain/bin/../lib/gcc/arm-none-eabi/6.3.1/thumb/v6-m/crtbegin.o
                0x00012594                __init_array_end = .
                0x00012594                . = ALIGN (0x4)
 *crtbegin.o(.ctors)
 *(EXCLUDE_FILE(*crtend.o) .ctors)
 *(SORT(.ctors.*))
 *crtend.o(.ctors)
                0x00012594                . = ALIGN (0x4)
 *(.fini)
 .fini          0x00012594        0x4 d:/program files (x86)/atmel/studio/7.0/toolchain/arm/arm-gnu-toolchain/bin/../lib/gcc/arm-none-eabi/6.3.1/thumb/v6-m/crti.o
                0x00012594                _fini
 .fini          0x00012598        0x8 d:/program files (x86)/atmel/studio/7.0/toolchain/arm/arm-gnu-toolchain/bin/../lib/gcc/arm-none-eabi/6.3.1/thumb/v6-m/crtn.o
                0x000125a0                . = ALIGN (0x4)
                0x000125a0                __fini_array_start = .
 *(.fini_array)
 .fini_array    0x000125a0        0x4 d:/program files (x86)/atmel/studio/7.0/toolchain/arm/arm-gnu-toolchain/bin/../lib/gcc/arm-none-eabi/6.3.1/thumb/v6-m/crtbegin.o
 *(SORT(.fini_array.*))
                0x000125a4                __fini_array_end = .
 *crtbegin.o(.dtors)
 *(EXCLUDE_FILE(*crtend.o) .dtors)
 *(SORT(.dtors.*))
 *crtend.o(.dtors)
                0x000125a4                . = ALIGN (0x4)
                0x000125a4                _efixed = .
                [!provide]                PROVIDE (__exidx_start, .)

.vfp11_veneer   0x000125a4        0x0
 .vfp11_veneer  0x000125a4        0x0 linker stubs

.v4_bx          0x000125a4        0x0
 .v4_bx         0x000125a4        0x0 linker stubs

.iplt           0x000125a4        0x0
 .iplt          0x000125a4        0x0 d:/program files (x86)/atmel/studio/7.0/toolchain/arm/arm-gnu-toolchain/bin/../lib/gcc/arm-none-eabi/6.3.1/thumb/v6-m/crtbegin.o

.ARM.exidx      0x000125a4        0x8
 *(.ARM.exidx* .gnu.linkonce.armexidx.*)
 .ARM.exidx     0x000125a4        0x8 d:/program files (x86)/atmel/studio/7.0/toolchain/arm/arm-gnu-toolchain/bin/../lib/gcc/arm-none-eabi/6.3.1/thumb/v6-m\libgcc.a(_udivmoddi4.o)
                [!provide]                PROVIDE (__exidx_end, .)

.eh_frame       0x000125ac        0x0
 .eh_frame      0x000125ac        0x0 d:/program files (x86)/atmel/studio/7.0/toolchain/arm/arm-gnu-toolchain/bin/../lib/gcc/arm-none-eabi/6.3.1/thumb/v6-m/crtbegin.o

.rel.dyn        0x000125ac        0x0
 .rel.iplt      0x000125ac        0x0 d:/program files (x86)/atmel/studio/7.0/toolchain/arm/arm-gnu-toolchain/bin/../lib/gcc/arm-none-eabi/6.3.1/thumb/v6-m/crtbegin.o

.jcr            0x000125ac        0x0
 .jcr           0x000125ac        0x0 d:/program files (x86)/atmel/studio/7.0/toolchain/arm/arm-gnu-toolchain/bin/../lib/gcc/arm-none-eabi/6.3.1/thumb/v6-m/crtbegin.o

.igot.plt       0x000125ac        0x0
 .igot.plt      0x000125ac        0x0 d:/program files (x86)/atmel/studio/7.0/toolchain/arm/arm-gnu-toolchain/bin/../lib/gcc/arm-none-eabi/6.3.1/thumb/v6-m/crtbegin.o
                0x000125ac                . = ALIGN (0x4)
                0x000125ac                _etext = .

.relocate       0x20000000      0x4c4 load address 0x000125ac
                0x20000000                . = ALIGN (0x4)
                0x20000000                _srelocate = .
 *(.ramfunc .ramfunc.*)
 .ramfunc       0x20000000        0xc D:\nicol\Documents\Atmel Studio\7.0\Mensagens\libudev_sigfox_edk.a(cycle_counter.o)
                0x20000000                portable_delay_cycles
 *(.data .data.*)
 .data          0x2000000c       0x19 main.o
                0x2000000c                ID
                0x20000010                horas
                0x20000014                raio
                0x20000018                direcao
                0x2000001c                segundos
                0x20000020                minutos
                0x20000024                __b_system_low_power_enabled__
 *fill*         0x20000025        0x3 
 .data.ast_debounce_input_table
                0x20000028       0x10 D:\nicol\Documents\Atmel Studio\7.0\Mensagens\libudev_sigfox_edk.a(port_input_digital.o)
                0x20000028                ast_debounce_input_table
 .data.g_interrupt_enabled
                0x20000038        0x1 D:\nicol\Documents\Atmel Studio\7.0\Mensagens\libudev_sigfox_edk.a(interrupt_sam_nvic.o)
                0x20000038                g_interrupt_enabled
 *fill*         0x20000039        0x3 
 .data.ast_event_control_table
                0x2000003c       0x50 D:\nicol\Documents\Atmel Studio\7.0\Mensagens\libudev_sigfox_edk.a(event.o)
                0x2000003c                ast_event_control_table
 .data.st_packet
                0x2000008c        0xc D:\nicol\Documents\Atmel Studio\7.0\Mensagens\libudev_sigfox_edk.a(i2c.o)
                0x2000008c                st_packet
 .data.impure_data
                0x20000098      0x428 d:/program files (x86)/atmel/studio/7.0/toolchain/arm/arm-gnu-toolchain/bin/../lib/gcc/arm-none-eabi/6.3.1/../../../../arm-none-eabi/lib/thumb/v6-m\libc.a(lib_a-impure.o)
 .data.__atexit_recursive_mutex
                0x200004c0        0x4 d:/program files (x86)/atmel/studio/7.0/toolchain/arm/arm-gnu-toolchain/bin/../lib/gcc/arm-none-eabi/6.3.1/../../../../arm-none-eabi/lib/thumb/v6-m\libc.a(lib_a-__call_atexit.o)
                0x200004c0                __atexit_recursive_mutex
                0x200004c4                . = ALIGN (0x4)
                0x200004c4                _erelocate = .

.bss            0x200004c4      0x9a4 load address 0x00012a70
                0x200004c4                . = ALIGN (0x4)
                0x200004c4                _sbss = .
                0x200004c4                _szero = .
 *(.bss .bss.*)
 .bss           0x200004c4       0x1c d:/program files (x86)/atmel/studio/7.0/toolchain/arm/arm-gnu-toolchain/bin/../lib/gcc/arm-none-eabi/6.3.1/thumb/v6-m/crtbegin.o
 .bss.st_tx_ring_buffer_sigfox
                0x200004e0       0x82 D:\nicol\Documents\Atmel Studio\7.0\Mensagens\libudev_sigfox_edk.a(uart_sigfox.o)
 *fill*         0x20000562        0x2 
 .bss._sercom_config
                0x20000564        0x2 D:\nicol\Documents\Atmel Studio\7.0\Mensagens\libudev_sigfox_edk.a(sercom.o)
 .bss.timer_request_counter
                0x20000566        0x1 D:\nicol\Documents\Atmel Studio\7.0\Mensagens\libudev_sigfox_edk.a(system_timer.o)
 *fill*         0x20000567        0x1 
 .bss.u32_rtc_counter
                0x20000568        0x4 D:\nicol\Documents\Atmel Studio\7.0\Mensagens\libudev_sigfox_edk.a(rtc.o)
 .bss.au8_device_serial_number
                0x2000056c       0x10 D:\nicol\Documents\Atmel Studio\7.0\Mensagens\libudev_sigfox_edk.a(security.o)
 .bss.au8_device_flash_key
                0x2000057c       0x10 D:\nicol\Documents\Atmel Studio\7.0\Mensagens\libudev_sigfox_edk.a(security.o)
 .bss.b_is_module_licensed
                0x2000058c        0x1 D:\nicol\Documents\Atmel Studio\7.0\Mensagens\libudev_sigfox_edk.a(security.o)
 *fill*         0x2000058d        0x3 
 .bss.cpu_irq_critical_section_counter
                0x20000590        0x4 D:\nicol\Documents\Atmel Studio\7.0\Mensagens\libudev_sigfox_edk.a(interrupt_sam_nvic.o)
 .bss.cpu_irq_prev_interrupt_state
                0x20000594        0x1 D:\nicol\Documents\Atmel Studio\7.0\Mensagens\libudev_sigfox_edk.a(interrupt_sam_nvic.o)
 *fill*         0x20000595        0x3 
 .bss.st_event_ring_buffer
                0x20000598       0x82 D:\nicol\Documents\Atmel Studio\7.0\Mensagens\libudev_sigfox_edk.a(event.o)
 *fill*         0x2000061a        0x2 
 .bss.udi_cdc_line_coding
                0x2000061c        0x7 D:\nicol\Documents\Atmel Studio\7.0\Mensagens\libudev_sigfox_edk.a(udi_cdc.o)
 .bss.udi_cdc_data_running
                0x20000623        0x1 D:\nicol\Documents\Atmel Studio\7.0\Mensagens\libudev_sigfox_edk.a(udi_cdc.o)
 .bss.udi_cdc_tx_buf
                0x20000624       0x80 D:\nicol\Documents\Atmel Studio\7.0\Mensagens\libudev_sigfox_edk.a(udi_cdc.o)
 .bss.udi_cdc_tx_buf_nb
                0x200006a4        0x4 D:\nicol\Documents\Atmel Studio\7.0\Mensagens\libudev_sigfox_edk.a(udi_cdc.o)
 .bss.udi_cdc_tx_buf_sel
                0x200006a8        0x1 D:\nicol\Documents\Atmel Studio\7.0\Mensagens\libudev_sigfox_edk.a(udi_cdc.o)
 *fill*         0x200006a9        0x3 
 .bss.udi_cdc_tx_trans_ongoing
                0x200006ac        0x1 D:\nicol\Documents\Atmel Studio\7.0\Mensagens\libudev_sigfox_edk.a(udi_cdc.o)
 *fill*         0x200006ad        0x3 
 .bss.udi_cdc_tx_both_buf_to_send
                0x200006b0        0x1 D:\nicol\Documents\Atmel Studio\7.0\Mensagens\libudev_sigfox_edk.a(udi_cdc.o)
 *fill*         0x200006b1        0x3 
 .bss._nvm_dev  0x200006b4        0x6 D:\nicol\Documents\Atmel Studio\7.0\Mensagens\libudev_sigfox_edk.a(nvm.o)
 .bss.b_host_port_enable
                0x200006ba        0x1 D:\nicol\Documents\Atmel Studio\7.0\Mensagens\libudev_sigfox_edk.a(console_usb.o)
 *fill*         0x200006bb        0x1 
 .bss.au8_eeprom_data
                0x200006bc       0x3c D:\nicol\Documents\Atmel Studio\7.0\Mensagens\libudev_sigfox_edk.a(flash_eeprom.o)
 .bss._system_clock_inst
                0x200006f8       0x18 D:\nicol\Documents\Atmel Studio\7.0\Mensagens\libudev_sigfox_edk.a(clock.o)
 .bss.b_eic_input_digital_int
                0x20000710        0x1 D:\nicol\Documents\Atmel Studio\7.0\Mensagens\libudev_sigfox_edk.a(eic_handler.o)
 .bss.b_eic_sensor_int
                0x20000711        0x1 D:\nicol\Documents\Atmel Studio\7.0\Mensagens\libudev_sigfox_edk.a(eic_handler.o)
 .bss.b_eic_block_external_int
                0x20000712        0x1 D:\nicol\Documents\Atmel Studio\7.0\Mensagens\libudev_sigfox_edk.a(eic_handler.o)
 *fill*         0x20000713        0x1 
 .bss._usb_instances
                0x20000714        0x4 D:\nicol\Documents\Atmel Studio\7.0\Mensagens\libudev_sigfox_edk.a(usb.o)
 .bss.pipe_callback_para
                0x20000718        0x6 D:\nicol\Documents\Atmel Studio\7.0\Mensagens\libudev_sigfox_edk.a(usb.o)
 *fill*         0x2000071e        0x2 
 .bss.device_callback_lpm_wakeup_enable
                0x20000720        0x4 D:\nicol\Documents\Atmel Studio\7.0\Mensagens\libudev_sigfox_edk.a(usb.o)
 .bss.ep_callback_para
                0x20000724        0x8 D:\nicol\Documents\Atmel Studio\7.0\Mensagens\libudev_sigfox_edk.a(usb.o)
 .bss.host_pipe_job_busy_status
                0x2000072c        0x4 D:\nicol\Documents\Atmel Studio\7.0\Mensagens\libudev_sigfox_edk.a(usb.o)
                0x2000072c                host_pipe_job_busy_status
 .bss._eeprom_instance
                0x20000730       0xcc D:\nicol\Documents\Atmel Studio\7.0\Mensagens\libudev_sigfox_edk.a(eeprom.o)
 *(COMMON)
 COMMON         0x200007fc       0x14 main.o
                0x200007fc                relogio1
                0x20000800                msg
                0x2000080c                relogio2
 COMMON         0x20000810       0xf4 D:\nicol\Documents\Atmel Studio\7.0\Mensagens\libudev_sigfox_edk.a(radio.o)
                0x20000810                au8_radio_rx_temp_buffer
                0x20000850                b_radio_in_test_mode
                0x20000854                st_radio_test_timer
                0x20000856                u8_radio_tx_buffer_size
                0x20000857                u8_radio_rx_buffer_size
                0x20000858                au8_radio_rx_buffer
                0x20000898                st_radio_data
                0x200008bb                u8_radio_rx_temp_buffer_size
                0x200008bc                radio_timer_tc_instance
                0x200008c4                au8_radio_tx_buffer
 COMMON         0x20000904        0xc D:\nicol\Documents\Atmel Studio\7.0\Mensagens\libudev_sigfox_edk.a(uart_sigfox.o)
                0x20000904                usart_instance_interface
 COMMON         0x20000910      0x1c4 D:\nicol\Documents\Atmel Studio\7.0\Mensagens\libudev_sigfox_edk.a(system_timer.o)
                0x20000910                st_timer
                0x20000ad0                x_system_tick_counter
 COMMON         0x20000ad4       0x28 D:\nicol\Documents\Atmel Studio\7.0\Mensagens\libudev_sigfox_edk.a(port_input_digital.o)
                0x20000ad4                st_debounce_desc_channel_1
                0x20000ae8                st_debounce_desc_channel_2
 COMMON         0x20000afc        0x8 D:\nicol\Documents\Atmel Studio\7.0\Mensagens\libudev_sigfox_edk.a(rtc.o)
                0x20000afc                rtc_instance
 COMMON         0x20000b04       0x6a D:\nicol\Documents\Atmel Studio\7.0\Mensagens\libudev_sigfox_edk.a(main.o)
                0x20000b04                st_system_status
                0x20000b68                un_system_flags
                0x20000b6c                un_system_power
 *fill*         0x20000b6e        0x2 
 COMMON         0x20000b70        0xb D:\nicol\Documents\Atmel Studio\7.0\Mensagens\libudev_sigfox_edk.a(one_wire.o)
                0x20000b70                ROM_NO
                0x20000b78                LastFamilyDiscrepancy
                0x20000b79                LastDeviceFlag
                0x20000b7a                LastDiscrepancy
 *fill*         0x20000b7b        0x1 
 COMMON         0x20000b7c        0x4 D:\nicol\Documents\Atmel Studio\7.0\Mensagens\libudev_sigfox_edk.a(rtc_count.o)
                0x20000b7c                _rtc_instance
 COMMON         0x20000b80       0x85 D:\nicol\Documents\Atmel Studio\7.0\Mensagens\libudev_sigfox_edk.a(comm.o)
                0x20000b80                u8_usb_size_temp
                0x20000b84                au8_usb_buffer
                0x20000bc4                au8_usb_buffer_temp
                0x20000c04                u8_usb_size
 *fill*         0x20000c05        0x3 
 COMMON         0x20000c08       0x38 D:\nicol\Documents\Atmel Studio\7.0\Mensagens\libudev_sigfox_edk.a(fxos8700cq.o)
                0x20000c08                au8_fxos8700cq_write_buffer
                0x20000c18                au8_fxos8700cq_read_buffer
                0x20000c28                st_fxos8700cq_converted_data
                0x20000c2e                u8_fxos8700cq_read_size
                0x20000c2f                u8_fxos8700cq_write_size
                0x20000c30                st_fxos8700cq_data
 COMMON         0x20000c40       0x10 D:\nicol\Documents\Atmel Studio\7.0\Mensagens\libudev_sigfox_edk.a(i2c.o)
                0x20000c40                b_clock_strecht_active
                0x20000c44                st_i2c_master_instance_1
 COMMON         0x20000c50        0xa D:\nicol\Documents\Atmel Studio\7.0\Mensagens\libudev_sigfox_edk.a(input_digital.o)
                0x20000c50                b_timeout_running
                0x20000c54                st_input_timer_index
                0x20000c58                st_input_timeout_index
 *fill*         0x20000c5a        0x2 
 COMMON         0x20000c5c       0x38 D:\nicol\Documents\Atmel Studio\7.0\Mensagens\libudev_sigfox_edk.a(output_digital.o)
                0x20000c5c                ast_output_control
 COMMON         0x20000c94       0xb0 D:\nicol\Documents\Atmel Studio\7.0\Mensagens\libudev_sigfox_edk.a(aes.o)
                0x20000c94                g_expanded_key
 COMMON         0x20000d44      0x100 D:\nicol\Documents\Atmel Studio\7.0\Mensagens\libudev_sigfox_edk.a(usb.o)
                0x20000d44                usb_descriptor_table
 COMMON         0x20000e44       0x21 d:/program files (x86)/atmel/studio/7.0/toolchain/arm/arm-gnu-toolchain/bin/../lib/gcc/arm-none-eabi/6.3.1/../../../../arm-none-eabi/lib/thumb/v6-m\libc.a(lib_a-lock.o)
                0x20000e44                __lock___atexit_recursive_mutex
                0x20000e48                __lock___arc4random_mutex
                0x20000e4c                __lock___env_recursive_mutex
                0x20000e50                __lock___sinit_recursive_mutex
                0x20000e54                __lock___malloc_recursive_mutex
                0x20000e58                __lock___at_quick_exit_mutex
                0x20000e5c                __lock___dd_hash_mutex
                0x20000e60                __lock___tz_mutex
                0x20000e64                __lock___sfp_recursive_mutex
                0x20000e68                . = ALIGN (0x4)
 *fill*         0x20000e65        0x3 
                0x20000e68                _ebss = .
                0x20000e68                _ezero = .

.stack          0x20000e68     0x2000 load address 0x00013414
                0x20000e68                . = ALIGN (0x8)
                0x20000e68                _sstack = .
                0x20002e68                . = (. + STACK_SIZE)
 *fill*         0x20000e68     0x2000 
                0x20002e68                . = ALIGN (0x8)
                0x20002e68                _estack = .
                0x20002e68                . = ALIGN (0x4)
                0x20002e68                _end = .
OUTPUT(Mensagens.elf elf32-littlearm)

.ARM.attributes
                0x00000000       0x28
 .ARM.attributes
                0x00000000       0x1e d:/program files (x86)/atmel/studio/7.0/toolchain/arm/arm-gnu-toolchain/bin/../lib/gcc/arm-none-eabi/6.3.1/thumb/v6-m/crti.o
 .ARM.attributes
                0x0000001e       0x2c d:/program files (x86)/atmel/studio/7.0/toolchain/arm/arm-gnu-toolchain/bin/../lib/gcc/arm-none-eabi/6.3.1/thumb/v6-m/crtbegin.o
 .ARM.attributes
                0x0000004a       0x32 propria.o
 .ARM.attributes
                0x0000007c       0x32 Device_Startup/startup_samd21.o
 .ARM.attributes
                0x000000ae       0x32 main.o
 .ARM.attributes
                0x000000e0       0x32 D:\nicol\Documents\Atmel Studio\7.0\Mensagens\libudev_sigfox_edk.a(gpio.o)
 .ARM.attributes
                0x00000112       0x32 D:\nicol\Documents\Atmel Studio\7.0\Mensagens\libudev_sigfox_edk.a(radio.o)
 .ARM.attributes
                0x00000144       0x32 D:\nicol\Documents\Atmel Studio\7.0\Mensagens\libudev_sigfox_edk.a(uart_sigfox.o)
 .ARM.attributes
                0x00000176       0x32 D:\nicol\Documents\Atmel Studio\7.0\Mensagens\libudev_sigfox_edk.a(usart.o)
 .ARM.attributes
                0x000001a8       0x32 D:\nicol\Documents\Atmel Studio\7.0\Mensagens\libudev_sigfox_edk.a(sercom.o)
 .ARM.attributes
                0x000001da       0x32 D:\nicol\Documents\Atmel Studio\7.0\Mensagens\libudev_sigfox_edk.a(tc.o)
 .ARM.attributes
                0x0000020c       0x32 D:\nicol\Documents\Atmel Studio\7.0\Mensagens\libudev_sigfox_edk.a(port.o)
 .ARM.attributes
                0x0000023e       0x32 D:\nicol\Documents\Atmel Studio\7.0\Mensagens\libudev_sigfox_edk.a(ring_buffer_byte.o)
 .ARM.attributes
                0x00000270       0x32 D:\nicol\Documents\Atmel Studio\7.0\Mensagens\libudev_sigfox_edk.a(debug.o)
 .ARM.attributes
                0x000002a2       0x32 D:\nicol\Documents\Atmel Studio\7.0\Mensagens\libudev_sigfox_edk.a(delay_loop.o)
 .ARM.attributes
                0x000002d4       0x32 D:\nicol\Documents\Atmel Studio\7.0\Mensagens\libudev_sigfox_edk.a(system_timer.o)
 .ARM.attributes
                0x00000306       0x32 D:\nicol\Documents\Atmel Studio\7.0\Mensagens\libudev_sigfox_edk.a(string_utils.o)
 .ARM.attributes
                0x00000338       0x32 D:\nicol\Documents\Atmel Studio\7.0\Mensagens\libudev_sigfox_edk.a(port_debug.o)
 .ARM.attributes
                0x0000036a       0x32 D:\nicol\Documents\Atmel Studio\7.0\Mensagens\libudev_sigfox_edk.a(port_delay_loop.o)
 .ARM.attributes
                0x0000039c       0x32 D:\nicol\Documents\Atmel Studio\7.0\Mensagens\libudev_sigfox_edk.a(port_input_digital.o)
 .ARM.attributes
                0x000003ce       0x32 D:\nicol\Documents\Atmel Studio\7.0\Mensagens\libudev_sigfox_edk.a(rtc.o)
 .ARM.attributes
                0x00000400       0x32 D:\nicol\Documents\Atmel Studio\7.0\Mensagens\libudev_sigfox_edk.a(gclk.o)
 .ARM.attributes
                0x00000432       0x32 D:\nicol\Documents\Atmel Studio\7.0\Mensagens\libudev_sigfox_edk.a(pinmux.o)
 .ARM.attributes
                0x00000464       0x32 D:\nicol\Documents\Atmel Studio\7.0\Mensagens\libudev_sigfox_edk.a(main.o)
 .ARM.attributes
                0x00000496       0x32 D:\nicol\Documents\Atmel Studio\7.0\Mensagens\libudev_sigfox_edk.a(app.o)
 .ARM.attributes
                0x000004c8       0x32 D:\nicol\Documents\Atmel Studio\7.0\Mensagens\libudev_sigfox_edk.a(security.o)
 .ARM.attributes
                0x000004fa       0x32 D:\nicol\Documents\Atmel Studio\7.0\Mensagens\libudev_sigfox_edk.a(interrupt_sam_nvic.o)
 .ARM.attributes
                0x0000052c       0x32 D:\nicol\Documents\Atmel Studio\7.0\Mensagens\libudev_sigfox_edk.a(event.o)
 .ARM.attributes
                0x0000055e       0x32 D:\nicol\Documents\Atmel Studio\7.0\Mensagens\libudev_sigfox_edk.a(one_wire.o)
 .ARM.attributes
                0x00000590       0x32 D:\nicol\Documents\Atmel Studio\7.0\Mensagens\libudev_sigfox_edk.a(port_one_wire.o)
 .ARM.attributes
                0x000005c2       0x32 D:\nicol\Documents\Atmel Studio\7.0\Mensagens\libudev_sigfox_edk.a(rtc_count.o)
 .ARM.attributes
                0x000005f4       0x32 D:\nicol\Documents\Atmel Studio\7.0\Mensagens\libudev_sigfox_edk.a(comm.o)
 .ARM.attributes
                0x00000626       0x32 D:\nicol\Documents\Atmel Studio\7.0\Mensagens\libudev_sigfox_edk.a(cycle_counter.o)
 .ARM.attributes
                0x00000658       0x32 D:\nicol\Documents\Atmel Studio\7.0\Mensagens\libudev_sigfox_edk.a(udi_cdc.o)
 .ARM.attributes
                0x0000068a       0x32 D:\nicol\Documents\Atmel Studio\7.0\Mensagens\libudev_sigfox_edk.a(nvm.o)
 .ARM.attributes
                0x000006bc       0x32 D:\nicol\Documents\Atmel Studio\7.0\Mensagens\libudev_sigfox_edk.a(config.o)
 .ARM.attributes