Archive member included to satisfy reference by file (symbol)

D:\nicol\Documents\Atmel Studio\7.0\Mensagens\libudev_sigfox_edk.a(gpio.o)
                              main.o (fnGPIO_LED_Toggle)
D:\nicol\Documents\Atmel Studio\7.0\Mensagens\libudev_sigfox_edk.a(radio.o)
                              main.o (fnRADIO_Init)
D:\nicol\Documents\Atmel Studio\7.0\Mensagens\libudev_sigfox_edk.a(uart_sigfox.o)
                              D:\nicol\Documents\Atmel Studio\7.0\Mensagens\libudev_sigfox_edk.a(radio.o) (fnUART_SIGFOX_Init)
D:\nicol\Documents\Atmel Studio\7.0\Mensagens\libudev_sigfox_edk.a(usart.o)
                              D:\nicol\Documents\Atmel Studio\7.0\Mensagens\libudev_sigfox_edk.a(uart_sigfox.o) (usart_init)
D:\nicol\Documents\Atmel Studio\7.0\Mensagens\libudev_sigfox_edk.a(sercom.o)
                              D:\nicol\Documents\Atmel Studio\7.0\Mensagens\libudev_sigfox_edk.a(usart.o) (_sercom_get_sync_baud_val)
D:\nicol\Documents\Atmel Studio\7.0\Mensagens\libudev_sigfox_edk.a(tc.o)
                              D:\nicol\Documents\Atmel Studio\7.0\Mensagens\libudev_sigfox_edk.a(radio.o) (tc_init)
D:\nicol\Documents\Atmel Studio\7.0\Mensagens\libudev_sigfox_edk.a(port.o)
                              D:\nicol\Documents\Atmel Studio\7.0\Mensagens\libudev_sigfox_edk.a(gpio.o) (port_pin_set_config)
D:\nicol\Documents\Atmel Studio\7.0\Mensagens\libudev_sigfox_edk.a(console_usb.o)
                              main.o (fnCONSOLE_USB_Init)
D:\nicol\Documents\Atmel Studio\7.0\Mensagens\libudev_sigfox_edk.a(ring_buffer_byte.o)
                              D:\nicol\Documents\Atmel Studio\7.0\Mensagens\libudev_sigfox_edk.a(uart_sigfox.o) (fnRING_BUFFER_BYTE_Insert)
D:\nicol\Documents\Atmel Studio\7.0\Mensagens\libudev_sigfox_edk.a(debug.o)
                              main.o (fnDEBUG_Const_String)
D:\nicol\Documents\Atmel Studio\7.0\Mensagens\libudev_sigfox_edk.a(delay_loop.o)
                              main.o (fnDELAY_LOOP_ms)
D:\nicol\Documents\Atmel Studio\7.0\Mensagens\libudev_sigfox_edk.a(system_timer.o)
                              D:\nicol\Documents\Atmel Studio\7.0\Mensagens\libudev_sigfox_edk.a(radio.o) (fnTIMER_Stop)
D:\nicol\Documents\Atmel Studio\7.0\Mensagens\libudev_sigfox_edk.a(string_utils.o)
                              D:\nicol\Documents\Atmel Studio\7.0\Mensagens\libudev_sigfox_edk.a(debug.o) (fnConvert_8bitHex_To_Decimal_Ascii_String)
D:\nicol\Documents\Atmel Studio\7.0\Mensagens\libudev_sigfox_edk.a(port_debug.o)
                              D:\nicol\Documents\Atmel Studio\7.0\Mensagens\libudev_sigfox_edk.a(debug.o) (fnDEBUG_PORT_Send_String)
D:\nicol\Documents\Atmel Studio\7.0\Mensagens\libudev_sigfox_edk.a(port_delay_loop.o)
                              D:\nicol\Documents\Atmel Studio\7.0\Mensagens\libudev_sigfox_edk.a(delay_loop.o) (fnDELAY_LOOP_PORT_us)
D:\nicol\Documents\Atmel Studio\7.0\Mensagens\libudev_sigfox_edk.a(port_input_digital.o)
                              D:\nicol\Documents\Atmel Studio\7.0\Mensagens\libudev_sigfox_edk.a(radio.o) (fnINPUT_Get_Radio_Cpu)
D:\nicol\Documents\Atmel Studio\7.0\Mensagens\libudev_sigfox_edk.a(rtc.o)
                              propria.o (fnRTC_Get_Count)
D:\nicol\Documents\Atmel Studio\7.0\Mensagens\libudev_sigfox_edk.a(gclk.o)
                              D:\nicol\Documents\Atmel Studio\7.0\Mensagens\libudev_sigfox_edk.a(usart.o) (system_gclk_chan_set_config)
D:\nicol\Documents\Atmel Studio\7.0\Mensagens\libudev_sigfox_edk.a(pinmux.o)
                              D:\nicol\Documents\Atmel Studio\7.0\Mensagens\libudev_sigfox_edk.a(usart.o) (system_pinmux_pin_set_config)
D:\nicol\Documents\Atmel Studio\7.0\Mensagens\libudev_sigfox_edk.a(main.o)
                              D:\nicol\Documents\Atmel Studio\7.0\Mensagens\libudev_sigfox_edk.a(radio.o) (un_system_flags)
D:\nicol\Documents\Atmel Studio\7.0\Mensagens\libudev_sigfox_edk.a(app.o)
                              D:\nicol\Documents\Atmel Studio\7.0\Mensagens\libudev_sigfox_edk.a(main.o) (fnAPP_Process_Events)
D:\nicol\Documents\Atmel Studio\7.0\Mensagens\libudev_sigfox_edk.a(security.o)
                              D:\nicol\Documents\Atmel Studio\7.0\Mensagens\libudev_sigfox_edk.a(app.o) (fnSECURITY_Init)
D:\nicol\Documents\Atmel Studio\7.0\Mensagens\libudev_sigfox_edk.a(interrupt_sam_nvic.o)
                              D:\nicol\Documents\Atmel Studio\7.0\Mensagens\libudev_sigfox_edk.a(app.o) (g_interrupt_enabled)
D:\nicol\Documents\Atmel Studio\7.0\Mensagens\libudev_sigfox_edk.a(event.o)
                              D:\nicol\Documents\Atmel Studio\7.0\Mensagens\libudev_sigfox_edk.a(app.o) (fnEVENT_Init)
D:\nicol\Documents\Atmel Studio\7.0\Mensagens\libudev_sigfox_edk.a(one_wire.o)
                              D:\nicol\Documents\Atmel Studio\7.0\Mensagens\libudev_sigfox_edk.a(app.o) (fnONE_WIRE_Init)
D:\nicol\Documents\Atmel Studio\7.0\Mensagens\libudev_sigfox_edk.a(port_one_wire.o)
[...]
Memory Configuration

Name             Origin             Length             Attributes
rom              0x00006000         0x00040000         xr
ram              0x20000000         0x00008000         xrw
*default*        0x00000000         0xffffffff

Linker script and memory map

LOAD d:/program files (x86)/atmel/studio/7.0/toolchain/arm/arm-gnu-toolchain/bin/../lib/gcc/arm-none-eabi/6.3.1/thumb/v6-m/crti.o
LOAD d:/program files (x86)/atmel/studio/7.0/toolchain/arm/arm-gnu-toolchain/bin/../lib/gcc/arm-none-eabi/6.3.1/thumb/v6-m/crtbegin.o
LOAD d:/program files (x86)/atmel/studio/7.0/toolchain/arm/arm-gnu-toolchain/bin/../lib/gcc/arm-none-eabi/6.3.1/../../../../arm-none-eabi/lib/thumb/v6-m/crt0.o
LOAD propria.o
LOAD Device_Startup/startup_samd21.o
LOAD main.o
START GROUP
LOAD d:/program files (x86)/atmel/studio/7.0/toolchain/arm/arm-gnu-toolchain/bin/../lib/gcc/arm-none-eabi/6.3.1/../../../../arm-none-eabi/lib/thumb/v6-m\libm.a
LOAD D:\nicol\Documents\Atmel Studio\7.0\Mensagens\libudev_sigfox_edk.a
END GROUP
Address of section .text set to 0x6000
START GROUP
LOAD d:/program files (x86)/atmel/studio/7.0/toolchain/arm/arm-gnu-toolchain/bin/../lib/gcc/arm-none-eabi/6.3.1/thumb/v6-m\libgcc.a
LOAD d:/program files (x86)/atmel/studio/7.0/toolchain/arm/arm-gnu-toolchain/bin/../lib/gcc/arm-none-eabi/6.3.1/../../../../arm-none-eabi/lib/thumb/v6-m\libc.a
END GROUP
LOAD d:/program files (x86)/atmel/studio/7.0/toolchain/arm/arm-gnu-toolchain/bin/../lib/gcc/arm-none-eabi/6.3.1/thumb/v6-m/crtend.o
LOAD d:/program files (x86)/atmel/studio/7.0/toolchain/arm/arm-gnu-toolchain/bin/../lib/gcc/arm-none-eabi/6.3.1/thumb/v6-m/crtn.o
                0x00002000                STACK_SIZE = DEFINED (STACK_SIZE)?STACK_SIZE:DEFINED (__stack_size__)?__stack_size__:0x2000

.text           0x00006000    0x10e10
                0x00006000                . = ALIGN (0x4)
                0x00006000                _sfixed = .
 *(.vectors .vectors.*)
 .vectors       0x00006000       0xb4 Device_Startup/startup_samd21.o
                0x00006000                exception_table
 *(.text .text.* .gnu.linkonce.t.*)
 .text          0x000060b4       0x60 d:/program files (x86)/atmel/studio/7.0/toolchain/arm/arm-gnu-toolchain/bin/../lib/gcc/arm-none-eabi/6.3.1/thumb/v6-m/crtbegin.o
 .text.convert_int_to_string
                0x00006114       0x64 propria.o
                0x00006114                convert_int_to_string
 .text.send_message
                0x00006178       0x34 propria.o
                0x00006178                send_message
 .text.Dummy_Handler
                0x000061ac        0x2 Device_Startup/startup_samd21.o
                0x000061ac                DMAC_Handler
                0x000061ac                HardFault_Handler
                0x000061ac                AC_Handler
                0x000061ac                PendSV_Handler
                0x000061ac                NMI_Handler
                0x000061ac                SERCOM1_Handler
                0x000061ac                ADC_Handler
                0x000061ac                TCC1_Handler
                0x000061ac                SERCOM2_Handler
                0x000061ac                TCC0_Handler
                0x000061ac                WDT_Handler
                0x000061ac                TC4_Handler
                0x000061ac                Dummy_Handler
                0x000061ac                PM_Handler
                0x000061ac                SERCOM5_Handler
                0x000061ac                SVC_Handler
                0x000061ac                TCC2_Handler
                0x000061ac                EVSYS_Handler
                0x000061ac                SERCOM4_Handler
                0x000061ac                I2S_Handler
                0x000061ac                NVMCTRL_Handler
                0x000061ac                SERCOM0_Handler
                0x000061ac                DAC_Handler
                0x000061ac                PTC_Handler
                0x000061ac                TC5_Handler
                0x000061ac                SYSCTRL_Handler
 *fill*         0x000061ae        0x2 
 .text.Reset_Handler
                0x000061b0       0xe4 Device_Startup/startup_samd21.o
                0x000061b0                Reset_Handler
 .text.fnUSER_Setup
                0x00006294       0x30 main.o
                0x00006294                fnUSER_Setup
 .text.fnUSER_Loop
                0x000062c4      0x128 main.o
                0x000062c4                fnUSER_Loop
 .text.fnGPIO_LED_Toggle
                0x000063ec       0x18 D:\nicol\Documents\Atmel Studio\7.0\Mensagens\libudev_sigfox_edk.a(gpio.o)
                0x000063ec                fnGPIO_LED_Toggle
 .text.system_interrupt_enable
                0x00006404       0x2c D:\nicol\Documents\Atmel Studio\7.0\Mensagens\libudev_sigfox_edk.a(radio.o)
 .text.tc_get_config_defaults
                0x00006430       0x88 D:\nicol\Documents\Atmel Studio\7.0\Mensagens\libudev_sigfox_edk.a(radio.o)
 .text.fnRADIO_Init
                0x000064b8      0x16c D:\nicol\Documents\Atmel Studio\7.0\Mensagens\libudev_sigfox_edk.a(radio.o)
                0x000064b8                fnRADIO_Init
 .text.fnRADIO_Check_Comm
                0x00006624       0xb8 D:\nicol\Documents\Atmel Studio\7.0\Mensagens\libudev_sigfox_edk.a(radio.o)
                0x00006624                fnRADIO_Check_Comm
 .text.fnRADIO_Get_Info_Pool_Mode
                0x000066dc       0xf8 D:\nicol\Documents\Atmel Studio\7.0\Mensagens\libudev_sigfox_edk.a(radio.o)
                0x000066dc                fnRADIO_Get_Info_Pool_Mode
 .text.fnRADIO_Set_Sleep_Mode
                0x000067d4       0xac D:\nicol\Documents\Atmel Studio\7.0\Mensagens\libudev_sigfox_edk.a(radio.o)
                0x000067d4                fnRADIO_Set_Sleep_Mode
 .text.fnRADIO_Send_Message
                0x00006880      0x21c D:\nicol\Documents\Atmel Studio\7.0\Mensagens\libudev_sigfox_edk.a(radio.o)
                0x00006880                fnRADIO_Send_Message
 .text.fnRADIO_Process_Packet_Received
                0x00006a9c       0xf4 D:\nicol\Documents\Atmel Studio\7.0\Mensagens\libudev_sigfox_edk.a(radio.o)
                0x00006a9c                fnRADIO_Process_Packet_Received
 .text.fnRADIO_Process_Timeout
                0x00006b90       0x50 D:\nicol\Documents\Atmel Studio\7.0\Mensagens\libudev_sigfox_edk.a(radio.o)
                0x00006b90                fnRADIO_Process_Timeout
 .text.fnRADIO_Send_Callback
                0x00006be0       0x58 D:\nicol\Documents\Atmel Studio\7.0\Mensagens\libudev_sigfox_edk.a(radio.o)
                0x00006be0                fnRADIO_Send_Callback
 .text.fnUART_SIGFOX_Rx_Callback
                0x00006c38       0xa8 D:\nicol\Documents\Atmel Studio\7.0\Mensagens\libudev_sigfox_edk.a(radio.o)
                0x00006c38                fnUART_SIGFOX_Rx_Callback
 .text.fnRADIO_UART_Rx_Parser_Reset
                0x00006ce0       0x24 D:\nicol\Documents\Atmel Studio\7.0\Mensagens\libudev_sigfox_edk.a(radio.o)
                0x00006ce0                fnRADIO_UART_Rx_Parser_Reset
 .text.fnRADIO_TIMER_Config
                0x00006d04       0x60 D:\nicol\Documents\Atmel Studio\7.0\Mensagens\libudev_sigfox_edk.a(radio.o)
                0x00006d04                fnRADIO_TIMER_Config
 .text.fnRADIO_TIMER_Start
                0x00006d64       0x84 D:\nicol\Documents\Atmel Studio\7.0\Mensagens\libudev_sigfox_edk.a(radio.o)
                0x00006d64                fnRADIO_TIMER_Start
 .text.fnRADIO_TIMER_Stop
                0x00006de8       0x48 D:\nicol\Documents\Atmel Studio\7.0\Mensagens\libudev_sigfox_edk.a(radio.o)
                0x00006de8                fnRADIO_TIMER_Stop
 .text.TC3_Handler
                0x00006e30       0x24 D:\nicol\Documents\Atmel Studio\7.0\Mensagens\libudev_sigfox_edk.a(radio.o)
                0x00006e30                TC3_Handler
 .text.fnRADIO_CALLBACK_Tx_End_Ok
                0x00006e54        0xa D:\nicol\Documents\Atmel Studio\7.0\Mensagens\libudev_sigfox_edk.a(radio.o)
                0x00006e54                fnRADIO_CALLBACK_Tx_End_Ok
 .text.fnRADIO_CALLBACK_Tx_End_Error
                0x00006e5e        0xa D:\nicol\Documents\Atmel Studio\7.0\Mensagens\libudev_sigfox_edk.a(radio.o)
                0x00006e5e                fnRADIO_CALLBACK_Tx_End_Error
 .text.fnRADIO_CALLBACK_Rx_End_Ok
                0x00006e68        0xa D:\nicol\Documents\Atmel Studio\7.0\Mensagens\libudev_sigfox_edk.a(radio.o)
                0x00006e68                fnRADIO_CALLBACK_Rx_End_Ok
 .text.fnRADIO_CALLBACK_Rx_End_Error
                0x00006e72        0xa D:\nicol\Documents\Atmel Studio\7.0\Mensagens\libudev_sigfox_edk.a(radio.o)
                0x00006e72                fnRADIO_CALLBACK_Rx_End_Error
 .text.system_interrupt_enable
                0x00006e7c       0x2c D:\nicol\Documents\Atmel Studio\7.0\Mensagens\libudev_sigfox_edk.a(uart_sigfox.o)
 .text.system_interrupt_disable
                0x00006ea8       0x30 D:\nicol\Documents\Atmel Studio\7.0\Mensagens\libudev_sigfox_edk.a(uart_sigfox.o)
 .text.usart_is_syncing
                0x00006ed8       0x20 D:\nicol\Documents\Atmel Studio\7.0\Mensagens\libudev_sigfox_edk.a(uart_sigfox.o)
 .text._usart_wait_for_sync
                0x00006ef8       0x24 D:\nicol\Documents\Atmel Studio\7.0\Mensagens\libudev_sigfox_edk.a(uart_sigfox.o)
 .text.usart_get_config_defaults
                0x00006f1c       0xbe D:\nicol\Documents\Atmel Studio\7.0\Mensagens\libudev_sigfox_edk.a(uart_sigfox.o)
 *fill*         0x00006fda        0x2 
 .text.usart_enable
                0x00006fdc       0x30 D:\nicol\Documents\Atmel Studio\7.0\Mensagens\libudev_sigfox_edk.a(uart_sigfox.o)
 .text.usart_disable
                0x0000700c       0x30 D:\nicol\Documents\Atmel Studio\7.0\Mensagens\libudev_sigfox_edk.a(uart_sigfox.o)
 .text.fnUART_SIGFOX_Init
                0x0000703c       0x84 D:\nicol\Documents\Atmel Studio\7.0\Mensagens\libudev_sigfox_edk.a(uart_sigfox.o)
                0x0000703c                fnUART_SIGFOX_Init
 .text.fnUART_SIGFOX_Enable
                0x000070c0       0x3c D:\nicol\Documents\Atmel Studio\7.0\Mensagens\libudev_sigfox_edk.a(uart_sigfox.o)
                0x000070c0                fnUART_SIGFOX_Enable
 .text.fnUART_SIGFOX_Disable
                0x000070fc       0x34 D:\nicol\Documents\Atmel Studio\7.0\Mensagens\libudev_sigfox_edk.a(uart_sigfox.o)
                0x000070fc                fnUART_SIGFOX_Disable
 .text.fnUART_SIGFOX_Send_String
                0x00007130       0x8c D:\nicol\Documents\Atmel Studio\7.0\Mensagens\libudev_sigfox_edk.a(uart_sigfox.o)
                0x00007130                fnUART_SIGFOX_Send_String
 .text.SERCOM3_Handler
                0x000071bc       0x60 D:\nicol\Documents\Atmel Studio\7.0\Mensagens\libudev_sigfox_edk.a(uart_sigfox.o)
                0x000071bc                SERCOM3_Handler
 .text.fnUART_SIGFOX_INT_Handler_Data_Register_Empty
                0x0000721c       0x40 D:\nicol\Documents\Atmel Studio\7.0\Mensagens\libudev_sigfox_edk.a(uart_sigfox.o)
                0x0000721c                fnUART_SIGFOX_INT_Handler_Data_Register_Empty
 .text.system_gclk_chan_get_config_defaults
                0x0000725c       0x16 D:\nicol\Documents\Atmel Studio\7.0\Mensagens\libudev_sigfox_edk.a(usart.o)
 *fill*         0x00007272        0x2 
 .text.system_apb_clock_set_mask
                0x00007274       0x5c D:\nicol\Documents\Atmel Studio\7.0\Mensagens\libudev_sigfox_edk.a(usart.o)
 .text.system_pinmux_get_config_defaults
                0x000072d0       0x28 D:\nicol\Documents\Atmel Studio\7.0\Mensagens\libudev_sigfox_edk.a(usart.o)
 .text.system_is_debugger_present
                0x000072f8       0x20 D:\nicol\Documents\Atmel Studio\7.0\Mensagens\libudev_sigfox_edk.a(usart.o)
 .text.usart_is_syncing
                0x00007318       0x20 D:\nicol\Documents\Atmel Studio\7.0\Mensagens\libudev_sigfox_edk.a(usart.o)
 .text._usart_wait_for_sync
                0x00007338       0x24 D:\nicol\Documents\Atmel Studio\7.0\Mensagens\libudev_sigfox_edk.a(usart.o)
 .text._usart_set_config
                0x0000735c      0x2dc D:\nicol\Documents\Atmel Studio\7.0\Mensagens\libudev_sigfox_edk.a(usart.o)
 .text.usart_init
                0x00007638      0x1dc D:\nicol\Documents\Atmel Studio\7.0\Mensagens\libudev_sigfox_edk.a(usart.o)
                0x00007638                usart_init
 .text.system_gclk_chan_get_config_defaults
                0x00007814       0x16 D:\nicol\Documents\Atmel Studio\7.0\Mensagens\libudev_sigfox_edk.a(sercom.o)
 .text.long_division
                0x0000782a       0xe0 D:\nicol\Documents\Atmel Studio\7.0\Mensagens\libudev_sigfox_edk.a(sercom.o)
 .text._sercom_get_sync_baud_val
                0x0000790a       0x7c D:\nicol\Documents\Atmel Studio\7.0\Mensagens\libudev_sigfox_edk.a(sercom.o)
                0x0000790a                _sercom_get_sync_baud_val
 *fill*         0x00007986        0x2 
 .text._sercom_get_async_baud_val
                0x00007988      0x1c0 D:\nicol\Documents\Atmel Studio\7.0\Mensagens\libudev_sigfox_edk.a(sercom.o)
                0x00007988                _sercom_get_async_baud_val
 .text.sercom_set_gclk_generator
                0x00007b48       0x8c D:\nicol\Documents\Atmel Studio\7.0\Mensagens\libudev_sigfox_edk.a(sercom.o)
                0x00007b48                sercom_set_gclk_generator
 .text._sercom_get_default_pad
                0x00007bd4      0x1bc D:\nicol\Documents\Atmel Studio\7.0\Mensagens\libudev_sigfox_edk.a(sercom.o)
                0x00007bd4                _sercom_get_default_pad
 .text._sercom_get_sercom_inst_index
                0x00007d90       0x50 D:\nicol\Documents\Atmel Studio\7.0\Mensagens\libudev_sigfox_edk.a(sercom.o)
                0x00007d90                _sercom_get_sercom_inst_index
 .text.system_gclk_chan_get_config_defaults
                0x00007de0       0x16 D:\nicol\Documents\Atmel Studio\7.0\Mensagens\libudev_sigfox_edk.a(tc.o)
 *fill*         0x00007df6        0x2 
 .text.system_apb_clock_set_mask
                0x00007df8       0x5c D:\nicol\Documents\Atmel Studio\7.0\Mensagens\libudev_sigfox_edk.a(tc.o)
 .text.system_pinmux_get_config_defaults
                0x00007e54       0x28 D:\nicol\Documents\Atmel Studio\7.0\Mensagens\libudev_sigfox_edk.a(tc.o)
 .text.tc_is_syncing
                0x00007e7c       0x28 D:\nicol\Documents\Atmel Studio\7.0\Mensagens\libudev_sigfox_edk.a(tc.o)
 .text._tc_get_inst_index
                0x00007ea4       0x48 D:\nicol\Documents\Atmel Studio\7.0\Mensagens\libudev_sigfox_edk.a(tc.o)
                0x00007ea4                _tc_get_inst_index
 .text.tc_init  0x00007eec      0x400 D:\nicol\Documents\Atmel Studio\7.0\Mensagens\libudev_sigfox_edk.a(tc.o)
                0x00007eec                tc_init
 .text.system_pinmux_get_config_defaults
                0x000082ec       0x28 D:\nicol\Documents\Atmel Studio\7.0\Mensagens\libudev_sigfox_edk.a(port.o)
 .text.port_pin_set_config
                0x00008314       0x60 D:\nicol\Documents\Atmel Studio\7.0\Mensagens\libudev_sigfox_edk.a(port.o)
                0x00008314                port_pin_set_config
 .text.fnCONSOLE_USB_Init
                0x00008374       0x34 D:\nicol\Documents\Atmel Studio\7.0\Mensagens\libudev_sigfox_edk.a(console_usb.o)
                0x00008374                fnCONSOLE_USB_Init
 .text.fnCONSOLE_USB_Is_CDC_Host_Comm_Enabled
                0x000083a8       0x14 D:\nicol\Documents\Atmel Studio\7.0\Mensagens\libudev_sigfox_edk.a(console_usb.o)
                0x000083a8                fnCONSOLE_USB_Is_CDC_Host_Comm_Enabled
 .text.hal_usb_sof_action
                0x000083bc       0x14 D:\nicol\Documents\Atmel Studio\7.0\Mensagens\libudev_sigfox_edk.a(console_usb.o)
                0x000083bc                hal_usb_sof_action
 .text.hal_usb_suspend_action
                0x000083d0       0x14 D:\nicol\Documents\Atmel Studio\7.0\Mensagens\libudev_sigfox_edk.a(console_usb.o)
                0x000083d0                hal_usb_suspend_action
 .text.hal_usb_resume_action
                0x000083e4        0xa D:\nicol\Documents\Atmel Studio\7.0\Mensagens\libudev_sigfox_edk.a(console_usb.o)
                0x000083e4                hal_usb_resume_action
 .text.hal_usb_suspend_lpm_action
                0x000083ee        0xa D:\nicol\Documents\Atmel Studio\7.0\Mensagens\libudev_sigfox_edk.a(console_usb.o)
                0x000083ee                hal_usb_suspend_lpm_action
 .text.hal_usb_remotewakeup_lpm_disable
                0x000083f8        0xa D:\nicol\Documents\Atmel Studio\7.0\Mensagens\libudev_sigfox_edk.a(console_usb.o)
                0x000083f8                hal_usb_remotewakeup_lpm_disable
 .text.hal_usb_remotewakeup_lpm_enable
                0x00008402        0xa D:\nicol\Documents\Atmel Studio\7.0\Mensagens\libudev_sigfox_edk.a(console_usb.o)
                0x00008402                hal_usb_remotewakeup_lpm_enable
 .text.hal_usb_cdc_enable
                0x0000840c       0x20 D:\nicol\Documents\Atmel Studio\7.0\Mensagens\libudev_sigfox_edk.a(console_usb.o)
                0x0000840c                hal_usb_cdc_enable
 .text.hal_usb_cdc_disable
                0x0000842c       0x20 D:\nicol\Documents\Atmel Studio\7.0\Mensagens\libudev_sigfox_edk.a(console_usb.o)
                0x0000842c                hal_usb_cdc_disable
 .text.hal_usb_cdc_rx_notify
                0x0000844c       0x38 D:\nicol\Documents\Atmel Studio\7.0\Mensagens\libudev_sigfox_edk.a(console_usb.o)
                0x0000844c                hal_usb_cdc_rx_notify
 .text.hal_usb_cdc_tx_empty_notify
                0x00008484       0x14 D:\nicol\Documents\Atmel Studio\7.0\Mensagens\libudev_sigfox_edk.a(console_usb.o)
                0x00008484                hal_usb_cdc_tx_empty_notify
 .text.hal_usb_cdc_set_dtr_ext
                0x00008498       0x28 D:\nicol\Documents\Atmel Studio\7.0\Mensagens\libudev_sigfox_edk.a(console_usb.o)
                0x00008498                hal_usb_cdc_set_dtr_ext
 .text.hal_usb_cdc_set_rts_ext
                0x000084c0       0x1a D:\nicol\Documents\Atmel Studio\7.0\Mensagens\libudev_sigfox_edk.a(console_usb.o)
                0x000084c0                hal_usb_cdc_set_rts_ext
 .text.hal_usb_cdc_set_coding_ext
                0x000084da       0x16 D:\nicol\Documents\Atmel Studio\7.0\Mensagens\libudev_sigfox_edk.a(console_usb.o)
                0x000084da                hal_usb_cdc_set_coding_ext
 .text.fnRING_BUFFER_BYTE_Init
                0x000084f0       0x20 D:\nicol\Documents\Atmel Studio\7.0\Mensagens\libudev_sigfox_edk.a(ring_buffer_byte.o)
                0x000084f0                fnRING_BUFFER_BYTE_Init
 .text.fnRING_BUFFER_BYTE_Insert
                0x00008510       0x68 D:\nicol\Documents\Atmel Studio\7.0\Mensagens\libudev_sigfox_edk.a(ring_buffer_byte.o)
                0x00008510                fnRING_BUFFER_BYTE_Insert
 .text.fnRING_BUFFER_BYTE_Get
                0x00008578       0x3e D:\nicol\Documents\Atmel Studio\7.0\Mensagens\libudev_sigfox_edk.a(ring_buffer_byte.o)
                0x00008578                fnRING_BUFFER_BYTE_Get
 .text.fnRING_BUFFER_BYTE_Is_Data_Avaiable
                0x000085b6       0x28 D:\nicol\Documents\Atmel Studio\7.0\Mensagens\libudev_sigfox_edk.a(ring_buffer_byte.o)
                0x000085b6                fnRING_BUFFER_BYTE_Is_Data_Avaiable
 *fill*         0x000085de        0x2 
 .text.fnDEBUG_Const_String
                0x000085e0       0x38 D:\nicol\Documents\Atmel Studio\7.0\Mensagens\libudev_sigfox_edk.a(debug.o)
                0x000085e0                fnDEBUG_Const_String
 .text.fnDEBUG_String_Size
                0x00008618       0x28 D:\nicol\Documents\Atmel Studio\7.0\Mensagens\libudev_sigfox_edk.a(debug.o)
                0x00008618                fnDEBUG_String_Size
 .text.fnDEBUG_Uint8_Value
                0x00008640       0x80 D:\nicol\Documents\Atmel Studio\7.0\Mensagens\libudev_sigfox_edk.a(debug.o)
                0x00008640                fnDEBUG_Uint8_Value
 .text.fnDELAY_LOOP_us
                0x000086c0       0x24 D:\nicol\Documents\Atmel Studio\7.0\Mensagens\libudev_sigfox_edk.a(delay_loop.o)
                0x000086c0                fnDELAY_LOOP_us
 .text.fnDELAY_LOOP_ms
                0x000086e4       0x24 D:\nicol\Documents\Atmel Studio\7.0\Mensagens\libudev_sigfox_edk.a(delay_loop.o)
                0x000086e4                fnDELAY_LOOP_ms
 .text.NVIC_SetPriority
                0x00008708       0xdc D:\nicol\Documents\Atmel Studio\7.0\Mensagens\libudev_sigfox_edk.a(system_timer.o)
 .text.SysTick_Disable
                0x000087e4       0x2c D:\nicol\Documents\Atmel Studio\7.0\Mensagens\libudev_sigfox_edk.a(system_timer.o)
 .text.fnTIMER_System_Tick_Init
                0x00008810       0x40 D:\nicol\Documents\Atmel Studio\7.0\Mensagens\libudev_sigfox_edk.a(system_timer.o)
                0x00008810                fnTIMER_System_Tick_Init
 .text.fnTIMER_System_Tick
                0x00008850       0x20 D:\nicol\Documents\Atmel Studio\7.0\Mensagens\libudev_sigfox_edk.a(system_timer.o)
                0x00008850                fnTIMER_System_Tick
 .text.fnTIMER_Start
                0x00008870      0x13c D:\nicol\Documents\Atmel Studio\7.0\Mensagens\libudev_sigfox_edk.a(system_timer.o)
                0x00008870                fnTIMER_Start
 .text.fnTIMER_Stop
                0x000089ac       0x9c D:\nicol\Documents\Atmel Studio\7.0\Mensagens\libudev_sigfox_edk.a(system_timer.o)
                0x000089ac                fnTIMER_Stop
 .text.fnTIMER_Update_Counters
                0x00008a48      0x12c D:\nicol\Documents\Atmel Studio\7.0\Mensagens\libudev_sigfox_edk.a(system_timer.o)
                0x00008a48                fnTIMER_Update_Counters
 .text.fnTIMER_HAL_Enable
                0x00008b74       0x3c D:\nicol\Documents\Atmel Studio\7.0\Mensagens\libudev_sigfox_edk.a(system_timer.o)
                0x00008b74                fnTIMER_HAL_Enable
 .text.fnTIMER_HAL_Disable
                0x00008bb0       0x48 D:\nicol\Documents\Atmel Studio\7.0\Mensagens\libudev_sigfox_edk.a(system_timer.o)
                0x00008bb0                fnTIMER_HAL_Disable
 .text.fnConvert_4bitHex_To_Ascii
                0x00008bf8       0x3a D:\nicol\Documents\Atmel Studio\7.0\Mensagens\libudev_sigfox_edk.a(string_utils.o)
                0x00008bf8                fnConvert_4bitHex_To_Ascii
 .text.fnConvert_Ascii_To_4bitHex
                0x00008c32       0x34 D:\nicol\Documents\Atmel Studio\7.0\Mensagens\libudev_sigfox_edk.a(string_utils.o)
                0x00008c32                fnConvert_Ascii_To_4bitHex
 *fill*         0x00008c66        0x2 
 .text.fnConvert_8bitHex_To_Decimal_Ascii_String
                0x00008c68       0x8c D:\nicol\Documents\Atmel Studio\7.0\Mensagens\libudev_sigfox_edk.a(string_utils.o)
                0x00008c68                fnConvert_8bitHex_To_Decimal_Ascii_String
 .text.fnConvert_HexString_To_AsciiString
                0x00008cf4       0x5c D:\nicol\Documents\Atmel Studio\7.0\Mensagens\libudev_sigfox_edk.a(string_utils.o)
                0x00008cf4                fnConvert_HexString_To_AsciiString
 .text.fnConvert_AsciiString_To_HexString
                0x00008d50       0x64 D:\nicol\Documents\Atmel Studio\7.0\Mensagens\libudev_sigfox_edk.a(string_utils.o)
                0x00008d50                fnConvert_AsciiString_To_HexString
 .text.fnDEBUG_PORT_Send_String
                0x00008db4       0x38 D:\nicol\Documents\Atmel Studio\7.0\Mensagens\libudev_sigfox_edk.a(port_debug.o)
                0x00008db4                fnDEBUG_PORT_Send_String
 .text.fnDELAY_LOOP_PORT_us
                0x00008dec       0xa8 D:\nicol\Documents\Atmel Studio\7.0\Mensagens\libudev_sigfox_edk.a(port_delay_loop.o)
                0x00008dec                fnDELAY_LOOP_PORT_us
 .text.fnDELAY_LOOP_PORT_ms
                0x00008e94       0xa8 D:\nicol\Documents\Atmel Studio\7.0\Mensagens\libudev_sigfox_edk.a(port_delay_loop.o)
                0x00008e94                fnDELAY_LOOP_PORT_ms
 .text.fnINPUT_Get_Button
                0x00008f3c       0x1c D:\nicol\Documents\Atmel Studio\7.0\Mensagens\libudev_sigfox_edk.a(port_input_digital.o)
                0x00008f3c                fnINPUT_Get_Button
 .text.fnINPUT_Get_4_20_mA
                0x00008f58       0x1c D:\nicol\Documents\Atmel Studio\7.0\Mensagens\libudev_sigfox_edk.a(port_input_digital.o)
                0x00008f58                fnINPUT_Get_4_20_mA
 .text.fnINPUT_Get_Radio_Cpu
                0x00008f74       0x20 D:\nicol\Documents\Atmel Studio\7.0\Mensagens\libudev_sigfox_edk.a(port_input_digital.o)
                0x00008f74                fnINPUT_Get_Radio_Cpu
 .text.system_interrupt_enable
                0x00008f94       0x2c D:\nicol\Documents\Atmel Studio\7.0\Mensagens\libudev_sigfox_edk.a(rtc.o)
 .text.fnRTC_Init
                0x00008fc0       0x6c D:\nicol\Documents\Atmel Studio\7.0\Mensagens\libudev_sigfox_edk.a(rtc.o)
                0x00008fc0                fnRTC_Init
 .text.fnRTC_Get_Count
                0x0000902c       0x14 D:\nicol\Documents\Atmel Studio\7.0\Mensagens\libudev_sigfox_edk.a(rtc.o)
                0x0000902c                fnRTC_Get_Count
 .text.fnRTC_Check
                0x00009040       0x34 D:\nicol\Documents\Atmel Studio\7.0\Mensagens\libudev_sigfox_edk.a(rtc.o)
                0x00009040                fnRTC_Check
 .text.RTC_Handler
                0x00009074       0x2c D:\nicol\Documents\Atmel Studio\7.0\Mensagens\libudev_sigfox_edk.a(rtc.o)
                0x00009074                RTC_Handler
 .text.system_apb_clock_set_mask
                0x000090a0       0x5c D:\nicol\Documents\Atmel Studio\7.0\Mensagens\libudev_sigfox_edk.a(gclk.o)
 .text.system_interrupt_enter_critical_section
                0x000090fc       0x14 D:\nicol\Documents\Atmel Studio\7.0\Mensagens\libudev_sigfox_edk.a(gclk.o)
 .text.system_interrupt_leave_critical_section
                0x00009110       0x14 D:\nicol\Documents\Atmel Studio\7.0\Mensagens\libudev_sigfox_edk.a(gclk.o)
 .text.system_gclk_is_syncing
                0x00009124       0x20 D:\nicol\Documents\Atmel Studio\7.0\Mensagens\libudev_sigfox_edk.a(gclk.o)
 .text.system_gclk_init
                0x00009144       0x30 D:\nicol\Documents\Atmel Studio\7.0\Mensagens\libudev_sigfox_edk.a(gclk.o)
                0x00009144                system_gclk_init
 .text.system_gclk_gen_set_config
                0x00009174      0x124 D:\nicol\Documents\Atmel Studio\7.0\Mensagens\libudev_sigfox_edk.a(gclk.o)
                0x00009174                system_gclk_gen_set_config
 .text.system_gclk_gen_enable
                0x00009298       0x5c D:\nicol\Documents\Atmel Studio\7.0\Mensagens\libudev_sigfox_edk.a(gclk.o)
                0x00009298                system_gclk_gen_enable
 .text.system_gclk_gen_get_hz
                0x000092f4       0xd8 D:\nicol\Documents\Atmel Studio\7.0\Mensagens\libudev_sigfox_edk.a(gclk.o)
                0x000092f4                system_gclk_gen_get_hz
 .text.system_gclk_chan_set_config
                0x000093cc       0x44 D:\nicol\Documents\Atmel Studio\7.0\Mensagens\libudev_sigfox_edk.a(gclk.o)
                0x000093cc                system_gclk_chan_set_config
 .text.system_gclk_chan_enable
                0x00009410       0x48 D:\nicol\Documents\Atmel Studio\7.0\Mensagens\libudev_sigfox_edk.a(gclk.o)
                0x00009410                system_gclk_chan_enable
 .text.system_gclk_chan_disable
                0x00009458       0x98 D:\nicol\Documents\Atmel Studio\7.0\Mensagens\libudev_sigfox_edk.a(gclk.o)
                0x00009458                system_gclk_chan_disable
 .text.system_gclk_chan_lock
                0x000094f0       0x48 D:\nicol\Documents\Atmel Studio\7.0\Mensagens\libudev_sigfox_edk.a(gclk.o)
                0x000094f0                system_gclk_chan_lock
 .text.system_gclk_chan_get_hz
                0x00009538       0x58 D:\nicol\Documents\Atmel Studio\7.0\Mensagens\libudev_sigfox_edk.a(gclk.o)
                0x00009538                system_gclk_chan_get_hz
 .text.system_pinmux_get_group_from_gpio_pin
                0x00009590       0x60 D:\nicol\Documents\Atmel Studio\7.0\Mensagens\libudev_sigfox_edk.a(pinmux.o)
 .text._system_pinmux_config
                0x000095f0      0x110 D:\nicol\Documents\Atmel Studio\7.0\Mensagens\libudev_sigfox_edk.a(pinmux.o)
 .text.system_pinmux_pin_set_config
                0x00009700       0x48 D:\nicol\Documents\Atmel Studio\7.0\Mensagens\libudev_sigfox_edk.a(pinmux.o)
                0x00009700                system_pinmux_pin_set_config
 .text.main     0x00009748       0x54 D:\nicol\Documents\Atmel Studio\7.0\Mensagens\libudev_sigfox_edk.a(main.o)
                0x00009748                main
 .text.system_set_sleepmode
                0x0000979c       0x88 D:\nicol\Documents\Atmel Studio\7.0\Mensagens\libudev_sigfox_edk.a(app.o)
 .text.system_sleep
                0x00009824       0x10 D:\nicol\Documents\Atmel Studio\7.0\Mensagens\libudev_sigfox_edk.a(app.o)
 .text.fnAPP_Init
                0x00009834       0x64 D:\nicol\Documents\Atmel Studio\7.0\Mensagens\libudev_sigfox_edk.a(app.o)
                0x00009834                fnAPP_Init
 .text.fnAPP_Process_Events
                0x00009898      0x120 D:\nicol\Documents\Atmel Studio\7.0\Mensagens\libudev_sigfox_edk.a(app.o)
                0x00009898                fnAPP_Process_Events
 .text.fnAPP_TEST_VW
                0x000099b8        0xa D:\nicol\Documents\Atmel Studio\7.0\Mensagens\libudev_sigfox_edk.a(app.o)
                0x000099b8                fnAPP_TEST_VW
 *fill*         0x000099c2        0x2 
 .text.fnAPP_Check_Events
                0x000099c4       0x14 D:\nicol\Documents\Atmel Studio\7.0\Mensagens\libudev_sigfox_edk.a(app.o)
                0x000099c4                fnAPP_Check_Events
 .text.fnAPP_Enter_Low_Power
                0x000099d8       0x7c D:\nicol\Documents\Atmel Studio\7.0\Mensagens\libudev_sigfox_edk.a(app.o)
                0x000099d8                fnAPP_Enter_Low_Power
 .text.fnRTC_INT_Event_Callback
                0x00009a54       0x1c D:\nicol\Documents\Atmel Studio\7.0\Mensagens\libudev_sigfox_edk.a(app.o)
                0x00009a54                fnRTC_INT_Event_Callback
 .text.fnSYSTEM_TICK_INT_Event_Callback
                0x00009a70       0x14 D:\nicol\Documents\Atmel Studio\7.0\Mensagens\libudev_sigfox_edk.a(app.o)
                0x00009a70                fnSYSTEM_TICK_INT_Event_Callback
 .text.fnINPUT_INT_Event_Callback
                0x00009a84       0x38 D:\nicol\Documents\Atmel Studio\7.0\Mensagens\libudev_sigfox_edk.a(app.o)
                0x00009a84                fnINPUT_INT_Event_Callback
 .text.fnSECURITY_Init
                0x00009abc       0x5c D:\nicol\Documents\Atmel Studio\7.0\Mensagens\libudev_sigfox_edk.a(security.o)
                0x00009abc                fnSECURITY_Init
 .text.fnSECURITY_Is_Module_Licensed
                0x00009b18       0x2c D:\nicol\Documents\Atmel Studio\7.0\Mensagens\libudev_sigfox_edk.a(security.o)
                0x00009b18                fnSECURITY_Is_Module_Licensed
 .text.fnSECURITY_Update_Serial_Number
                0x00009b44       0x5c D:\nicol\Documents\Atmel Studio\7.0\Mensagens\libudev_sigfox_edk.a(security.o)
                0x00009b44                fnSECURITY_Update_Serial_Number
 .text.fnSECURITY_Update_Flash_Key
                0x00009ba0       0x54 D:\nicol\Documents\Atmel Studio\7.0\Mensagens\libudev_sigfox_edk.a(security.o)
                0x00009ba0                fnSECURITY_Update_Flash_Key
 .text.cpu_irq_enter_critical
                0x00009bf4       0x54 D:\nicol\Documents\Atmel Studio\7.0\Mensagens\libudev_sigfox_edk.a(interrupt_sam_nvic.o)
                0x00009bf4                cpu_irq_enter_critical
 .text.cpu_irq_leave_critical
                0x00009c48       0x40 D:\nicol\Documents\Atmel Studio\7.0\Mensagens\libudev_sigfox_edk.a(interrupt_sam_nvic.o)
                0x00009c48                cpu_irq_leave_critical
 .text.fnEVENT_Callback
                0x00009c88       0x14 D:\nicol\Documents\Atmel Studio\7.0\Mensagens\libudev_sigfox_edk.a(event.o)
                0x00009c88                fnEVENT_Callback
 .text.fnEVENT_Init
                0x00009c9c       0x1c D:\nicol\Documents\Atmel Studio\7.0\Mensagens\libudev_sigfox_edk.a(event.o)
                0x00009c9c                fnEVENT_Init
 .text.fnEVENT_Insert
                0x00009cb8       0x2c D:\nicol\Documents\Atmel Studio\7.0\Mensagens\libudev_sigfox_edk.a(event.o)
                0x00009cb8                fnEVENT_Insert
 .text.fnEVENT_Process
                0x00009ce4       0x38 D:\nicol\Documents\Atmel Studio\7.0\Mensagens\libudev_sigfox_edk.a(event.o)
                0x00009ce4                fnEVENT_Process
 .text.fnEVENT_Send
                0x00009d1c       0x64 D:\nicol\Documents\Atmel Studio\7.0\Mensagens\libudev_sigfox_edk.a(event.o)
                0x00009d1c                fnEVENT_Send
 .text.fnEVENT_Get_Index
                0x00009d80       0x58 D:\nicol\Documents\Atmel Studio\7.0\Mensagens\libudev_sigfox_edk.a(event.o)
                0x00009d80                fnEVENT_Get_Index
 .text.fnONE_WIRE_Init
                0x00009dd8       0x1c D:\nicol\Documents\Atmel Studio\7.0\Mensagens\libudev_sigfox_edk.a(one_wire.o)
                0x00009dd8                fnONE_WIRE_Init
 .text.fnONE_WIRE_Reset_Search
                0x00009df4       0x50 D:\nicol\Documents\Atmel Studio\7.0\Mensagens\libudev_sigfox_edk.a(one_wire.o)
                0x00009df4                fnONE_WIRE_Reset_Search
 .text.fnONE_WIRE_PORT_Config_Pin
                0x00009e44       0x14 D:\nicol\Documents\Atmel Studio\7.0\Mensagens\libudev_sigfox_edk.a(port_one_wire.o)
                0x00009e44                fnONE_WIRE_PORT_Config_Pin
 .text.fnONE_WIRE_PORT_Config_Pin_As_Input
                0x00009e58       0x1c D:\nicol\Documents\Atmel Studio\7.0\Mensagens\libudev_sigfox_edk.a(port_one_wire.o)
                0x00009e58                fnONE_WIRE_PORT_Config_Pin_As_Input
 .text.system_gclk_chan_get_config_defaults
                0x00009e74       0x16 D:\nicol\Documents\Atmel Studio\7.0\Mensagens\libudev_sigfox_edk.a(rtc_count.o)
 *fill*         0x00009e8a        0x2 
 .text.system_apb_clock_set_mask
                0x00009e8c       0x5c D:\nicol\Documents\Atmel Studio\7.0\Mensagens\libudev_sigfox_edk.a(rtc_count.o)
 .text.rtc_count_is_syncing
                0x00009ee8       0x28 D:\nicol\Documents\Atmel Studio\7.0\Mensagens\libudev_sigfox_edk.a(rtc_count.o)
 .text.rtc_count_enable
                0x00009f10       0x38 D:\nicol\Documents\Atmel Studio\7.0\Mensagens\libudev_sigfox_edk.a(rtc_count.o)
                0x00009f10                rtc_count_enable
 .text.rtc_count_disable
                0x00009f48       0x44 D:\nicol\Documents\Atmel Studio\7.0\Mensagens\libudev_sigfox_edk.a(rtc_count.o)
                0x00009f48                rtc_count_disable
 .text.rtc_count_reset
                0x00009f8c       0x44 D:\nicol\Documents\Atmel Studio\7.0\Mensagens\libudev_sigfox_edk.a(rtc_count.o)
                0x00009f8c                rtc_count_reset
 .text._rtc_count_set_config
                0x00009fd0      0x130 D:\nicol\Documents\Atmel Studio\7.0\Mensagens\libudev_sigfox_edk.a(rtc_count.o)
 .text.rtc_count_init
                0x0000a100       0x90 D:\nicol\Documents\Atmel Studio\7.0\Mensagens\libudev_sigfox_edk.a(rtc_count.o)
                0x0000a100                rtc_count_init
 .text.rtc_count_get_count
                0x0000a190       0x9c D:\nicol\Documents\Atmel Studio\7.0\Mensagens\libudev_sigfox_edk.a(rtc_count.o)
                0x0000a190                rtc_count_get_count
 .text.rtc_count_set_compare
                0x0000a22c       0x8c D:\nicol\Documents\Atmel Studio\7.0\Mensagens\libudev_sigfox_edk.a(rtc_count.o)
                0x0000a22c                rtc_count_set_compare
 .text.rtc_count_set_period
                0x0000a2b8       0x44 D:\nicol\Documents\Atmel Studio\7.0\Mensagens\libudev_sigfox_edk.a(rtc_count.o)
                0x0000a2b8                rtc_count_set_period
 .text.fnCOMM_USB_Parser
                0x0000a2fc       0xac D:\nicol\Documents\Atmel Studio\7.0\Mensagens\libudev_sigfox_edk.a(comm.o)
                0x0000a2fc                fnCOMM_USB_Parser
 .text.fnCOMM_Process_Packet_Received
                0x0000a3a8       0xb4 D:\nicol\Documents\Atmel Studio\7.0\Mensagens\libudev_sigfox_edk.a(comm.o)
                0x0000a3a8                fnCOMM_Process_Packet_Received
 .text.delay_init
                0x0000a45c        0xa D:\nicol\Documents\Atmel Studio\7.0\Mensagens\libudev_sigfox_edk.a(cycle_counter.o)
                0x0000a45c                delay_init
 *fill*         0x0000a466        0x2 
 .text.cpu_irq_save
                0x0000a468       0x30 D:\nicol\Documents\Atmel Studio\7.0\Mensagens\libudev_sigfox_edk.a(udi_cdc.o)
 .text.cpu_irq_is_enabled_flags
                0x0000a498       0x18 D:\nicol\Documents\Atmel Studio\7.0\Mensagens\libudev_sigfox_edk.a(udi_cdc.o)
 .text.cpu_irq_restore
                0x0000a4b0       0x30 D:\nicol\Documents\Atmel Studio\7.0\Mensagens\libudev_sigfox_edk.a(udi_cdc.o)
 .text.udi_cdc_comm_enable
                0x0000a4e0      0x1a0 D:\nicol\Documents\Atmel Studio\7.0\Mensagens\libudev_sigfox_edk.a(udi_cdc.o)
                0x0000a4e0                udi_cdc_comm_enable
 .text.udi_cdc_data_enable
                0x0000a680      0x118 D:\nicol\Documents\Atmel Studio\7.0\Mensagens\libudev_sigfox_edk.a(udi_cdc.o)
                0x0000a680                udi_cdc_data_enable
 .text.udi_cdc_comm_disable
                0x0000a798       0x1c D:\nicol\Documents\Atmel Studio\7.0\Mensagens\libudev_sigfox_edk.a(udi_cdc.o)
                0x0000a798                udi_cdc_comm_disable
 .text.udi_cdc_data_disable
                0x0000a7b4       0x40 D:\nicol\Documents\Atmel Studio\7.0\Mensagens\libudev_sigfox_edk.a(udi_cdc.o)
                0x0000a7b4                udi_cdc_data_disable
 .text.udi_cdc_comm_setup
                0x0000a7f4      0x10c D:\nicol\Documents\Atmel Studio\7.0\Mensagens\libudev_sigfox_edk.a(udi_cdc.o)
                0x0000a7f4                udi_cdc_comm_setup
 .text.udi_cdc_data_setup
                0x0000a900        0xc D:\nicol\Documents\Atmel Studio\7.0\Mensagens\libudev_sigfox_edk.a(udi_cdc.o)
                0x0000a900                udi_cdc_data_setup
 .text.udi_cdc_getsetting
                0x0000a90c        0xc D:\nicol\Documents\Atmel Studio\7.0\Mensagens\libudev_sigfox_edk.a(udi_cdc.o)
                0x0000a90c                udi_cdc_getsetting
 .text.udi_cdc_data_sof_notify
                0x0000a918       0x1c D:\nicol\Documents\Atmel Studio\7.0\Mensagens\libudev_sigfox_edk.a(udi_cdc.o)
                0x0000a918                udi_cdc_data_sof_notify
 .text.udi_cdc_setup_to_port
                0x0000a934       0x34 D:\nicol\Documents\Atmel Studio\7.0\Mensagens\libudev_sigfox_edk.a(udi_cdc.o)
 .text.udi_cdc_line_coding_received
                0x0000a968       0x40 D:\nicol\Documents\Atmel Studio\7.0\Mensagens\libudev_sigfox_edk.a(udi_cdc.o)
 .text.udi_cdc_rx_start
                0x0000a9a8      0x12c D:\nicol\Documents\Atmel Studio\7.0\Mensagens\libudev_sigfox_edk.a(udi_cdc.o)
 .text.udi_cdc_data_received
                0x0000aad4       0xdc D:\nicol\Documents\Atmel Studio\7.0\Mensagens\libudev_sigfox_edk.a(udi_cdc.o)
 .text.udi_cdc_data_sent
                0x0000abb0       0xb8 D:\nicol\Documents\Atmel Studio\7.0\Mensagens\libudev_sigfox_edk.a(udi_cdc.o)
 .text.udi_cdc_tx_send
                0x0000ac68      0x22c D:\nicol\Documents\Atmel Studio\7.0\Mensagens\libudev_sigfox_edk.a(udi_cdc.o)
 .text.udi_cdc_multi_get_nb_received_data
                0x0000ae94       0x78 D:\nicol\Documents\Atmel Studio\7.0\Mensagens\libudev_sigfox_edk.a(udi_cdc.o)
                0x0000ae94                udi_cdc_multi_get_nb_received_data
 .text.udi_cdc_get_nb_received_data
                0x0000af0c       0x18 D:\nicol\Documents\Atmel Studio\7.0\Mensagens\libudev_sigfox_edk.a(udi_cdc.o)
                0x0000af0c                udi_cdc_get_nb_received_data
 .text.udi_cdc_multi_is_rx_ready
                0x0000af24       0x2c D:\nicol\Documents\Atmel Studio\7.0\Mensagens\libudev_sigfox_edk.a(udi_cdc.o)
                0x0000af24                udi_cdc_multi_is_rx_ready
 .text.udi_cdc_multi_getc
                0x0000af50      0x140 D:\nicol\Documents\Atmel Studio\7.0\Mensagens\libudev_sigfox_edk.a(udi_cdc.o)
                0x0000af50                udi_cdc_multi_getc
 .text.udi_cdc_getc
                0x0000b090       0x18 D:\nicol\Documents\Atmel Studio\7.0\Mensagens\libudev_sigfox_edk.a(udi_cdc.o)
                0x0000b090                udi_cdc_getc
 .text.udi_cdc_multi_get_free_tx_buffer
                0x0000b0a8       0xc4 D:\nicol\Documents\Atmel Studio\7.0\Mensagens\libudev_sigfox_edk.a(udi_cdc.o)
                0x0000b0a8                udi_cdc_multi_get_free_tx_buffer
 .text.udi_cdc_multi_is_tx_ready
                0x0000b16c       0x2c D:\nicol\Documents\Atmel Studio\7.0\Mensagens\libudev_sigfox_edk.a(udi_cdc.o)
                0x0000b16c                udi_cdc_multi_is_tx_ready
 .text.udi_cdc_multi_write_buf
                0x0000b198      0x154 D:\nicol\Documents\Atmel Studio\7.0\Mensagens\libudev_sigfox_edk.a(udi_cdc.o)
                0x0000b198                udi_cdc_multi_write_buf
 .text.udi_cdc_write_buf
                0x0000b2ec       0x24 D:\nicol\Documents\Atmel Studio\7.0\Mensagens\libudev_sigfox_edk.a(udi_cdc.o)
                0x0000b2ec                udi_cdc_write_buf
 .text.udc_get_string_serial_name
                0x0000b310       0x10 D:\nicol\Documents\Atmel Studio\7.0\Mensagens\libudev_sigfox_edk.a(udc.o)
 .text.udc_get_eof_conf
                0x0000b320       0x28 D:\nicol\Documents\Atmel Studio\7.0\Mensagens\libudev_sigfox_edk.a(udc.o)
 .text.udc_next_desc_in_iface
                0x0000b348       0x64 D:\nicol\Documents\Atmel Studio\7.0\Mensagens\libudev_sigfox_edk.a(udc.o)
 .text.udc_update_iface_desc
                0x0000b3ac       0xa4 D:\nicol\Documents\Atmel Studio\7.0\Mensagens\libudev_sigfox_edk.a(udc.o)
 .text.udc_iface_disable
                0x0000b450       0xb0 D:\nicol\Documents\Atmel Studio\7.0\Mensagens\libudev_sigfox_edk.a(udc.o)
 .text.udc_iface_enable
                0x0000b500       0xb0 D:\nicol\Documents\Atmel Studio\7.0\Mensagens\libudev_sigfox_edk.a(udc.o)
 .text.udc_start
                0x0000b5b0       0x14 D:\nicol\Documents\Atmel Studio\7.0\Mensagens\libudev_sigfox_edk.a(udc.o)
                0x0000b5b0                udc_start
 .text.udc_reset
                0x0000b5c4       0x60 D:\nicol\Documents\Atmel Studio\7.0\Mensagens\libudev_sigfox_edk.a(udc.o)
                0x0000b5c4                udc_reset
 .text.udc_sof_notify
                0x0000b624       0x6c D:\nicol\Documents\Atmel Studio\7.0\Mensagens\libudev_sigfox_edk.a(udc.o)
                0x0000b624                udc_sof_notify
 .text.udc_req_std_dev_get_status
                0x0000b690       0x30 D:\nicol\Documents\Atmel Studio\7.0\Mensagens\libudev_sigfox_edk.a(udc.o)
 .text.udc_req_std_ep_get_status
                0x0000b6c0       0x48 D:\nicol\Documents\Atmel Studio\7.0\Mensagens\libudev_sigfox_edk.a(udc.o)
 .text.udc_req_std_dev_clear_feature
                0x0000b708       0x3c D:\nicol\Documents\Atmel Studio\7.0\Mensagens\libudev_sigfox_edk.a(udc.o)
 .text.udc_req_std_ep_clear_feature
                0x0000b744       0x38 D:\nicol\Documents\Atmel Studio\7.0\Mensagens\libudev_sigfox_edk.a(udc.o)
 .text.udc_req_std_dev_set_feature
                0x0000b77c       0x2c D:\nicol\Documents\Atmel Studio\7.0\Mensagens\libudev_sigfox_edk.a(udc.o)
 .text.udc_req_std_ep_set_feature
                0x0000b7a8       0x48 D:\nicol\Documents\Atmel Studio\7.0\Mensagens\libudev_sigfox_edk.a(udc.o)
 .text.udc_valid_address
                0x0000b7f0       0x24 D:\nicol\Documents\Atmel Studio\7.0\Mensagens\libudev_sigfox_edk.a(udc.o)
 .text.udc_req_std_dev_set_address
                0x0000b814       0x28 D:\nicol\Documents\Atmel Studio\7.0\Mensagens\libudev_sigfox_edk.a(udc.o)
 .text.udc_req_std_dev_get_str_desc
                0x0000b83c       0xf8 D:\nicol\Documents\Atmel Studio\7.0\Mensagens\libudev_sigfox_edk.a(udc.o)
 .text.udc_req_std_dev_get_descriptor
                0x0000b934       0xfc D:\nicol\Documents\Atmel Studio\7.0\Mensagens\libudev_sigfox_edk.a(udc.o)
 .text.udc_req_std_dev_get_configuration
                0x0000ba30       0x30 D:\nicol\Documents\Atmel Studio\7.0\Mensagens\libudev_sigfox_edk.a(udc.o)
 .text.udc_req_std_dev_set_configuration
                0x0000ba60       0xd0 D:\nicol\Documents\Atmel Studio\7.0\Mensagens\libudev_sigfox_edk.a(udc.o)
 .text.udc_req_std_iface_get_setting
                0x0000bb30       0xa4 D:\nicol\Documents\Atmel Studio\7.0\Mensagens\libudev_sigfox_edk.a(udc.o)
 .text.udc_req_std_iface_set_setting
                0x0000bbd4       0x74 D:\nicol\Documents\Atmel Studio\7.0\Mensagens\libudev_sigfox_edk.a(udc.o)
 .text.udc_reqstd
                0x0000bc48      0x15c D:\nicol\Documents\Atmel Studio\7.0\Mensagens\libudev_sigfox_edk.a(udc.o)
 .text.udc_req_iface
                0x0000bda4       0xa8 D:\nicol\Documents\Atmel Studio\7.0\Mensagens\libudev_sigfox_edk.a(udc.o)
 .text.udc_req_ep
                0x0000be4c       0xa0 D:\nicol\Documents\Atmel Studio\7.0\Mensagens\libudev_sigfox_edk.a(udc.o)
 .text.udc_process_setup
                0x0000beec       0x90 D:\nicol\Documents\Atmel Studio\7.0\Mensagens\libudev_sigfox_edk.a(udc.o)
                0x0000beec                udc_process_setup
 .text.nvm_is_ready
                0x0000bf7c       0x28 D:\nicol\Documents\Atmel Studio\7.0\Mensagens\libudev_sigfox_edk.a(nvm.o)
 .text.system_apb_clock_set_mask
                0x0000bfa4       0x5c D:\nicol\Documents\Atmel Studio\7.0\Mensagens\libudev_sigfox_edk.a(nvm.o)
 .text.nvm_set_config
                0x0000c000       0xd8 D:\nicol\Documents\Atmel Studio\7.0\Mensagens\libudev_sigfox_edk.a(nvm.o)
                0x0000c000                nvm_set_config
 .text.nvm_execute_command
                0x0000c0d8      0x118 D:\nicol\Documents\Atmel Studio\7.0\Mensagens\libudev_sigfox_edk.a(nvm.o)
                0x0000c0d8                nvm_execute_command
 .text.nvm_write_buffer
                0x0000c1f0      0x14c D:\nicol\Documents\Atmel Studio\7.0\Mensagens\libudev_sigfox_edk.a(nvm.o)
                0x0000c1f0                nvm_write_buffer
 .text.nvm_read_buffer
                0x0000c33c       0xfc D:\nicol\Documents\Atmel Studio\7.0\Mensagens\libudev_sigfox_edk.a(nvm.o)
                0x0000c33c                nvm_read_buffer
 .text.nvm_erase_row
                0x0000c438       0xa8 D:\nicol\Documents\Atmel Studio\7.0\Mensagens\libudev_sigfox_edk.a(nvm.o)
                0x0000c438                nvm_erase_row
 .text.nvm_get_parameters
                0x0000c4e0       0xbc D:\nicol\Documents\Atmel Studio\7.0\Mensagens\libudev_sigfox_edk.a(nvm.o)
                0x0000c4e0                nvm_get_parameters
 .text.system_pinmux_get_group_from_gpio_pin
                0x0000c59c       0x60 D:\nicol\Documents\Atmel Studio\7.0\Mensagens\libudev_sigfox_edk.a(config.o)
 .text.port_get_group_from_gpio_pin
                0x0000c5fc       0x24 D:\nicol\Documents\Atmel Studio\7.0\Mensagens\libudev_sigfox_edk.a(config.o)
 .text.port_get_config_defaults
                0x0000c620       0x22 D:\nicol\Documents\Atmel Studio\7.0\Mensagens\libudev_sigfox_edk.a(config.o)
 *fill*         0x0000c642        0x2 
 .text.port_pin_set_output_level
                0x0000c644       0x54 D:\nicol\Documents\Atmel Studio\7.0\Mensagens\libudev_sigfox_edk.a(config.o)
 .text.fnSW_Init
                0x0000c698       0x14 D:\nicol\Documents\Atmel Studio\7.0\Mensagens\libudev_sigfox_edk.a(config.o)
                0x0000c698                fnSW_Init
 .text.fnHW_Init
                0x0000c6ac       0x4c D:\nicol\Documents\Atmel Studio\7.0\Mensagens\libudev_sigfox_edk.a(config.o)
                0x0000c6ac                fnHW_Init
 .text.fnHW_Config_System_Clock
                0x0000c6f8       0x1c D:\nicol\Documents\Atmel Studio\7.0\Mensagens\libudev_sigfox_edk.a(config.o)
                0x0000c6f8                fnHW_Config_System_Clock
 .text.fnHW_Config_Mux
                0x0000c714        0xa D:\nicol\Documents\Atmel Studio\7.0\Mensagens\libudev_sigfox_edk.a(config.o)
                0x0000c714                fnHW_Config_Mux
 *fill*         0x0000c71e        0x2 
 .text.fnHW_Config_Pins
                0x0000c720       0xbc D:\nicol\Documents\Atmel Studio\7.0\Mensagens\libudev_sigfox_edk.a(config.o)
                0x0000c720                fnHW_Config_Pins
 .text.fnHW_Config_Interrupts
                0x0000c7dc       0x54 D:\nicol\Documents\Atmel Studio\7.0\Mensagens\libudev_sigfox_edk.a(config.o)
                0x0000c7dc                fnHW_Config_Interrupts
 .text.fnHW_Reset
                0x0000c830       0x88 D:\nicol\Documents\Atmel Studio\7.0\Mensagens\libudev_sigfox_edk.a(config.o)
                0x0000c830                fnHW_Reset
 .text.fnFXOS8700CQ_CALLBACK_Measure_Done
                0x0000c8b8        0xa D:\nicol\Documents\Atmel Studio\7.0\Mensagens\libudev_sigfox_edk.a(fxos8700cq.o)
                0x0000c8b8                fnFXOS8700CQ_CALLBACK_Measure_Done
 *fill*         0x0000c8c2        0x2 
 .text.fnSENSOR_Process_Event_Mag_Data_Ready
                0x0000c8c4       0x60 D:\nicol\Documents\Atmel Studio\7.0\Mensagens\libudev_sigfox_edk.a(fxos8700cq.o)
                0x0000c8c4                fnSENSOR_Process_Event_Mag_Data_Ready
 .text.fnFXOS8700CQ_Read_Accel_Raw_Data
                0x0000c924       0x68 D:\nicol\Documents\Atmel Studio\7.0\Mensagens\libudev_sigfox_edk.a(fxos8700cq.o)
                0x0000c924                fnFXOS8700CQ_Read_Accel_Raw_Data
 .text.fnFXOS8700CQ_Read_Mag_Raw_Data
                0x0000c98c       0x68 D:\nicol\Documents\Atmel Studio\7.0\Mensagens\libudev_sigfox_edk.a(fxos8700cq.o)
                0x0000c98c                fnFXOS8700CQ_Read_Mag_Raw_Data
 .text.fnFXOS8700CQ_Read_Accel_Mag_Raw_Data
                0x0000c9f4       0xac D:\nicol\Documents\Atmel Studio\7.0\Mensagens\libudev_sigfox_edk.a(fxos8700cq.o)
                0x0000c9f4                fnFXOS8700CQ_Read_Accel_Mag_Raw_Data
 .text.fnFXOS8700CQ_Read_Register_Array
                0x0000caa0       0x34 D:\nicol\Documents\Atmel Studio\7.0\Mensagens\libudev_sigfox_edk.a(fxos8700cq.o)
                0x0000caa0                fnFXOS8700CQ_Read_Register_Array
 .text.i2c_master_is_syncing
                0x0000cad4       0x24 D:\nicol\Documents\Atmel Studio\7.0\Mensagens\libudev_sigfox_edk.a(i2c.o)
 .text._i2c_master_wait_for_sync
                0x0000caf8       0x24 D:\nicol\Documents\Atmel Studio\7.0\Mensagens\libudev_sigfox_edk.a(i2c.o)
 .text.i2c_master_get_config_defaults
                0x0000cb1c       0x84 D:\nicol\Documents\Atmel Studio\7.0\Mensagens\libudev_sigfox_edk.a(i2c.o)
 .text.i2c_master_enable
                0x0000cba0       0x5c D:\nicol\Documents\Atmel Studio\7.0\Mensagens\libudev_sigfox_edk.a(i2c.o)
 .text.i2c_master_disable
                0x0000cbfc       0x3c D:\nicol\Documents\Atmel Studio\7.0\Mensagens\libudev_sigfox_edk.a(i2c.o)
 .text.fnI2C_Init
                0x0000cc38       0xb8 D:\nicol\Documents\Atmel Studio\7.0\Mensagens\libudev_sigfox_edk.a(i2c.o)
                0x0000cc38                fnI2C_Init
 .text.fnI2C_1_Reset
                0x0000ccf0       0x1c D:\nicol\Documents\Atmel Studio\7.0\Mensagens\libudev_sigfox_edk.a(i2c.o)
                0x0000ccf0                fnI2C_1_Reset
 .text.fnI2C_1_Enable
                0x0000cd0c       0x1c D:\nicol\Documents\Atmel Studio\7.0\Mensagens\libudev_sigfox_edk.a(i2c.o)
                0x0000cd0c                fnI2C_1_Enable
 .text.fnI2C_1_Disable
                0x0000cd28       0x1c D:\nicol\Documents\Atmel Studio\7.0\Mensagens\libudev_sigfox_edk.a(i2c.o)
                0x0000cd28                fnI2C_1_Disable
 .text.fnI2C_Is_Clock_Strech
                0x0000cd44       0x14 D:\nicol\Documents\Atmel Studio\7.0\Mensagens\libudev_sigfox_edk.a(i2c.o)
                0x0000cd44                fnI2C_Is_Clock_Strech
 .text.fnI2C_1_Write
                0x0000cd58       0xd8 D:\nicol\Documents\Atmel Studio\7.0\Mensagens\libudev_sigfox_edk.a(i2c.o)
                0x0000cd58                fnI2C_1_Write
 .text.fnI2C_1_Read
                0x0000ce30       0xd8 D:\nicol\Documents\Atmel Studio\7.0\Mensagens\libudev_sigfox_edk.a(i2c.o)
                0x0000ce30                fnI2C_1_Read
 .text.NVIC_SetPriority
                0x0000cf08       0xdc D:\nicol\Documents\Atmel Studio\7.0\Mensagens\libudev_sigfox_edk.a(system_timer.o)
 .text.SysTick_Config
                0x0000cfe4       0x4c D:\nicol\Documents\Atmel Studio\7.0\Mensagens\libudev_sigfox_edk.a(system_timer.o)
 .text.fnTIMER_HAL_System_Tick_Init
                0x0000d030       0x30 D:\nicol\Documents\Atmel Studio\7.0\Mensagens\libudev_sigfox_edk.a(system_timer.o)
                0x0000d030                fnTIMER_HAL_System_Tick_Init
 .text.SysTick_Handler
                0x0000d060       0x14 D:\nicol\Documents\Atmel Studio\7.0\Mensagens\libudev_sigfox_edk.a(system_timer.o)
                0x0000d060                SysTick_Handler
 .text.wdt_get_config_defaults
                0x0000d074       0x34 D:\nicol\Documents\Atmel Studio\7.0\Mensagens\libudev_sigfox_edk.a(wdt.o)
 .text.fnWDT_Config
                0x0000d0a8       0x38 D:\nicol\Documents\Atmel Studio\7.0\Mensagens\libudev_sigfox_edk.a(wdt.o)
                0x0000d0a8                fnWDT_Config
 .text.fnWDT_Reset_Counter
                0x0000d0e0       0x14 D:\nicol\Documents\Atmel Studio\7.0\Mensagens\libudev_sigfox_edk.a(wdt.o)
                0x0000d0e0                fnWDT_Reset_Counter
 .text.fnINPUT_DIGITAL_Init
                0x0000d0f4       0x24 D:\nicol\Documents\Atmel Studio\7.0\Mensagens\libudev_sigfox_edk.a(input_digital.o)
                0x0000d0f4                fnINPUT_DIGITAL_Init
 .text.fnINPUT_DIGITAL_Read
                0x0000d118       0x58 D:\nicol\Documents\Atmel Studio\7.0\Mensagens\libudev_sigfox_edk.a(input_digital.o)
                0x0000d118                fnINPUT_DIGITAL_Read
 .text.fnINPUT_Timer_Start
                0x0000d170       0x34 D:\nicol\Documents\Atmel Studio\7.0\Mensagens\libudev_sigfox_edk.a(input_digital.o)
                0x0000d170                fnINPUT_Timer_Start
 .text.fnINPUT_Timer_Stop
                0x0000d1a4       0x28 D:\nicol\Documents\Atmel Studio\7.0\Mensagens\libudev_sigfox_edk.a(input_digital.o)
                0x0000d1a4                fnINPUT_Timer_Stop
 .text.fnINPUT_Timeout_Start
                0x0000d1cc       0x4c D:\nicol\Documents\Atmel Studio\7.0\Mensagens\libudev_sigfox_edk.a(input_digital.o)
                0x0000d1cc                fnINPUT_Timeout_Start
 .text.fnINPUT_Timer_Tick_Process
                0x0000d218       0x18 D:\nicol\Documents\Atmel Studio\7.0\Mensagens\libudev_sigfox_edk.a(input_digital.o)
                0x0000d218                fnINPUT_Timer_Tick_Process
 .text.fnINPUT_Timeout_Callback
                0x0000d230       0x1c D:\nicol\Documents\Atmel Studio\7.0\Mensagens\libudev_sigfox_edk.a(input_digital.o)
                0x0000d230                fnINPUT_Timeout_Callback
 .text.fnINPUT_Debounce_Init
                0x0000d24c       0x8c D:\nicol\Documents\Atmel Studio\7.0\Mensagens\libudev_sigfox_edk.a(input_digital.o)
                0x0000d24c                fnINPUT_Debounce_Init
 .text.fnINPUT_Debounce_Update
                0x0000d2d8      0x164 D:\nicol\Documents\Atmel Studio\7.0\Mensagens\libudev_sigfox_edk.a(input_digital.o)
                0x0000d2d8                fnINPUT_Debounce_Update
 .text.fnINPUT_DIGITAL_Config_Interrupts
                0x0000d43c       0x5c D:\nicol\Documents\Atmel Studio\7.0\Mensagens\libudev_sigfox_edk.a(input_digital.o)
                0x0000d43c                fnINPUT_DIGITAL_Config_Interrupts
 .text.fnINPUT_DIGITAL_Interrupt_Handler
                0x0000d498       0x38 D:\nicol\Documents\Atmel Studio\7.0\Mensagens\libudev_sigfox_edk.a(input_digital.o)
                0x0000d498                fnINPUT_DIGITAL_Interrupt_Handler
 .text.fnINPUT_DIGITAL_Enable_Interrupt
                0x0000d4d0       0x14 D:\nicol\Documents\Atmel Studio\7.0\Mensagens\libudev_sigfox_edk.a(input_digital.o)
                0x0000d4d0                fnINPUT_DIGITAL_Enable_Interrupt
 .text.fnINPUT_DIGITAL_Disable_Interrupt
                0x0000d4e4       0x14 D:\nicol\Documents\Atmel Studio\7.0\Mensagens\libudev_sigfox_edk.a(input_digital.o)
                0x0000d4e4                fnINPUT_DIGITAL_Disable_Interrupt
 .text.fnOUTPUT_DIGITAL_Init
                0x0000d4f8       0x70 D:\nicol\Documents\Atmel Studio\7.0\Mensagens\libudev_sigfox_edk.a(output_digital.o)
                0x0000d4f8                fnOUTPUT_DIGITAL_Init
 .text.fnDEBOUNCE_Check
                0x0000d568      0x108 D:\nicol\Documents\Atmel Studio\7.0\Mensagens\libudev_sigfox_edk.a(debounce.o)
                0x0000d568                fnDEBOUNCE_Check
 .text.fnDEBOUNCE_Test_Range
                0x0000d670       0x3c D:\nicol\Documents\Atmel Studio\7.0\Mensagens\libudev_sigfox_edk.a(debounce.o)
                0x0000d670                fnDEBOUNCE_Test_Range
 .text.fnEEPROM_Init
                0x0000d6ac       0x24 D:\nicol\Documents\Atmel Studio\7.0\Mensagens\libudev_sigfox_edk.a(flash_eeprom.o)
                0x0000d6ac                fnEEPROM_Init
 .text.fnEEPROM_Config
                0x0000d6d0       0x38 D:\nicol\Documents\Atmel Studio\7.0\Mensagens\libudev_sigfox_edk.a(flash_eeprom.o)
                0x0000d6d0                fnEEPROM_Config
 .text.fnFXOS8700CQ_PORT_Read
                0x0000d708       0xd0 D:\nicol\Documents\Atmel Studio\7.0\Mensagens\libudev_sigfox_edk.a(port_fxos8700cq.o)
                0x0000d708                fnFXOS8700CQ_PORT_Read
 .text.system_gclk_gen_get_config_defaults
                0x0000d7d8       0x2e D:\nicol\Documents\Atmel Studio\7.0\Mensagens\libudev_sigfox_edk.a(clock.o)
 .text.system_clock_source_osc32k_get_config_defaults
                0x0000d806       0x34 D:\nicol\Documents\Atmel Studio\7.0\Mensagens\libudev_sigfox_edk.a(clock.o)
 .text.system_clock_source_osc8m_get_config_defaults
                0x0000d83a       0x22 D:\nicol\Documents\Atmel Studio\7.0\Mensagens\libudev_sigfox_edk.a(clock.o)
 .text.system_clock_source_dfll_get_config_defaults
                0x0000d85c       0x52 D:\nicol\Documents\Atmel Studio\7.0\Mensagens\libudev_sigfox_edk.a(clock.o)
 *fill*         0x0000d8ae        0x2 
 .text.system_cpu_clock_set_divider
                0x0000d8b0       0x20 D:\nicol\Documents\Atmel Studio\7.0\Mensagens\libudev_sigfox_edk.a(clock.o)
 .text.system_apb_clock_set_divider
                0x0000d8d0       0x54 D:\nicol\Documents\Atmel Studio\7.0\Mensagens\libudev_sigfox_edk.a(clock.o)
 .text.system_flash_set_waitstates
                0x0000d924       0x34 D:\nicol\Documents\Atmel Studio\7.0\Mensagens\libudev_sigfox_edk.a(clock.o)
 .text._system_dfll_wait_for_sync
                0x0000d958       0x1c D:\nicol\Documents\Atmel Studio\7.0\Mensagens\libudev_sigfox_edk.a(clock.o)
 .text._system_clock_source_dfll_set_config_errata_9905
                0x0000d974       0x44 D:\nicol\Documents\Atmel Studio\7.0\Mensagens\libudev_sigfox_edk.a(clock.o)
 .text.system_clock_source_get_hz
                0x0000d9b8       0x84 D:\nicol\Documents\Atmel Studio\7.0\Mensagens\libudev_sigfox_edk.a(clock.o)
                0x0000d9b8                system_clock_source_get_hz
 .text.system_clock_source_osc8m_set_config
                0x0000da3c       0x78 D:\nicol\Documents\Atmel Studio\7.0\Mensagens\libudev_sigfox_edk.a(clock.o)
                0x0000da3c                system_clock_source_osc8m_set_config
 .text.system_clock_source_osc32k_set_config
                0x0000dab4       0xcc D:\nicol\Documents\Atmel Studio\7.0\Mensagens\libudev_sigfox_edk.a(clock.o)
                0x0000dab4                system_clock_source_osc32k_set_config
 .text.system_clock_source_dfll_set_config
                0x0000db80       0xd0 D:\nicol\Documents\Atmel Studio\7.0\Mensagens\libudev_sigfox_edk.a(clock.o)
                0x0000db80                system_clock_source_dfll_set_config
 .text.system_clock_source_enable
                0x0000dc50       0xac D:\nicol\Documents\Atmel Studio\7.0\Mensagens\libudev_sigfox_edk.a(clock.o)
                0x0000dc50                system_clock_source_enable
 .text.system_clock_source_is_ready
                0x0000dcfc       0x84 D:\nicol\Documents\Atmel Studio\7.0\Mensagens\libudev_sigfox_edk.a(clock.o)
                0x0000dcfc                system_clock_source_is_ready
 .text._switch_peripheral_gclk
                0x0000dd80       0x38 D:\nicol\Documents\Atmel Studio\7.0\Mensagens\libudev_sigfox_edk.a(clock.o)
 .text.system_clock_init
                0x0000ddb8      0x2c4 D:\nicol\Documents\Atmel Studio\7.0\Mensagens\libudev_sigfox_edk.a(clock.o)
                0x0000ddb8                system_clock_init
 .text.system_interrupt_set_priority
                0x0000e07c       0xd4 D:\nicol\Documents\Atmel Studio\7.0\Mensagens\libudev_sigfox_edk.a(system_interrupt.o)
                0x0000e07c                system_interrupt_set_priority
 .text.system_interrupt_enable
                0x0000e150       0x2c D:\nicol\Documents\Atmel Studio\7.0\Mensagens\libudev_sigfox_edk.a(eic_handler.o)
 .text.system_interrupt_disable
                0x0000e17c       0x30 D:\nicol\Documents\Atmel Studio\7.0\Mensagens\libudev_sigfox_edk.a(eic_handler.o)
 .text.fnEIC_Handler_Enable_Input_Digital
                0x0000e1ac       0x44 D:\nicol\Documents\Atmel Studio\7.0\Mensagens\libudev_sigfox_edk.a(eic_handler.o)
                0x0000e1ac                fnEIC_Handler_Enable_Input_Digital
 .text.fnEIC_Handler_Disable_Input_Digital
                0x0000e1f0       0x2c D:\nicol\Documents\Atmel Studio\7.0\Mensagens\libudev_sigfox_edk.a(eic_handler.o)
                0x0000e1f0                fnEIC_Handler_Disable_Input_Digital
 .text.fnEIC_Disable_Int
                0x0000e21c       0x40 D:\nicol\Documents\Atmel Studio\7.0\Mensagens\libudev_sigfox_edk.a(eic_handler.o)
                0x0000e21c                fnEIC_Disable_Int
 .text.EIC_Handler
                0x0000e25c       0x88 D:\nicol\Documents\Atmel Studio\7.0\Mensagens\libudev_sigfox_edk.a(eic_handler.o)
                0x0000e25c                EIC_Handler
 .text.expandKey
                0x0000e2e4      0x40c D:\nicol\Documents\Atmel Studio\7.0\Mensagens\libudev_sigfox_edk.a(aes.o)
 .text.galois_mul2
                0x0000e6f0       0x3c D:\nicol\Documents\Atmel Studio\7.0\Mensagens\libudev_sigfox_edk.a(aes.o)
 .text.aes_decr
                0x0000e72c      0xed4 D:\nicol\Documents\Atmel Studio\7.0\Mensagens\libudev_sigfox_edk.a(aes.o)
 .text.fnAES_Decrypt
                0x0000f600       0x38 D:\nicol\Documents\Atmel Studio\7.0\Mensagens\libudev_sigfox_edk.a(aes.o)
                0x0000f600                fnAES_Decrypt
 .text.system_gclk_chan_get_config_defaults
                0x0000f638       0x16 D:\nicol\Documents\Atmel Studio\7.0\Mensagens\libudev_sigfox_edk.a(i2c_master.o)
 *fill*         0x0000f64e        0x2 
 .text.system_apb_clock_set_mask
                0x0000f650       0x5c D:\nicol\Documents\Atmel Studio\7.0\Mensagens\libudev_sigfox_edk.a(i2c_master.o)
 .text.system_pinmux_get_config_defaults
                0x0000f6ac       0x28 D:\nicol\Documents\Atmel Studio\7.0\Mensagens\libudev_sigfox_edk.a(i2c_master.o)
 .text.system_is_debugger_present
                0x0000f6d4       0x20 D:\nicol\Documents\Atmel Studio\7.0\Mensagens\libudev_sigfox_edk.a(i2c_master.o)
 .text.i2c_master_is_syncing
                0x0000f6f4       0x24 D:\nicol\Documents\Atmel Studio\7.0\Mensagens\libudev_sigfox_edk.a(i2c_master.o)
 .text._i2c_master_wait_for_sync
                0x0000f718       0x24 D:\nicol\Documents\Atmel Studio\7.0\Mensagens\libudev_sigfox_edk.a(i2c_master.o)
 .text.i2c_master_disable
                0x0000f73c       0x3c D:\nicol\Documents\Atmel Studio\7.0\Mensagens\libudev_sigfox_edk.a(i2c_master.o)
 .text._i2c_master_set_config
                0x0000f778      0x42c D:\nicol\Documents\Atmel Studio\7.0\Mensagens\libudev_sigfox_edk.a(i2c_master.o)
 .text.i2c_master_init
                0x0000fba4       0xd0 D:\nicol\Documents\Atmel Studio\7.0\Mensagens\libudev_sigfox_edk.a(i2c_master.o)
                0x0000fba4                i2c_master_init
 .text.i2c_master_reset
                0x0000fc74       0x3c D:\nicol\Documents\Atmel Studio\7.0\Mensagens\libudev_sigfox_edk.a(i2c_master.o)
                0x0000fc74                i2c_master_reset
 .text._i2c_master_address_response
                0x0000fcb0       0x5e D:\nicol\Documents\Atmel Studio\7.0\Mensagens\libudev_sigfox_edk.a(i2c_master.o)
                0x0000fcb0                _i2c_master_address_response
 .text._i2c_master_wait_for_bus
                0x0000fd0e       0x5e D:\nicol\Documents\Atmel Studio\7.0\Mensagens\libudev_sigfox_edk.a(i2c_master.o)
                0x0000fd0e                _i2c_master_wait_for_bus
 .text._i2c_master_send_hs_master_code
                0x0000fd6c       0x54 D:\nicol\Documents\Atmel Studio\7.0\Mensagens\libudev_sigfox_edk.a(i2c_master.o)
                0x0000fd6c                _i2c_master_send_hs_master_code
 .text._i2c_master_read_packet
                0x0000fdc0      0x274 D:\nicol\Documents\Atmel Studio\7.0\Mensagens\libudev_sigfox_edk.a(i2c_master.o)
 .text.i2c_master_read_packet_wait
                0x00010034       0x30 D:\nicol\Documents\Atmel Studio\7.0\Mensagens\libudev_sigfox_edk.a(i2c_master.o)
                0x00010034                i2c_master_read_packet_wait
 .text.i2c_master_read_packet_wait_no_stop
                0x00010064       0x30 D:\nicol\Documents\Atmel Studio\7.0\Mensagens\libudev_sigfox_edk.a(i2c_master.o)
                0x00010064                i2c_master_read_packet_wait_no_stop
 .text._i2c_master_write_packet
                0x00010094      0x178 D:\nicol\Documents\Atmel Studio\7.0\Mensagens\libudev_sigfox_edk.a(i2c_master.o)
 .text.i2c_master_write_packet_wait
                0x0001020c       0x30 D:\nicol\Documents\Atmel Studio\7.0\Mensagens\libudev_sigfox_edk.a(i2c_master.o)
                0x0001020c                i2c_master_write_packet_wait
 .text.i2c_master_write_packet_wait_no_stop
                0x0001023c       0x30 D:\nicol\Documents\Atmel Studio\7.0\Mensagens\libudev_sigfox_edk.a(i2c_master.o)
                0x0001023c                i2c_master_write_packet_wait_no_stop
 .text.system_apb_clock_set_mask
                0x0001026c       0x5c D:\nicol\Documents\Atmel Studio\7.0\Mensagens\libudev_sigfox_edk.a(wdt.o)
 .text.wdt_is_syncing
                0x000102c8       0x28 D:\nicol\Documents\Atmel Studio\7.0\Mensagens\libudev_sigfox_edk.a(wdt.o)
 .text.wdt_is_locked
                0x000102f0       0x28 D:\nicol\Documents\Atmel Studio\7.0\Mensagens\libudev_sigfox_edk.a(wdt.o)
 .text.wdt_set_config
                0x00010318      0x178 D:\nicol\Documents\Atmel Studio\7.0\Mensagens\libudev_sigfox_edk.a(wdt.o)
                0x00010318                wdt_set_config
 .text.wdt_reset_count
                0x00010490       0x2c D:\nicol\Documents\Atmel Studio\7.0\Mensagens\libudev_sigfox_edk.a(wdt.o)
                0x00010490                wdt_reset_count
 .text.system_gclk_chan_get_config_defaults
                0x000104bc       0x16 D:\nicol\Documents\Atmel Studio\7.0\Mensagens\libudev_sigfox_edk.a(extint.o)
 *fill*         0x000104d2        0x2 
 .text.system_apb_clock_set_mask
                0x000104d4       0x5c D:\nicol\Documents\Atmel Studio\7.0\Mensagens\libudev_sigfox_edk.a(extint.o)
 .text.system_pinmux_get_config_defaults
                0x00010530       0x28 D:\nicol\Documents\Atmel Studio\7.0\Mensagens\libudev_sigfox_edk.a(extint.o)
 .text._extint_get_eic_from_channel
                0x00010558       0x4c D:\nicol\Documents\Atmel Studio\7.0\Mensagens\libudev_sigfox_edk.a(extint.o)
 .text.extint_is_syncing
                0x000105a4       0x48 D:\nicol\Documents\Atmel Studio\7.0\Mensagens\libudev_sigfox_edk.a(extint.o)
 .text._system_extint_init
                0x000105ec       0xa0 D:\nicol\Documents\Atmel Studio\7.0\Mensagens\libudev_sigfox_edk.a(extint.o)
                0x000105ec                _system_extint_init
 .text._extint_enable
                0x0001068c       0x64 D:\nicol\Documents\Atmel Studio\7.0\Mensagens\libudev_sigfox_edk.a(extint.o)
 .text.extint_chan_set_config
                0x000106f0       0xfc D:\nicol\Documents\Atmel Studio\7.0\Mensagens\libudev_sigfox_edk.a(extint.o)
                0x000106f0                extint_chan_set_config
 .text.cpu_irq_save
                0x000107ec       0x30 D:\nicol\Documents\Atmel Studio\7.0\Mensagens\libudev_sigfox_edk.a(usb_device_udd.o)
 .text.cpu_irq_is_enabled_flags
                0x0001081c       0x18 D:\nicol\Documents\Atmel Studio\7.0\Mensagens\libudev_sigfox_edk.a(usb_device_udd.o)
 .text.cpu_irq_restore
                0x00010834       0x30 D:\nicol\Documents\Atmel Studio\7.0\Mensagens\libudev_sigfox_edk.a(usb_device_udd.o)
 .text.usb_device_attach
                0x00010864       0x24 D:\nicol\Documents\Atmel Studio\7.0\Mensagens\libudev_sigfox_edk.a(usb_device_udd.o)
 .text.usb_device_get_address
                0x00010888       0x1c D:\nicol\Documents\Atmel Studio\7.0\Mensagens\libudev_sigfox_edk.a(usb_device_udd.o)
 .text.usb_device_set_address
                0x000108a4       0x28 D:\nicol\Documents\Atmel Studio\7.0\Mensagens\libudev_sigfox_edk.a(usb_device_udd.o)
 .text.usb_device_get_frame_number
                0x000108cc       0x1c D:\nicol\Documents\Atmel Studio\7.0\Mensagens\libudev_sigfox_edk.a(usb_device_udd.o)
 .text.usb_device_get_micro_frame_number
                0x000108e8       0x18 D:\nicol\Documents\Atmel Studio\7.0\Mensagens\libudev_sigfox_edk.a(usb_device_udd.o)
 .text.usb_device_set_lpm_mode
                0x00010900       0x40 D:\nicol\Documents\Atmel Studio\7.0\Mensagens\libudev_sigfox_edk.a(usb_device_udd.o)
 .text.sleepmgr_lock_mode
                0x00010940       0x50 D:\nicol\Documents\Atmel Studio\7.0\Mensagens\libudev_sigfox_edk.a(usb_device_udd.o)
 .text.sleepmgr_unlock_mode
                0x00010990       0x50 D:\nicol\Documents\Atmel Studio\7.0\Mensagens\libudev_sigfox_edk.a(usb_device_udd.o)
 .text.udd_wait_clock_ready
                0x000109e0       0x3c D:\nicol\Documents\Atmel Studio\7.0\Mensagens\libudev_sigfox_edk.a(usb_device_udd.o)
 .text.udd_sleep_mode
                0x00010a1c       0x78 D:\nicol\Documents\Atmel Studio\7.0\Mensagens\libudev_sigfox_edk.a(usb_device_udd.o)
 .text.udd_ep_get_job
                0x00010a94       0x54 D:\nicol\Documents\Atmel Studio\7.0\Mensagens\libudev_sigfox_edk.a(usb_device_udd.o)
 .text.udd_ep_trans_in_next
                0x00010ae8      0x188 D:\nicol\Documents\Atmel Studio\7.0\Mensagens\libudev_sigfox_edk.a(usb_device_udd.o)
 .text.udd_ep_trans_out_next
                0x00010c70      0x1d8 D:\nicol\Documents\Atmel Studio\7.0\Mensagens\libudev_sigfox_edk.a(usb_device_udd.o)
 .text.udd_ep_transfer_process
                0x00010e48       0x48 D:\nicol\Documents\Atmel Studio\7.0\Mensagens\libudev_sigfox_edk.a(usb_device_udd.o)
 .text.udd_ep_abort
                0x00010e90       0x70 D:\nicol\Documents\Atmel Studio\7.0\Mensagens\libudev_sigfox_edk.a(usb_device_udd.o)
                0x00010e90                udd_ep_abort
 .text.udd_is_high_speed
                0x00010f00        0xc D:\nicol\Documents\Atmel Studio\7.0\Mensagens\libudev_sigfox_edk.a(usb_device_udd.o)
                0x00010f00                udd_is_high_speed
 .text.udd_get_frame_number
                0x00010f0c       0x1c D:\nicol\Documents\Atmel Studio\7.0\Mensagens\libudev_sigfox_edk.a(usb_device_udd.o)
                0x00010f0c                udd_get_frame_number
 .text.udd_get_micro_frame_number
                0x00010f28       0x1c D:\nicol\Documents\Atmel Studio\7.0\Mensagens\libudev_sigfox_edk.a(usb_device_udd.o)
                0x00010f28                udd_get_micro_frame_number
 .text.udd_ep_free
                0x00010f44       0x8c D:\nicol\Documents\Atmel Studio\7.0\Mensagens\libudev_sigfox_edk.a(usb_device_udd.o)
                0x00010f44                udd_ep_free
 .text.udd_ep_alloc
                0x00010fd0      0x1a8 D:\nicol\Documents\Atmel Studio\7.0\Mensagens\libudev_sigfox_edk.a(usb_device_udd.o)
                0x00010fd0                udd_ep_alloc
 .text.udd_ep_is_halted
                0x00011178       0x2c D:\nicol\Documents\Atmel Studio\7.0\Mensagens\libudev_sigfox_edk.a(usb_device_udd.o)
                0x00011178                udd_ep_is_halted
 .text.udd_ep_set_halt
                0x000111a4       0x58 D:\nicol\Documents\Atmel Studio\7.0\Mensagens\libudev_sigfox_edk.a(usb_device_udd.o)
                0x000111a4                udd_ep_set_halt
 .text.udd_ep_clear_halt
                0x000111fc       0x78 D:\nicol\Documents\Atmel Studio\7.0\Mensagens\libudev_sigfox_edk.a(usb_device_udd.o)
                0x000111fc                udd_ep_clear_halt
 .text.udd_ctrl_stall_data
                0x00011274       0x34 D:\nicol\Documents\Atmel Studio\7.0\Mensagens\libudev_sigfox_edk.a(usb_device_udd.o)
 .text.udd_ep_run
                0x000112a8      0x2e8 D:\nicol\Documents\Atmel Studio\7.0\Mensagens\libudev_sigfox_edk.a(usb_device_udd.o)
                0x000112a8                udd_ep_run
 .text.udd_set_address
                0x00011590       0x2c D:\nicol\Documents\Atmel Studio\7.0\Mensagens\libudev_sigfox_edk.a(usb_device_udd.o)
                0x00011590                udd_set_address
 .text.udd_getaddress
                0x000115bc       0x1c D:\nicol\Documents\Atmel Studio\7.0\Mensagens\libudev_sigfox_edk.a(usb_device_udd.o)
                0x000115bc                udd_getaddress
 .text.udd_set_setup_payload
                0x000115d8       0x28 D:\nicol\Documents\Atmel Studio\7.0\Mensagens\libudev_sigfox_edk.a(usb_device_udd.o)
                0x000115d8                udd_set_setup_payload
 .text.udd_ctrl_fetch_ram
                0x00011600       0x6c D:\nicol\Documents\Atmel Studio\7.0\Mensagens\libudev_sigfox_edk.a(usb_device_udd.o)
 .text.udd_ctrl_send_zlp_in
                0x0001166c       0x44 D:\nicol\Documents\Atmel Studio\7.0\Mensagens\libudev_sigfox_edk.a(usb_device_udd.o)
 .text.udd_ctrl_in_sent
                0x000116b0       0xec D:\nicol\Documents\Atmel Studio\7.0\Mensagens\libudev_sigfox_edk.a(usb_device_udd.o)
 .text.udd_ctrl_out_received
                0x0001179c      0x154 D:\nicol\Documents\Atmel Studio\7.0\Mensagens\libudev_sigfox_edk.a(usb_device_udd.o)
 .text._usb_ep0_on_setup
                0x000118f0       0xe4 D:\nicol\Documents\Atmel Studio\7.0\Mensagens\libudev_sigfox_edk.a(usb_device_udd.o)
 .text.udd_ctrl_underflow
                0x000119d4       0x48 D:\nicol\Documents\Atmel Studio\7.0\Mensagens\libudev_sigfox_edk.a(usb_device_udd.o)
 .text.udd_ctrl_overflow
                0x00011a1c       0x48 D:\nicol\Documents\Atmel Studio\7.0\Mensagens\libudev_sigfox_edk.a(usb_device_udd.o)
 .text._usb_ep0_on_tansfer_fail
                0x00011a64       0x3c D:\nicol\Documents\Atmel Studio\7.0\Mensagens\libudev_sigfox_edk.a(usb_device_udd.o)
 .text._usb_ep0_on_tansfer_ok
                0x00011aa0       0x58 D:\nicol\Documents\Atmel Studio\7.0\Mensagens\libudev_sigfox_edk.a(usb_device_udd.o)
 .text.udd_ctrl_ep_enable
                0x00011af8       0xc0 D:\nicol\Documents\Atmel Studio\7.0\Mensagens\libudev_sigfox_edk.a(usb_device_udd.o)
 .text._usb_on_suspend
                0x00011bb8       0x44 D:\nicol\Documents\Atmel Studio\7.0\Mensagens\libudev_sigfox_edk.a(usb_device_udd.o)
 .text._usb_device_lpm_suspend
                0x00011bfc       0x74 D:\nicol\Documents\Atmel Studio\7.0\Mensagens\libudev_sigfox_edk.a(usb_device_udd.o)
 .text._usb_on_sof_notify
                0x00011c70       0x24 D:\nicol\Documents\Atmel Studio\7.0\Mensagens\libudev_sigfox_edk.a(usb_device_udd.o)
 .text._usb_on_bus_reset
                0x00011c94       0x34 D:\nicol\Documents\Atmel Studio\7.0\Mensagens\libudev_sigfox_edk.a(usb_device_udd.o)
 .text._usb_on_wakeup
                0x00011cc8       0x6c D:\nicol\Documents\Atmel Studio\7.0\Mensagens\libudev_sigfox_edk.a(usb_device_udd.o)
 .text.udd_attach
                0x00011d34       0xb0 D:\nicol\Documents\Atmel Studio\7.0\Mensagens\libudev_sigfox_edk.a(usb_device_udd.o)
                0x00011d34                udd_attach
 .text.udd_enable
                0x00011de4       0x78 D:\nicol\Documents\Atmel Studio\7.0\Mensagens\libudev_sigfox_edk.a(usb_device_udd.o)
                0x00011de4                udd_enable
 .text.system_gclk_chan_get_config_defaults
                0x00011e5c       0x16 D:\nicol\Documents\Atmel Studio\7.0\Mensagens\libudev_sigfox_edk.a(usb.o)
 *fill*         0x00011e72        0x2 
 .text.system_apb_clock_set_mask
                0x00011e74       0x5c D:\nicol\Documents\Atmel Studio\7.0\Mensagens\libudev_sigfox_edk.a(usb.o)
 .text.system_pinmux_get_config_defaults
                0x00011ed0       0x28 D:\nicol\Documents\Atmel Studio\7.0\Mensagens\libudev_sigfox_edk.a(usb.o)
 .text.system_interrupt_enable
                0x00011ef8       0x2c D:\nicol\Documents\Atmel Studio\7.0\Mensagens\libudev_sigfox_edk.a(usb.o)
 .text._usb_host_interrupt_handler
                0x00011f24      0x4dc D:\nicol\Documents\Atmel Studio\7.0\Mensagens\libudev_sigfox_edk.a(usb.o)
 .text.usb_device_register_callback
                0x00012400       0x50 D:\nicol\Documents\Atmel Studio\7.0\Mensagens\libudev_sigfox_edk.a(usb.o)
                0x00012400                usb_device_register_callback
 .text.usb_device_enable_callback
                0x00012450       0x5c D:\nicol\Documents\Atmel Studio\7.0\Mensagens\libudev_sigfox_edk.a(usb.o)
                0x00012450                usb_device_enable_callback
 .text.usb_device_disable_callback
                0x000124ac       0x54 D:\nicol\Documents\Atmel Studio\7.0\Mensagens\libudev_sigfox_edk.a(usb.o)
                0x000124ac                usb_device_disable_callback
 .text.usb_device_endpoint_register_callback
                0x00012500       0x80 D:\nicol\Documents\Atmel Studio\7.0\Mensagens\libudev_sigfox_edk.a(usb.o)
                0x00012500                usb_device_endpoint_register_callback
 .text.usb_device_endpoint_unregister_callback
                0x00012580       0x78 D:\nicol\Documents\Atmel Studio\7.0\Mensagens\libudev_sigfox_edk.a(usb.o)
                0x00012580                usb_device_endpoint_unregister_callback
 .text.usb_device_endpoint_enable_callback
                0x000125f8      0x19c D:\nicol\Documents\Atmel Studio\7.0\Mensagens\libudev_sigfox_edk.a(usb.o)
                0x000125f8                usb_device_endpoint_enable_callback
 .text.usb_device_endpoint_disable_callback
                0x00012794      0x1a4 D:\nicol\Documents\Atmel Studio\7.0\Mensagens\libudev_sigfox_edk.a(usb.o)
                0x00012794                usb_device_endpoint_disable_callback
 .text.usb_device_endpoint_get_config_defaults
                0x00012938       0x28 D:\nicol\Documents\Atmel Studio\7.0\Mensagens\libudev_sigfox_edk.a(usb.o)
                0x00012938                usb_device_endpoint_get_config_defaults
 .text.usb_device_endpoint_set_config
                0x00012960      0x4f8 D:\nicol\Documents\Atmel Studio\7.0\Mensagens\libudev_sigfox_edk.a(usb.o)
                0x00012960                usb_device_endpoint_set_config
 .text.usb_device_endpoint_abort_job
                0x00012e58       0x88 D:\nicol\Documents\Atmel Studio\7.0\Mensagens\libudev_sigfox_edk.a(usb.o)
                0x00012e58                usb_device_endpoint_abort_job
 .text.usb_device_endpoint_is_halted
                0x00012ee0       0x74 D:\nicol\Documents\Atmel Studio\7.0\Mensagens\libudev_sigfox_edk.a(usb.o)
                0x00012ee0                usb_device_endpoint_is_halted
 .text.usb_device_endpoint_set_halt
                0x00012f54       0x5c D:\nicol\Documents\Atmel Studio\7.0\Mensagens\libudev_sigfox_edk.a(usb.o)
                0x00012f54                usb_device_endpoint_set_halt
 .text.usb_device_endpoint_clear_halt
                0x00012fb0      0x12c D:\nicol\Documents\Atmel Studio\7.0\Mensagens\libudev_sigfox_edk.a(usb.o)
                0x00012fb0                usb_device_endpoint_clear_halt
 .text.usb_device_endpoint_write_buffer_job
                0x000130dc       0xb4 D:\nicol\Documents\Atmel Studio\7.0\Mensagens\libudev_sigfox_edk.a(usb.o)
                0x000130dc                usb_device_endpoint_write_buffer_job
 .text.usb_device_endpoint_read_buffer_job
                0x00013190       0xb0 D:\nicol\Documents\Atmel Studio\7.0\Mensagens\libudev_sigfox_edk.a(usb.o)
                0x00013190                usb_device_endpoint_read_buffer_job
 .text.usb_device_endpoint_setup_buffer_job
                0x00013240       0x48 D:\nicol\Documents\Atmel Studio\7.0\Mensagens\libudev_sigfox_edk.a(usb.o)
                0x00013240                usb_device_endpoint_setup_buffer_job
 .text._usb_device_interrupt_handler
                0x00013288      0x580 D:\nicol\Documents\Atmel Studio\7.0\Mensagens\libudev_sigfox_edk.a(usb.o)
 .text.usb_enable
                0x00013808       0x32 D:\nicol\Documents\Atmel Studio\7.0\Mensagens\libudev_sigfox_edk.a(usb.o)
                0x00013808                usb_enable
 *fill*         0x0001383a        0x2 
 .text.USB_Handler
                0x0001383c       0x34 D:\nicol\Documents\Atmel Studio\7.0\Mensagens\libudev_sigfox_edk.a(usb.o)
                0x0001383c                USB_Handler
 .text.usb_get_config_defaults
                0x00013870       0x28 D:\nicol\Documents\Atmel Studio\7.0\Mensagens\libudev_sigfox_edk.a(usb.o)
                0x00013870                usb_get_config_defaults
 .text.usb_init
                0x00013898      0x35c D:\nicol\Documents\Atmel Studio\7.0\Mensagens\libudev_sigfox_edk.a(usb.o)
                0x00013898                usb_init
 .text.nvm_get_config_defaults
                0x00013bf4       0x3c D:\nicol\Documents\Atmel Studio\7.0\Mensagens\libudev_sigfox_edk.a(eeprom.o)
 .text._eeprom_emulator_nvm_erase_row
                0x00013c30       0x48 D:\nicol\Documents\Atmel Studio\7.0\Mensagens\libudev_sigfox_edk.a(eeprom.o)
 .text._eeprom_emulator_nvm_fill_cache
                0x00013c78       0x50 D:\nicol\Documents\Atmel Studio\7.0\Mensagens\libudev_sigfox_edk.a(eeprom.o)
 .text._eeprom_emulator_nvm_commit_cache
                0x00013cc8       0x4c D:\nicol\Documents\Atmel Studio\7.0\Mensagens\libudev_sigfox_edk.a(eeprom.o)
 .text._eeprom_emulator_nvm_read_page
                0x00013d14       0x50 D:\nicol\Documents\Atmel Studio\7.0\Mensagens\libudev_sigfox_edk.a(eeprom.o)
 .text._eeprom_emulator_format_memory
                0x00013d64       0xec D:\nicol\Documents\Atmel Studio\7.0\Mensagens\libudev_sigfox_edk.a(eeprom.o)
 .text._eeprom_emulator_is_full_row
                0x00013e50       0x64 D:\nicol\Documents\Atmel Studio\7.0\Mensagens\libudev_sigfox_edk.a(eeprom.o)
 .text._eeprom_emulator_erase_invalid_page
                0x00013eb4       0x54 D:\nicol\Documents\Atmel Studio\7.0\Mensagens\libudev_sigfox_edk.a(eeprom.o)
 .text._eeprom_emulator_check_logical_page
                0x00013f08       0xcc D:\nicol\Documents\Atmel Studio\7.0\Mensagens\libudev_sigfox_edk.a(eeprom.o)
 .text._eeprom_emulator_update_page_mapping
                0x00013fd4      0x154 D:\nicol\Documents\Atmel Studio\7.0\Mensagens\libudev_sigfox_edk.a(eeprom.o)
 .text._eeprom_emulator_create_master_page
                0x00014128       0xc8 D:\nicol\Documents\Atmel Studio\7.0\Mensagens\libudev_sigfox_edk.a(eeprom.o)
 .text._eeprom_emulator_verify_master_page
                0x000141f0       0xa0 D:\nicol\Documents\Atmel Studio\7.0\Mensagens\libudev_sigfox_edk.a(eeprom.o)
 .text.eeprom_emulator_init
                0x00014290       0xe8 D:\nicol\Documents\Atmel Studio\7.0\Mensagens\libudev_sigfox_edk.a(eeprom.o)
                0x00014290                eeprom_emulator_init
 .text.eeprom_emulator_erase_memory
                0x00014378       0x24 D:\nicol\Documents\Atmel Studio\7.0\Mensagens\libudev_sigfox_edk.a(eeprom.o)
                0x00014378                eeprom_emulator_erase_memory
 .text.eeprom_emulator_read_page
                0x0001439c       0x9c D:\nicol\Documents\Atmel Studio\7.0\Mensagens\libudev_sigfox_edk.a(eeprom.o)
                0x0001439c                eeprom_emulator_read_page
 .text          0x00014438      0x114 d:/program files (x86)/atmel/studio/7.0/toolchain/arm/arm-gnu-toolchain/bin/../lib/gcc/arm-none-eabi/6.3.1/thumb/v6-m\libgcc.a(_udivsi3.o)
                0x00014438                __aeabi_uidiv
                0x00014438                __udivsi3
                0x00014544                __aeabi_uidivmod
 .text          0x0001454c      0x1d4 d:/program files (x86)/atmel/studio/7.0/toolchain/arm/arm-gnu-toolchain/bin/../lib/gcc/arm-none-eabi/6.3.1/thumb/v6-m\libgcc.a(_divsi3.o)
                0x0001454c                __divsi3
                0x0001454c                __aeabi_idiv
                0x00014718                __aeabi_idivmod
 .text          0x00014720        0x4 d:/program files (x86)/atmel/studio/7.0/toolchain/arm/arm-gnu-toolchain/bin/../lib/gcc/arm-none-eabi/6.3.1/thumb/v6-m\libgcc.a(_dvmd_tls.o)
                0x00014720                __aeabi_idiv0
                0x00014720                __aeabi_ldiv0
 .text          0x00014724       0x3c d:/program files (x86)/atmel/studio/7.0/toolchain/arm/arm-gnu-toolchain/bin/../lib/gcc/arm-none-eabi/6.3.1/thumb/v6-m\libgcc.a(_clzsi2.o)
                0x00014724                __clzsi2
 .text          0x00014760       0x40 d:/program files (x86)/atmel/studio/7.0/toolchain/arm/arm-gnu-toolchain/bin/../lib/gcc/arm-none-eabi/6.3.1/thumb/v6-m\libgcc.a(_ctzsi2.o)
                0x00014760                __ctzsi2
 .text          0x000147a0       0x40 d:/program files (x86)/atmel/studio/7.0/toolchain/arm/arm-gnu-toolchain/bin/../lib/gcc/arm-none-eabi/6.3.1/thumb/v6-m\libgcc.a(_aeabi_uldivmod.o)
                0x000147a0                __aeabi_uldivmod
 .text          0x000147e0       0x54 d:/program files (x86)/atmel/studio/7.0/toolchain/arm/arm-gnu-toolchain/bin/../lib/gcc/arm-none-eabi/6.3.1/thumb/v6-m\libgcc.a(_muldi3.o)
                0x000147e0                __muldi3
                0x000147e0                __aeabi_lmul
 .text          0x00014834      0x180 d:/program files (x86)/atmel/studio/7.0/toolchain/arm/arm-gnu-toolchain/bin/../lib/gcc/arm-none-eabi/6.3.1/thumb/v6-m\libgcc.a(_udivmoddi4.o)
                0x00014834                __udivmoddi4
 .text          0x000149b4      0x620 d:/program files (x86)/atmel/studio/7.0/toolchain/arm/arm-gnu-toolchain/bin/../lib/gcc/arm-none-eabi/6.3.1/thumb/v6-m\libgcc.a(adddf3.o)
                0x000149b4                __aeabi_dadd
 .text          0x00014fd4      0x668 d:/program files (x86)/atmel/studio/7.0/toolchain/arm/arm-gnu-toolchain/bin/../lib/gcc/arm-none-eabi/6.3.1/thumb/v6-m\libgcc.a(divdf3.o)
                0x00014fd4                __aeabi_ddiv
 .text          0x0001563c      0x500 d:/program files (x86)/atmel/studio/7.0/toolchain/arm/arm-gnu-toolchain/bin/../lib/gcc/arm-none-eabi/6.3.1/thumb/v6-m\libgcc.a(muldf3.o)
                0x0001563c                __aeabi_dmul
 .text          0x00015b3c      0x62c d:/program files (x86)/atmel/studio/7.0/toolchain/arm/arm-gnu-toolchain/bin/../lib/gcc/arm-none-eabi/6.3.1/thumb/v6-m\libgcc.a(subdf3.o)
                0x00015b3c                __aeabi_dsub
 .text          0x00016168       0x68 d:/program files (x86)/atmel/studio/7.0/toolchain/arm/arm-gnu-toolchain/bin/../lib/gcc/arm-none-eabi/6.3.1/thumb/v6-m\libgcc.a(fixdfsi.o)
                0x00016168                __aeabi_d2iz
 .text          0x000161d0       0x70 d:/program files (x86)/atmel/studio/7.0/toolchain/arm/arm-gnu-toolchain/bin/../lib/gcc/arm-none-eabi/6.3.1/thumb/v6-m\libgcc.a(floatunsidf.o)
                0x000161d0                __aeabi_ui2d
 .text          0x00016240       0x18 d:/program files (x86)/atmel/studio/7.0/toolchain/arm/arm-gnu-toolchain/bin/../lib/gcc/arm-none-eabi/6.3.1/thumb/v6-m\libgcc.a(_clzdi2.o)
                0x00016240                __clzdi2
 .text.__libc_init_array
                0x00016258       0x48 d:/program files (x86)/atmel/studio/7.0/toolchain/arm/arm-gnu-toolchain/bin/../lib/gcc/arm-none-eabi/6.3.1/../../../../arm-none-eabi/lib/thumb/v6-m\libc.a(lib_a-init.o)
                0x00016258                __libc_init_array
 .text.__itoa   0x000162a0       0x30 d:/program files (x86)/atmel/studio/7.0/toolchain/arm/arm-gnu-toolchain/bin/../lib/gcc/arm-none-eabi/6.3.1/../../../../arm-none-eabi/lib/thumb/v6-m\libc.a(lib_a-itoa.o)
                0x000162a0                __itoa
 .text.itoa     0x000162d0        0x8 d:/program files (x86)/atmel/studio/7.0/toolchain/arm/arm-gnu-toolchain/bin/../lib/gcc/arm-none-eabi/6.3.1/../../../../arm-none-eabi/lib/thumb/v6-m\libc.a(lib_a-itoa.o)
                0x000162d0                itoa
 .text.memcmp   0x000162d8       0x4c d:/program files (x86)/atmel/studio/7.0/toolchain/arm/arm-gnu-toolchain/bin/../lib/gcc/arm-none-eabi/6.3.1/../../../../arm-none-eabi/lib/thumb/v6-m\libc.a(lib_a-memcmp.o)
                0x000162d8                memcmp
 .text.memcpy   0x00016324       0x84 d:/program files (x86)/atmel/studio/7.0/toolchain/arm/arm-gnu-toolchain/bin/../lib/gcc/arm-none-eabi/6.3.1/../../../../arm-none-eabi/lib/thumb/v6-m\libc.a(lib_a-memcpy-stub.o)
                0x00016324                memcpy
 .text.memset   0x000163a8       0x94 d:/program files (x86)/atmel/studio/7.0/toolchain/arm/arm-gnu-toolchain/bin/../lib/gcc/arm-none-eabi/6.3.1/../../../../arm-none-eabi/lib/thumb/v6-m\libc.a(lib_a-memset.o)
                0x000163a8                memset
 .text.strcat   0x0001643c       0x4c d:/program files (x86)/atmel/studio/7.0/toolchain/arm/arm-gnu-toolchain/bin/../lib/gcc/arm-none-eabi/6.3.1/../../../../arm-none-eabi/lib/thumb/v6-m\libc.a(lib_a-strcat.o)
                0x0001643c                strcat
 .text.strcpy   0x00016488       0x10 d:/program files (x86)/atmel/studio/7.0/toolchain/arm/arm-gnu-toolchain/bin/../lib/gcc/arm-none-eabi/6.3.1/../../../../arm-none-eabi/lib/thumb/v6-m\libc.a(lib_a-strcpy.o)
                0x00016488                strcpy
 .text.strlen   0x00016498       0x64 d:/program files (x86)/atmel/studio/7.0/toolchain/arm/arm-gnu-toolchain/bin/../lib/gcc/arm-none-eabi/6.3.1/../../../../arm-none-eabi/lib/thumb/v6-m\libc.a(lib_a-strlen-stub.o)
                0x00016498                strlen
 .text.__utoa   0x000164fc       0x8c d:/program files (x86)/atmel/studio/7.0/toolchain/arm/arm-gnu-toolchain/bin/../lib/gcc/arm-none-eabi/6.3.1/../../../../arm-none-eabi/lib/thumb/v6-m\libc.a(lib_a-utoa.o)
                0x000164fc                __utoa
 .text.startup.register_fini
                0x00016588       0x18 d:/program files (x86)/atmel/studio/7.0/toolchain/arm/arm-gnu-toolchain/bin/../lib/gcc/arm-none-eabi/6.3.1/../../../../arm-none-eabi/lib/thumb/v6-m\libc.a(lib_a-__call_atexit.o)
 .text.atexit   0x000165a0       0x10 d:/program files (x86)/atmel/studio/7.0/toolchain/arm/arm-gnu-toolchain/bin/../lib/gcc/arm-none-eabi/6.3.1/../../../../arm-none-eabi/lib/thumb/v6-m\libc.a(lib_a-atexit.o)
                0x000165a0                atexit
 .text.__libc_fini_array
                0x000165b0       0x34 d:/program files (x86)/atmel/studio/7.0/toolchain/arm/arm-gnu-toolchain/bin/../lib/gcc/arm-none-eabi/6.3.1/../../../../arm-none-eabi/lib/thumb/v6-m\libc.a(lib_a-fini.o)
                0x000165b0                __libc_fini_array
 .text.__retarget_lock_acquire_recursive
                0x000165e4        0x4 d:/program files (x86)/atmel/studio/7.0/toolchain/arm/arm-gnu-toolchain/bin/../lib/gcc/arm-none-eabi/6.3.1/../../../../arm-none-eabi/lib/thumb/v6-m\libc.a(lib_a-lock.o)
                0x000165e4                __retarget_lock_acquire_recursive
 .text.__retarget_lock_release_recursive
                0x000165e8        0x4 d:/program files (x86)/atmel/studio/7.0/toolchain/arm/arm-gnu-toolchain/bin/../lib/gcc/arm-none-eabi/6.3.1/../../../../arm-none-eabi/lib/thumb/v6-m\libc.a(lib_a-lock.o)
                0x000165e8                __retarget_lock_release_recursive
 .text.__register_exitproc
                0x000165ec       0xf4 d:/program files (x86)/atmel/studio/7.0/toolchain/arm/arm-gnu-toolchain/bin/../lib/gcc/arm-none-eabi/6.3.1/../../../../arm-none-eabi/lib/thumb/v6-m\libc.a(lib_a-__atexit.o)
                0x000165ec                __register_exitproc
 *(.glue_7t)
 .glue_7t       0x000166e0        0x0 linker stubs
 *(.glue_7)
 .glue_7        0x000166e0        0x0 linker stubs
 *(.rodata .rodata* .gnu.linkonce.r.*)
 .rodata.str1.4
                0x000166e0       0xe7 main.o
                                 0xeb (size before relaxing)
 *fill*         0x000167c7        0x1 
 .rodata        0x000167c8       0x99 D:\nicol\Documents\Atmel Studio\7.0\Mensagens\libudev_sigfox_edk.a(radio.o)
 *fill*         0x00016861        0x3 
 .rodata        0x00016864       0x18 D:\nicol\Documents\Atmel Studio\7.0\Mensagens\libudev_sigfox_edk.a(sercom.o)
 .rodata        0x0001687c       0x16 D:\nicol\Documents\Atmel Studio\7.0\Mensagens\libudev_sigfox_edk.a(tc.o)
 *fill*         0x00016892        0x2 
 .rodata.ast_input_desc
                0x00016894       0x10 D:\nicol\Documents\Atmel Studio\7.0\Mensagens\libudev_sigfox_edk.a(port_input_digital.o)
                0x00016894                ast_input_desc
 .rodata.ast_input_states
                0x000168a4       0x20 D:\nicol\Documents\Atmel Studio\7.0\Mensagens\libudev_sigfox_edk.a(port_input_digital.o)
                0x000168a4                ast_input_states
 .rodata.au8_lib_key
                0x000168c4       0x10 D:\nicol\Documents\Atmel Studio\7.0\Mensagens\libudev_sigfox_edk.a(security.o)
 .rodata        0x000168d4       0x4f D:\nicol\Documents\Atmel Studio\7.0\Mensagens\libudev_sigfox_edk.a(comm.o)
 *fill*         0x00016923        0x1 
 .rodata        0x00016924        0x7 D:\nicol\Documents\Atmel Studio\7.0\Mensagens\libudev_sigfox_edk.a(udc.o)
 *fill*         0x0001692b        0x1 
 .rodata.udc_reqstd
                0x0001692c       0x28 D:\nicol\Documents\Atmel Studio\7.0\Mensagens\libudev_sigfox_edk.a(udc.o)
 .rodata.nvm_execute_command
                0x00016954      0x118 D:\nicol\Documents\Atmel Studio\7.0\Mensagens\libudev_sigfox_edk.a(nvm.o)
 .rodata.st_gpio_config